Archive member included to satisfy reference by file (symbol)

C:/Users/quila/.pico-sdk/toolchain/14_2_Rel1/bin/../lib/gcc/arm-none-eabi/14.2.1/thumb/v6-m/nofp\libgcc.a(_dvmd_tls.o)
                              CMakeFiles/Pico_W.dir/C_/Users/quila/.pico-sdk/sdk/2.1.0/src/rp2_common/pico_divider/divider_hardware.S.obj (__aeabi_idiv0)
C:/Users/quila/.pico-sdk/toolchain/14_2_Rel1/bin/../lib/gcc/arm-none-eabi/14.2.1/thumb/v6-m/nofp\libg.a(libc_a-calloc.o)
                              CMakeFiles/Pico_W.dir/C_/Users/quila/.pico-sdk/sdk/2.1.0/src/rp2_common/pico_malloc/malloc.c.obj (calloc)
C:/Users/quila/.pico-sdk/toolchain/14_2_Rel1/bin/../lib/gcc/arm-none-eabi/14.2.1/thumb/v6-m/nofp\libg.a(libc_a-callocr.o)
                              C:/Users/quila/.pico-sdk/toolchain/14_2_Rel1/bin/../lib/gcc/arm-none-eabi/14.2.1/thumb/v6-m/nofp\libg.a(libc_a-calloc.o) (_calloc_r)
C:/Users/quila/.pico-sdk/toolchain/14_2_Rel1/bin/../lib/gcc/arm-none-eabi/14.2.1/thumb/v6-m/nofp\libg.a(libc_a-malloc.o)
                              CMakeFiles/Pico_W.dir/C_/Users/quila/.pico-sdk/sdk/2.1.0/src/rp2_common/pico_malloc/malloc.c.obj (malloc)
C:/Users/quila/.pico-sdk/toolchain/14_2_Rel1/bin/../lib/gcc/arm-none-eabi/14.2.1/thumb/v6-m/nofp\libg.a(libc_a-mallocr.o)
                              C:/Users/quila/.pico-sdk/toolchain/14_2_Rel1/bin/../lib/gcc/arm-none-eabi/14.2.1/thumb/v6-m/nofp\libg.a(libc_a-callocr.o) (_malloc_r)
C:/Users/quila/.pico-sdk/toolchain/14_2_Rel1/bin/../lib/gcc/arm-none-eabi/14.2.1/thumb/v6-m/nofp\libg.a(libc_a-mlock.o)
                              C:/Users/quila/.pico-sdk/toolchain/14_2_Rel1/bin/../lib/gcc/arm-none-eabi/14.2.1/thumb/v6-m/nofp\libg.a(libc_a-mallocr.o) (__malloc_lock)
C:/Users/quila/.pico-sdk/toolchain/14_2_Rel1/bin/../lib/gcc/arm-none-eabi/14.2.1/thumb/v6-m/nofp\libg.a(libc_a-rand.o)
                              CMakeFiles/Pico_W.dir/src/speaker/speaker.cpp.obj (srand)
C:/Users/quila/.pico-sdk/toolchain/14_2_Rel1/bin/../lib/gcc/arm-none-eabi/14.2.1/thumb/v6-m/nofp\libg.a(libc_a-realloc.o)
                              CMakeFiles/Pico_W.dir/C_/Users/quila/.pico-sdk/sdk/2.1.0/src/rp2_common/pico_malloc/malloc.c.obj (realloc)
C:/Users/quila/.pico-sdk/toolchain/14_2_Rel1/bin/../lib/gcc/arm-none-eabi/14.2.1/thumb/v6-m/nofp\libg.a(libc_a-reallocr.o)
                              C:/Users/quila/.pico-sdk/toolchain/14_2_Rel1/bin/../lib/gcc/arm-none-eabi/14.2.1/thumb/v6-m/nofp\libg.a(libc_a-realloc.o) (_realloc_r)
C:/Users/quila/.pico-sdk/toolchain/14_2_Rel1/bin/../lib/gcc/arm-none-eabi/14.2.1/thumb/v6-m/nofp\libg.a(libc_a-memcmp.o)
                              CMakeFiles/Pico_W.dir/C_/Users/quila/.pico-sdk/sdk/2.1.0/src/rp2_common/pico_atomic/atomic.c.obj (memcmp)
C:/Users/quila/.pico-sdk/toolchain/14_2_Rel1/bin/../lib/gcc/arm-none-eabi/14.2.1/thumb/v6-m/nofp\libg.a(libc_a-memmove.o)
                              CMakeFiles/Pico_W.dir/C_/Users/quila/.pico-sdk/sdk/2.1.0/lib/cyw43-driver/src/cyw43_ll.c.obj (memmove)
C:/Users/quila/.pico-sdk/toolchain/14_2_Rel1/bin/../lib/gcc/arm-none-eabi/14.2.1/thumb/v6-m/nofp\libg.a(libc_a-strncmp.o)
                              CMakeFiles/Pico_W.dir/C_/Users/quila/.pico-sdk/sdk/2.1.0/lib/cyw43-driver/src/cyw43_ll.c.obj (strncmp)
C:/Users/quila/.pico-sdk/toolchain/14_2_Rel1/bin/../lib/gcc/arm-none-eabi/14.2.1/thumb/v6-m/nofp\libg.a(libc_a-lcltime_r.o)
                              CMakeFiles/Pico_W.dir/C_/Users/quila/.pico-sdk/sdk/2.1.0/src/common/pico_util/datetime.c.obj (localtime_r)
C:/Users/quila/.pico-sdk/toolchain/14_2_Rel1/bin/../lib/gcc/arm-none-eabi/14.2.1/thumb/v6-m/nofp\libg.a(libc_a-mktime.o)
                              CMakeFiles/Pico_W.dir/C_/Users/quila/.pico-sdk/sdk/2.1.0/src/common/pico_util/datetime.c.obj (mktime)
C:/Users/quila/.pico-sdk/toolchain/14_2_Rel1/bin/../lib/gcc/arm-none-eabi/14.2.1/thumb/v6-m/nofp\libg.a(libc_a-month_lengths.o)
                              C:/Users/quila/.pico-sdk/toolchain/14_2_Rel1/bin/../lib/gcc/arm-none-eabi/14.2.1/thumb/v6-m/nofp\libg.a(libc_a-lcltime_r.o) (__month_lengths)
C:/Users/quila/.pico-sdk/toolchain/14_2_Rel1/bin/../lib/gcc/arm-none-eabi/14.2.1/thumb/v6-m/nofp\libg.a(libc_a-time.o)
                              CMakeFiles/Pico_W.dir/src/speaker/speaker.cpp.obj (time)
C:/Users/quila/.pico-sdk/toolchain/14_2_Rel1/bin/../lib/gcc/arm-none-eabi/14.2.1/thumb/v6-m/nofp\libg.a(libc_a-tzcalc_limits.o)
                              C:/Users/quila/.pico-sdk/toolchain/14_2_Rel1/bin/../lib/gcc/arm-none-eabi/14.2.1/thumb/v6-m/nofp\libg.a(libc_a-lcltime_r.o) (__tzcalc_limits)
C:/Users/quila/.pico-sdk/toolchain/14_2_Rel1/bin/../lib/gcc/arm-none-eabi/14.2.1/thumb/v6-m/nofp\libg.a(libc_a-tzlock.o)
                              C:/Users/quila/.pico-sdk/toolchain/14_2_Rel1/bin/../lib/gcc/arm-none-eabi/14.2.1/thumb/v6-m/nofp\libg.a(libc_a-lcltime_r.o) (__tz_lock)
C:/Users/quila/.pico-sdk/toolchain/14_2_Rel1/bin/../lib/gcc/arm-none-eabi/14.2.1/thumb/v6-m/nofp\libg.a(libc_a-tzset.o)
[...]
Memory Configuration

Name             Origin             Length             Attributes
FLASH            0x10000000         0x00200000         xr
RAM              0x20000000         0x00040000         xrw
SCRATCH_X        0x20040000         0x00001000         xrw
SCRATCH_Y        0x20041000         0x00001000         xrw
*default*        0x00000000         0xffffffff

Linker script and memory map

LOAD C:/Users/quila/.pico-sdk/toolchain/14_2_Rel1/bin/../lib/gcc/arm-none-eabi/14.2.1/thumb/v6-m/nofp/crti.o
LOAD C:/Users/quila/.pico-sdk/toolchain/14_2_Rel1/bin/../lib/gcc/arm-none-eabi/14.2.1/thumb/v6-m/nofp/crtbegin.o
LOAD C:/Users/quila/.pico-sdk/toolchain/14_2_Rel1/bin/../lib/gcc/arm-none-eabi/14.2.1/thumb/v6-m/nofp/crt0.o

.flash_begin    0x10000000        0x0
                0x10000000                        __flash_binary_start = .

.boot2          0x10000000      0x100
                0x10000000                        __boot2_start__ = .
 *(.boot2)
 .boot2         0x10000000      0x100 pico-sdk/src/rp2040/boot_stage2/CMakeFiles/bs2_default_library.dir/./bs2_default_padded_checksummed.S.obj
                0x10000100                        __boot2_end__ = .
                0x00000001                        ASSERT (((__boot2_end__ - __boot2_start__) == 0x100), ERROR: Pico second stage bootloader must be 256 bytes in size)

.text           0x10000100     0xc3a4
                0x10000100                        __logical_binary_start = .
 *(.vectors)
 .vectors       0x10000100       0xd4 CMakeFiles/Pico_W.dir/C_/Users/quila/.pico-sdk/sdk/2.1.0/src/rp2_common/pico_crt0/crt0.S.obj
                0x10000100                __VECTOR_TABLE
                0x10000100                __vectors
                0x100001c0                isr_invalid
                0x100001c0                __default_isrs_start
                0x100001c2                isr_nmi
                0x100001c4                isr_hardfault
                0x100001c6                isr_svcall
                0x100001c8                isr_pendsv
                0x100001ca                isr_systick
                0x100001cc                isr_irq23
                0x100001cc                isr_irq18
                0x100001cc                isr_irq11
                0x100001cc                isr_irq28
                0x100001cc                isr_irq19
                0x100001cc                isr_irq0
                0x100001cc                isr_irq6
                0x100001cc                isr_irq5
                0x100001cc                isr_irq12
                0x100001cc                isr_irq22
                0x100001cc                isr_irq31
                0x100001cc                isr_irq17
                0x100001cc                isr_irq27
                0x100001cc                isr_irq30
                0x100001cc                isr_irq2
                0x100001cc                isr_irq10
                0x100001cc                isr_irq8
                0x100001cc                isr_irq24
                0x100001cc                isr_irq1
                0x100001cc                isr_irq7
                0x100001cc                isr_irq21
                0x100001cc                isr_irq20
                0x100001cc                isr_irq15
                0x100001cc                isr_irq25
                0x100001cc                isr_irq13
                0x100001cc                __unhandled_user_irq
                0x100001cc                isr_irq4
                0x100001cc                isr_irq16
                0x100001cc                isr_irq29
                0x100001cc                isr_irq26
                0x100001cc                __default_isrs_end
                0x100001cc                isr_irq3
                0x100001cc                isr_irq14
                0x100001cc                isr_irq9
                0x100001d2                unhandled_user_irq_num_in_r0
 *(.binary_info_header)
 .binary_info_header
                0x100001d4       0x14 CMakeFiles/Pico_W.dir/C_/Users/quila/.pico-sdk/sdk/2.1.0/src/rp2_common/pico_crt0/crt0.S.obj
                0x100001e8                        __binary_info_header_end = .
 *(.embedded_block)
                0x100001e8                        __embedded_block_end = .
 *(.reset)
 .reset         0x100001e8       0x9c CMakeFiles/Pico_W.dir/C_/Users/quila/.pico-sdk/sdk/2.1.0/src/rp2_common/pico_crt0/crt0.S.obj
                0x100001e8                _entry_point
 *(.init)
 .init          0x10000284        0x4 C:/Users/quila/.pico-sdk/toolchain/14_2_Rel1/bin/../lib/gcc/arm-none-eabi/14.2.1/thumb/v6-m/nofp/crti.o
                0x10000284                _init
 *(EXCLUDE_FILE(*libm.a: *libc.a:*lib_a-mem*.o *libgcc.a:) .text*)
 .text.register_tm_clones
                0x10000288       0x28 C:/Users/quila/.pico-sdk/toolchain/14_2_Rel1/bin/../lib/gcc/arm-none-eabi/14.2.1/thumb/v6-m/nofp/crtbegin.o
 .text.frame_dummy
                0x100002b0       0x24 C:/Users/quila/.pico-sdk/toolchain/14_2_Rel1/bin/../lib/gcc/arm-none-eabi/14.2.1/thumb/v6-m/nofp/crtbegin.o
 .text._Z8mic_corev
                0x100002d4        0x8 CMakeFiles/Pico_W.dir/src/main.cpp.obj
                0x100002d4                mic_core()
 .text._ZN9MainEvent13initialiseMCUEv
                0x100002dc       0x18 CMakeFiles/Pico_W.dir/src/main.cpp.obj
                0x100002dc                MainEvent::initialiseMCU()
 .text._ZN9MainEvent20onSongTimerDepletionEv
                0x100002f4        0x8 CMakeFiles/Pico_W.dir/src/main.cpp.obj
                0x100002f4                MainEvent::onSongTimerDepletion()
 .text.startup.main
                0x100002fc       0x98 CMakeFiles/Pico_W.dir/src/main.cpp.obj
                0x100002fc                main
 .text._ZN7Speaker8onUartRXEv
                0x10000394       0x50 CMakeFiles/Pico_W.dir/src/speaker/speaker.cpp.obj
                0x10000394                Speaker::onUartRX()
 .text._ZN7Speaker11sendCommandEhhh
                0x100003e4      0x120 CMakeFiles/Pico_W.dir/src/speaker/speaker.cpp.obj
                0x100003e4                Speaker::sendCommand(unsigned char, unsigned char, unsigned char)
 .text._ZN7Speaker10initialiseEh
                0x10000504       0x68 CMakeFiles/Pico_W.dir/src/speaker/speaker.cpp.obj
                0x10000504                Speaker::initialise(unsigned char)
 .text._ZN7Speaker8playSongEhh
                0x1000056c       0x28 CMakeFiles/Pico_W.dir/src/speaker/speaker.cpp.obj
                0x1000056c                Speaker::playSong(unsigned char, unsigned char)
 .text._ZN7Speaker8stopSongEv
                0x10000594       0x14 CMakeFiles/Pico_W.dir/src/speaker/speaker.cpp.obj
                0x10000594                Speaker::stopSong()
 .text._ZN5Timer16songTimerTriggerElPv
                0x100005a8        0xc CMakeFiles/Pico_W.dir/src/timers/timer.cpp.obj
                0x100005a8                Timer::songTimerTrigger(long, void*)
 .text._ZN5Timer14startSongTimerEv
                0x100005b4       0x58 CMakeFiles/Pico_W.dir/src/timers/timer.cpp.obj
                0x100005b4                Timer::startSongTimer()
 .text._ZN5Timer13stopSongTimerEv
                0x1000060c       0x18 CMakeFiles/Pico_W.dir/src/timers/timer.cpp.obj
                0x1000060c                Timer::stopSongTimer()
 .text._ZN7Command18runCommandFromByteEa
                0x10000624       0x48 CMakeFiles/Pico_W.dir/src/command/command.cpp.obj
                0x10000624                Command::runCommandFromByte(signed char)
 .text.on_analog_samples_ready
                0x1000066c       0x18 CMakeFiles/Pico_W.dir/src/microphone/microphone.c.obj
                0x1000066c                on_analog_samples_ready
 .text.on_usb_microphone_tx_ready
                0x10000684       0x10 CMakeFiles/Pico_W.dir/src/microphone/microphone.c.obj
                0x10000684                on_usb_microphone_tx_ready
 .text.microphone_setup
                0x10000694       0x38 CMakeFiles/Pico_W.dir/src/microphone/microphone.c.obj
                0x10000694                microphone_setup
 .text.tud_descriptor_device_cb
                0x100006cc        0x8 CMakeFiles/Pico_W.dir/src/microphone/usb_descriptors.c.obj
                0x100006cc                tud_descriptor_device_cb
 .text.tud_descriptor_configuration_cb
                0x100006d4        0x8 CMakeFiles/Pico_W.dir/src/microphone/usb_descriptors.c.obj
                0x100006d4                tud_descriptor_configuration_cb
 .text.tud_descriptor_string_cb
                0x100006dc       0x74 CMakeFiles/Pico_W.dir/src/microphone/usb_descriptors.c.obj
                0x100006dc                tud_descriptor_string_cb
 .text.usb_microphone_init
                0x10000750       0x34 CMakeFiles/Pico_W.dir/src/microphone/usb_microphone.c.obj
                0x10000750                usb_microphone_init
 .text.usb_microphone_set_tx_ready_handler
                0x10000784        0xc CMakeFiles/Pico_W.dir/src/microphone/usb_microphone.c.obj
                0x10000784                usb_microphone_set_tx_ready_handler
 .text.usb_microphone_write
                0x10000790       0x10 CMakeFiles/Pico_W.dir/src/microphone/usb_microphone.c.obj
                0x10000790                usb_microphone_write
 .text.usb_microphone_task
                0x100007a0       0x10 CMakeFiles/Pico_W.dir/src/microphone/usb_microphone.c.obj
                0x100007a0                usb_microphone_task
 .text.tud_audio_set_req_ep_cb
                0x100007b0        0x4 CMakeFiles/Pico_W.dir/src/microphone/usb_microphone.c.obj
                0x100007b0                tud_audio_set_req_ep_cb
 .text.tud_audio_set_req_itf_cb
                0x100007b4        0x4 CMakeFiles/Pico_W.dir/src/microphone/usb_microphone.c.obj
                0x100007b4                tud_audio_set_req_itf_cb
 .text.tud_audio_set_req_entity_cb
                0x100007b8       0x60 CMakeFiles/Pico_W.dir/src/microphone/usb_microphone.c.obj
                0x100007b8                tud_audio_set_req_entity_cb
 .text.tud_audio_get_req_ep_cb
                0x10000818        0x4 CMakeFiles/Pico_W.dir/src/microphone/usb_microphone.c.obj
                0x10000818                tud_audio_get_req_ep_cb
 .text.tud_audio_get_req_itf_cb
                0x1000081c        0x4 CMakeFiles/Pico_W.dir/src/microphone/usb_microphone.c.obj
                0x1000081c                tud_audio_get_req_itf_cb
 .text.tud_audio_get_req_entity_cb
                0x10000820       0xd0 CMakeFiles/Pico_W.dir/src/microphone/usb_microphone.c.obj
                0x10000820                tud_audio_get_req_entity_cb
 .text.tud_audio_tx_done_pre_load_cb
                0x100008f0       0x14 CMakeFiles/Pico_W.dir/src/microphone/usb_microphone.c.obj
                0x100008f0                tud_audio_tx_done_pre_load_cb
 .text.tud_audio_tx_done_post_load_cb
                0x10000904        0x4 CMakeFiles/Pico_W.dir/src/microphone/usb_microphone.c.obj
                0x10000904                tud_audio_tx_done_post_load_cb
 .text.tud_audio_set_itf_close_EP_cb
                0x10000908        0x4 CMakeFiles/Pico_W.dir/src/microphone/usb_microphone.c.obj
                0x10000908                tud_audio_set_itf_close_EP_cb
 .text.analog_dma_handler
                0x1000090c       0x70 CMakeFiles/Pico_W.dir/src/microphone/analog_microphone.c.obj
 .text.analog_microphone_deinit
                0x1000097c       0x38 CMakeFiles/Pico_W.dir/src/microphone/analog_microphone.c.obj
                0x1000097c                analog_microphone_deinit
 .text.analog_microphone_init
                0x100009b4      0x19c CMakeFiles/Pico_W.dir/src/microphone/analog_microphone.c.obj
                0x100009b4                analog_microphone_init
 .text.analog_microphone_start
                0x10000b50       0x70 CMakeFiles/Pico_W.dir/src/microphone/analog_microphone.c.obj
                0x10000b50                analog_microphone_start
 .text.analog_microphone_set_samples_ready_handler
                0x10000bc0        0xc CMakeFiles/Pico_W.dir/src/microphone/analog_microphone.c.obj
                0x10000bc0                analog_microphone_set_samples_ready_handler
 .text.analog_microphone_read
                0x10000bcc       0x4c CMakeFiles/Pico_W.dir/src/microphone/analog_microphone.c.obj
                0x10000bcc                analog_microphone_read
 .text.gpio_set_function
                0x10000c18       0x34 CMakeFiles/Pico_W.dir/C_/Users/quila/.pico-sdk/sdk/2.1.0/src/rp2_common/hardware_gpio/gpio.c.obj
                0x10000c18                gpio_set_function
 .text.gpio_set_pulls
                0x10000c4c       0x28 CMakeFiles/Pico_W.dir/C_/Users/quila/.pico-sdk/sdk/2.1.0/src/rp2_common/hardware_gpio/gpio.c.obj
                0x10000c4c                gpio_set_pulls
 .text.gpio_set_input_hysteresis_enabled
                0x10000c74       0x28 CMakeFiles/Pico_W.dir/C_/Users/quila/.pico-sdk/sdk/2.1.0/src/rp2_common/hardware_gpio/gpio.c.obj
                0x10000c74                gpio_set_input_hysteresis_enabled
 .text.gpio_set_irq_enabled
                0x10000c9c       0x58 CMakeFiles/Pico_W.dir/C_/Users/quila/.pico-sdk/sdk/2.1.0/src/rp2_common/hardware_gpio/gpio.c.obj
                0x10000c9c                gpio_set_irq_enabled
 .text.gpio_add_raw_irq_handler_with_order_priority_masked
                0x10000cf4       0x44 CMakeFiles/Pico_W.dir/C_/Users/quila/.pico-sdk/sdk/2.1.0/src/rp2_common/hardware_gpio/gpio.c.obj
                0x10000cf4                gpio_add_raw_irq_handler_with_order_priority_masked
 .text.gpio_remove_raw_irq_handler_masked
                0x10000d38       0x20 CMakeFiles/Pico_W.dir/C_/Users/quila/.pico-sdk/sdk/2.1.0/src/rp2_common/hardware_gpio/gpio.c.obj
                0x10000d38                gpio_remove_raw_irq_handler_masked
 .text.gpio_set_input_enabled
                0x10000d58       0x28 CMakeFiles/Pico_W.dir/C_/Users/quila/.pico-sdk/sdk/2.1.0/src/rp2_common/hardware_gpio/gpio.c.obj
                0x10000d58                gpio_set_input_enabled
 .text.gpio_init
                0x10000d80       0x40 CMakeFiles/Pico_W.dir/C_/Users/quila/.pico-sdk/sdk/2.1.0/src/rp2_common/hardware_gpio/gpio.c.obj
                0x10000d80                gpio_init
 .text.rp2040_chip_version
                0x10000dc0        0xc CMakeFiles/Pico_W.dir/C_/Users/quila/.pico-sdk/sdk/2.1.0/src/rp2040/pico_platform/platform.c.obj
                0x10000dc0                rp2040_chip_version
 .text.panic    0x10000dcc       0x30 CMakeFiles/Pico_W.dir/C_/Users/quila/.pico-sdk/sdk/2.1.0/src/rp2_common/pico_platform_panic/panic.c.obj
                0x10000dcc                panic
 .text.hw_claim_lock
                0x10000dfc       0x18 CMakeFiles/Pico_W.dir/C_/Users/quila/.pico-sdk/sdk/2.1.0/src/common/hardware_claim/claim.c.obj
                0x10000dfc                hw_claim_lock
 .text.hw_claim_unlock
                0x10000e14       0x14 CMakeFiles/Pico_W.dir/C_/Users/quila/.pico-sdk/sdk/2.1.0/src/common/hardware_claim/claim.c.obj
                0x10000e14                hw_claim_unlock
 .text.hw_claim_or_assert
                0x10000e28       0x44 CMakeFiles/Pico_W.dir/C_/Users/quila/.pico-sdk/sdk/2.1.0/src/common/hardware_claim/claim.c.obj
                0x10000e28                hw_claim_or_assert
 .text.hw_claim_unused_from_range
                0x10000e6c       0x88 CMakeFiles/Pico_W.dir/C_/Users/quila/.pico-sdk/sdk/2.1.0/src/common/hardware_claim/claim.c.obj
                0x10000e6c                hw_claim_unused_from_range
 .text.hw_claim_clear
                0x10000ef4       0x38 CMakeFiles/Pico_W.dir/C_/Users/quila/.pico-sdk/sdk/2.1.0/src/common/hardware_claim/claim.c.obj
                0x10000ef4                hw_claim_clear
 .text.next_striped_spin_lock_num
                0x10000f2c       0x18 CMakeFiles/Pico_W.dir/C_/Users/quila/.pico-sdk/sdk/2.1.0/src/rp2_common/hardware_sync/sync.c.obj
                0x10000f2c                next_striped_spin_lock_num
 .text.spin_lock_claim_unused
                0x10000f44       0x24 CMakeFiles/Pico_W.dir/C_/Users/quila/.pico-sdk/sdk/2.1.0/src/rp2_common/hardware_sync/sync.c.obj
                0x10000f44                spin_lock_claim_unused
 .text.spin_locks_reset
                0x10000f68       0x1c CMakeFiles/Pico_W.dir/C_/Users/quila/.pico-sdk/sdk/2.1.0/src/rp2_common/hardware_sync_spin_lock/sync_spin_lock.c.obj
                0x10000f68                spin_locks_reset
 .text.runtime_init_per_core_irq_priorities
                0x10000f84       0x24 CMakeFiles/Pico_W.dir/C_/Users/quila/.pico-sdk/sdk/2.1.0/src/rp2_common/hardware_irq/irq.c.obj
                0x10000f84                runtime_init_per_core_irq_priorities
 .text.irq_set_enabled
                0x10000fa8       0x24 CMakeFiles/Pico_W.dir/C_/Users/quila/.pico-sdk/sdk/2.1.0/src/rp2_common/hardware_irq/irq.c.obj
                0x10000fa8                irq_set_enabled
 .text.irq_is_enabled
                0x10000fcc       0x18 CMakeFiles/Pico_W.dir/C_/Users/quila/.pico-sdk/sdk/2.1.0/src/rp2_common/hardware_irq/irq.c.obj
                0x10000fcc                irq_is_enabled
 .text.irq_set_pending
                0x10000fe4       0x10 CMakeFiles/Pico_W.dir/C_/Users/quila/.pico-sdk/sdk/2.1.0/src/rp2_common/hardware_irq/irq.c.obj
                0x10000fe4                irq_set_pending
 .text.irq_set_exclusive_handler
                0x10000ff4       0x54 CMakeFiles/Pico_W.dir/C_/Users/quila/.pico-sdk/sdk/2.1.0/src/rp2_common/hardware_irq/irq.c.obj
                0x10000ff4                irq_set_exclusive_handler
 .text.irq_add_shared_handler
                0x10001048      0x1f4 CMakeFiles/Pico_W.dir/C_/Users/quila/.pico-sdk/sdk/2.1.0/src/rp2_common/hardware_irq/irq.c.obj
                0x10001048                irq_add_shared_handler
 .text.irq_remove_handler
                0x1000123c      0x1d4 CMakeFiles/Pico_W.dir/C_/Users/quila/.pico-sdk/sdk/2.1.0/src/rp2_common/hardware_irq/irq.c.obj
                0x1000123c                irq_remove_handler
 .text.irq_set_priority
                0x10001410       0x28 CMakeFiles/Pico_W.dir/C_/Users/quila/.pico-sdk/sdk/2.1.0/src/rp2_common/hardware_irq/irq.c.obj
                0x10001410                irq_set_priority
 .text.irq_add_tail_to_free_list
                0x10001438       0xb4 CMakeFiles/Pico_W.dir/C_/Users/quila/.pico-sdk/sdk/2.1.0/src/rp2_common/hardware_irq/irq.c.obj
                0x10001438                irq_add_tail_to_free_list
 .text.user_irq_unclaim
                0x100014ec       0x14 CMakeFiles/Pico_W.dir/C_/Users/quila/.pico-sdk/sdk/2.1.0/src/rp2_common/hardware_irq/irq.c.obj
                0x100014ec                user_irq_unclaim
 .text.user_irq_claim_unused
                0x10001500       0x2c CMakeFiles/Pico_W.dir/C_/Users/quila/.pico-sdk/sdk/2.1.0/src/rp2_common/hardware_irq/irq.c.obj
                0x10001500                user_irq_claim_unused
 .text.sem_init
                0x1000152c       0x20 CMakeFiles/Pico_W.dir/C_/Users/quila/.pico-sdk/sdk/2.1.0/src/common/pico_sync/sem.c.obj
                0x1000152c                sem_init
 .text.lock_init
                0x1000154c       0x10 CMakeFiles/Pico_W.dir/C_/Users/quila/.pico-sdk/sdk/2.1.0/src/common/pico_sync/lock_core.c.obj
                0x1000154c                lock_init
 .text.runtime_init_mutex
                0x1000155c       0x50 CMakeFiles/Pico_W.dir/C_/Users/quila/.pico-sdk/sdk/2.1.0/src/common/pico_sync/mutex.c.obj
                0x1000155c                runtime_init_mutex
 .text.mutex_init
                0x100015ac       0x1c CMakeFiles/Pico_W.dir/C_/Users/quila/.pico-sdk/sdk/2.1.0/src/common/pico_sync/mutex.c.obj
                0x100015ac                mutex_init
 .text.recursive_mutex_init
                0x100015c8       0x1c CMakeFiles/Pico_W.dir/C_/Users/quila/.pico-sdk/sdk/2.1.0/src/common/pico_sync/mutex.c.obj
                0x100015c8                recursive_mutex_init
 .text.critical_section_init
                0x100015e4       0x1c CMakeFiles/Pico_W.dir/C_/Users/quila/.pico-sdk/sdk/2.1.0/src/common/pico_sync/critical_section.c.obj
                0x100015e4                critical_section_init
 .text.sleep_until_callback
                0x10001600       0x30 CMakeFiles/Pico_W.dir/C_/Users/quila/.pico-sdk/sdk/2.1.0/src/common/pico_time/time.c.obj
 .text.alarm_pool_irq_handler
                0x10001630      0x2fc CMakeFiles/Pico_W.dir/C_/Users/quila/.pico-sdk/sdk/2.1.0/src/common/pico_time/time.c.obj
 .text.runtime_init_default_alarm_pool
                0x1000192c       0xdc CMakeFiles/Pico_W.dir/C_/Users/quila/.pico-sdk/sdk/2.1.0/src/common/pico_time/time.c.obj
                0x1000192c                runtime_init_default_alarm_pool
 .text.alarm_pool_get_default
                0x10001a08        0x8 CMakeFiles/Pico_W.dir/C_/Users/quila/.pico-sdk/sdk/2.1.0/src/common/pico_time/time.c.obj
                0x10001a08                alarm_pool_get_default
 .text.alarm_pool_create_on_timer_with_unused_hardware_alarm
                0x10001a10       0xa8 CMakeFiles/Pico_W.dir/C_/Users/quila/.pico-sdk/sdk/2.1.0/src/common/pico_time/time.c.obj
                0x10001a10                alarm_pool_create_on_timer_with_unused_hardware_alarm
 .text.alarm_pool_destroy
                0x10001ab8       0x58 CMakeFiles/Pico_W.dir/C_/Users/quila/.pico-sdk/sdk/2.1.0/src/common/pico_time/time.c.obj
                0x10001ab8                alarm_pool_destroy
 .text.alarm_pool_add_alarm_at
                0x10001b10       0xd0 CMakeFiles/Pico_W.dir/C_/Users/quila/.pico-sdk/sdk/2.1.0/src/common/pico_time/time.c.obj
                0x10001b10                alarm_pool_add_alarm_at
 .text.alarm_pool_add_alarm_at_force_in_context
                0x10001be0       0xb0 CMakeFiles/Pico_W.dir/C_/Users/quila/.pico-sdk/sdk/2.1.0/src/common/pico_time/time.c.obj
                0x10001be0                alarm_pool_add_alarm_at_force_in_context
 .text.alarm_pool_cancel_alarm
                0x10001c90       0x74 CMakeFiles/Pico_W.dir/C_/Users/quila/.pico-sdk/sdk/2.1.0/src/common/pico_time/time.c.obj
                0x10001c90                alarm_pool_cancel_alarm
 .text.alarm_pool_core_num
                0x10001d04        0x4 CMakeFiles/Pico_W.dir/C_/Users/quila/.pico-sdk/sdk/2.1.0/src/common/pico_time/time.c.obj
                0x10001d04                alarm_pool_core_num
 .text.sleep_until
                0x10001d08       0xd0 CMakeFiles/Pico_W.dir/C_/Users/quila/.pico-sdk/sdk/2.1.0/src/common/pico_time/time.c.obj
                0x10001d08                sleep_until
 .text.sleep_ms
                0x10001dd8       0xfc CMakeFiles/Pico_W.dir/C_/Users/quila/.pico-sdk/sdk/2.1.0/src/common/pico_time/time.c.obj
                0x10001dd8                sleep_ms
 .text.best_effort_wfe_or_timeout
                0x10001ed4       0xec CMakeFiles/Pico_W.dir/C_/Users/quila/.pico-sdk/sdk/2.1.0/src/common/pico_time/time.c.obj
                0x10001ed4                best_effort_wfe_or_timeout
 .text.alarm_pool_get_default_timer
                0x10001fc0        0x8 CMakeFiles/Pico_W.dir/C_/Users/quila/.pico-sdk/sdk/2.1.0/src/common/pico_time/time.c.obj
                0x10001fc0                alarm_pool_get_default_timer
 .text.timer_hardware_alarm_claim
                0x10001fc8       0x14 CMakeFiles/Pico_W.dir/C_/Users/quila/.pico-sdk/sdk/2.1.0/src/rp2_common/hardware_timer/timer.c.obj
                0x10001fc8                timer_hardware_alarm_claim
 .text.hardware_alarm_unclaim
                0x10001fdc       0x14 CMakeFiles/Pico_W.dir/C_/Users/quila/.pico-sdk/sdk/2.1.0/src/rp2_common/hardware_timer/timer.c.obj
                0x10001fdc                hardware_alarm_unclaim
 .text.timer_hardware_alarm_claim_unused
                0x10001ff0       0x20 CMakeFiles/Pico_W.dir/C_/Users/quila/.pico-sdk/sdk/2.1.0/src/rp2_common/hardware_timer/timer.c.obj
                0x10001ff0                timer_hardware_alarm_claim_unused
 .text.timer_time_us_64
                0x10002010       0x10 CMakeFiles/Pico_W.dir/C_/Users/quila/.pico-sdk/sdk/2.1.0/src/rp2_common/hardware_timer/timer.c.obj
                0x10002010                timer_time_us_64
 .text.time_us_64
                0x10002020       0x14 CMakeFiles/Pico_W.dir/C_/Users/quila/.pico-sdk/sdk/2.1.0/src/rp2_common/hardware_timer/timer.c.obj
                0x10002020                time_us_64
 .text.busy_wait_us
                0x10002034       0x68 CMakeFiles/Pico_W.dir/C_/Users/quila/.pico-sdk/sdk/2.1.0/src/rp2_common/hardware_timer/timer.c.obj
                0x10002034                busy_wait_us
 .text.busy_wait_until
                0x1000209c       0x20 CMakeFiles/Pico_W.dir/C_/Users/quila/.pico-sdk/sdk/2.1.0/src/rp2_common/hardware_timer/timer.c.obj
                0x1000209c                busy_wait_until
 .text.uart_init
                0x100020bc      0x120 CMakeFiles/Pico_W.dir/C_/Users/quila/.pico-sdk/sdk/2.1.0/src/rp2_common/hardware_uart/uart.c.obj
                0x100020bc                uart_init
 .text.clock_configure_int_divider
                0x100021dc       0xf4 CMakeFiles/Pico_W.dir/C_/Users/quila/.pico-sdk/sdk/2.1.0/src/rp2_common/hardware_clocks/clocks.c.obj
                0x100021dc                clock_configure_int_divider
 .text.clock_configure_undivided
                0x100022d0       0xe8 CMakeFiles/Pico_W.dir/C_/Users/quila/.pico-sdk/sdk/2.1.0/src/rp2_common/hardware_clocks/clocks.c.obj
                0x100022d0                clock_configure_undivided
 .text.clock_get_hz
                0x100023b8        0xc CMakeFiles/Pico_W.dir/C_/Users/quila/.pico-sdk/sdk/2.1.0/src/rp2_common/hardware_clocks/clocks.c.obj
                0x100023b8                clock_get_hz
 .text.pll_init
                0x100023c4       0xa4 CMakeFiles/Pico_W.dir/C_/Users/quila/.pico-sdk/sdk/2.1.0/src/rp2_common/hardware_pll/pll.c.obj
                0x100023c4                pll_init
 .text.tick_start
                0x10002468       0x10 CMakeFiles/Pico_W.dir/C_/Users/quila/.pico-sdk/sdk/2.1.0/src/rp2_common/hardware_ticks/ticks.c.obj
                0x10002468                tick_start
 .text.rom_func_lookup
                0x10002478       0x10 CMakeFiles/Pico_W.dir/C_/Users/quila/.pico-sdk/sdk/2.1.0/src/rp2_common/pico_bootrom/bootrom.c.obj
                0x10002478                rom_func_lookup
 .text.rom_data_lookup
                0x10002488       0x10 CMakeFiles/Pico_W.dir/C_/Users/quila/.pico-sdk/sdk/2.1.0/src/rp2_common/pico_bootrom/bootrom.c.obj
                0x10002488                rom_data_lookup
 .text.rom_funcs_lookup
                0x10002498       0x44 CMakeFiles/Pico_W.dir/C_/Users/quila/.pico-sdk/sdk/2.1.0/src/rp2_common/pico_bootrom/bootrom.c.obj
                0x10002498                rom_funcs_lookup
 .text.xosc_init
                0x100024dc       0x28 CMakeFiles/Pico_W.dir/C_/Users/quila/.pico-sdk/sdk/2.1.0/src/rp2_common/hardware_xosc/xosc.c.obj
                0x100024dc                xosc_init
 .text.first_per_core_initializer
                0x10002504        0x4 CMakeFiles/Pico_W.dir/C_/Users/quila/.pico-sdk/sdk/2.1.0/src/rp2_common/pico_runtime/runtime.c.obj
 .text.hard_assertion_failure
                0x10002508        0xc CMakeFiles/Pico_W.dir/C_/Users/quila/.pico-sdk/sdk/2.1.0/src/rp2_common/pico_runtime/runtime.c.obj
                0x10002508                hard_assertion_failure
 .text.runtime_run_initializers
                0x10002514       0x28 CMakeFiles/Pico_W.dir/C_/Users/quila/.pico-sdk/sdk/2.1.0/src/rp2_common/pico_runtime/runtime.c.obj
                0x10002514                runtime_run_initializers
 .text.runtime_run_per_core_initializers
                0x1000253c       0x28 CMakeFiles/Pico_W.dir/C_/Users/quila/.pico-sdk/sdk/2.1.0/src/rp2_common/pico_runtime/runtime.c.obj
                0x1000253c                runtime_run_per_core_initializers
 .text.runtime_init_early_resets
                0x10002564       0x2c CMakeFiles/Pico_W.dir/C_/Users/quila/.pico-sdk/sdk/2.1.0/src/rp2_common/pico_runtime_init/runtime_init.c.obj
                0x10002564                runtime_init_early_resets
 .text.runtime_init_usb_power_down
                0x10002590       0x1c CMakeFiles/Pico_W.dir/C_/Users/quila/.pico-sdk/sdk/2.1.0/src/rp2_common/pico_runtime_init/runtime_init.c.obj
                0x10002590                runtime_init_usb_power_down
 .text.runtime_init_post_clock_resets
                0x100025ac       0x20 CMakeFiles/Pico_W.dir/C_/Users/quila/.pico-sdk/sdk/2.1.0/src/rp2_common/pico_runtime_init/runtime_init.c.obj
                0x100025ac                runtime_init_post_clock_resets
 .text.runtime_init_rp2040_gpio_ie_disable
                0x100025cc       0x14 CMakeFiles/Pico_W.dir/C_/Users/quila/.pico-sdk/sdk/2.1.0/src/rp2_common/pico_runtime_init/runtime_init.c.obj
                0x100025cc                runtime_init_rp2040_gpio_ie_disable
 .text.runtime_init_spin_locks_reset
                0x100025e0        0x8 CMakeFiles/Pico_W.dir/C_/Users/quila/.pico-sdk/sdk/2.1.0/src/rp2_common/pico_runtime_init/runtime_init.c.obj
                0x100025e0                runtime_init_spin_locks_reset
 .text.runtime_init_install_ram_vector_table
                0x100025e8       0x1c CMakeFiles/Pico_W.dir/C_/Users/quila/.pico-sdk/sdk/2.1.0/src/rp2_common/pico_runtime_init/runtime_init.c.obj
                0x100025e8                runtime_init_install_ram_vector_table
 .text.runtime_init_clocks
                0x10002604       0xd8 CMakeFiles/Pico_W.dir/C_/Users/quila/.pico-sdk/sdk/2.1.0/src/rp2_common/pico_runtime_init/runtime_init_clocks.c.obj
                0x10002604                runtime_init_clocks
 .text          0x100026dc       0x10 CMakeFiles/Pico_W.dir/C_/Users/quila/.pico-sdk/sdk/2.1.0/src/rp2_common/pico_bit_ops/bit_ops_aeabi.S.obj
 .text.ctzsi    0x100026ec        0xc CMakeFiles/Pico_W.dir/C_/Users/quila/.pico-sdk/sdk/2.1.0/src/rp2_common/pico_bit_ops/bit_ops_aeabi.S.obj
                0x100026ec                __wrap___ctzsi2
 .text.__wrap___aeabi_idiv
                0x100026f8       0x50 CMakeFiles/Pico_W.dir/C_/Users/quila/.pico-sdk/sdk/2.1.0/src/rp2_common/pico_divider/divider_hardware.S.obj
                0x100026f8                __wrap___aeabi_idivmod
                0x100026f8                divmod_s32s32
                0x100026f8                div_s32s32
                0x100026f8                __wrap___aeabi_idiv
                0x10002700                divmod_s32s32_unsafe
                0x1000272c                divmod_s32s32_savestate
 .text.__wrap___aeabi_uidiv
                0x10002748       0x4c CMakeFiles/Pico_W.dir/C_/Users/quila/.pico-sdk/sdk/2.1.0/src/rp2_common/pico_divider/divider_hardware.S.obj
                0x10002748                __wrap___aeabi_uidiv
                0x10002748                __wrap___aeabi_uidivmod
                0x10002748                div_u32u32
                0x10002748                divmod_u32u32
                0x10002750                divmod_u32u32_unsafe
                0x10002778                divmod_u32u32_savestate
 .text.__wrap___aeabi_ldiv
                0x10002794      0x424 CMakeFiles/Pico_W.dir/C_/Users/quila/.pico-sdk/sdk/2.1.0/src/rp2_common/pico_divider/divider_hardware.S.obj
                0x10002794                div_s64s64
                0x10002794                divmod_s64s64
                0x10002794                __wrap___aeabi_ldivmod
                0x100027c4                divmod_u64u64
                0x100027c4                div_u64u64
                0x100027c4                __wrap___aeabi_uldivmod
                0x100027d4                divmod_u64u64_savestate
                0x100027f4                divmod_s64s64_unsafe
                0x1000287c                divmod_u64u64_unsafe
 .text.__wrap___aeabi_darithmetic
                0x10002bb8       0x60 CMakeFiles/Pico_W.dir/C_/Users/quila/.pico-sdk/sdk/2.1.0/src/rp2_common/pico_double/double_aeabi_rp2040.S.obj
                0x10002bb8                __wrap___aeabi_drsub
                0x10002bbe                __wrap___aeabi_dsub
                0x10002bc8                __wrap___aeabi_dadd
                0x10002bd2                __wrap___aeabi_ddiv
                0x10002c06                __wrap___aeabi_dmul
 .text.__wrap___aeabi_cdcmple
                0x10002c18       0x6c CMakeFiles/Pico_W.dir/C_/Users/quila/.pico-sdk/sdk/2.1.0/src/rp2_common/pico_double/double_aeabi_rp2040.S.obj
                0x10002c18                __wrap___aeabi_cdrcmple
                0x10002c28                __wrap___aeabi_cdcmpeq
                0x10002c28                __wrap___aeabi_cdcmple
 .text.__wrap___aeabi_dcmplt
                0x10002c84        0xc CMakeFiles/Pico_W.dir/C_/Users/quila/.pico-sdk/sdk/2.1.0/src/rp2_common/pico_double/double_aeabi_rp2040.S.obj
                0x10002c84                __wrap___aeabi_dcmplt
 .text.__wrap___aeabi_dcmple
                0x10002c90       0x10 CMakeFiles/Pico_W.dir/C_/Users/quila/.pico-sdk/sdk/2.1.0/src/rp2_common/pico_double/double_aeabi_rp2040.S.obj
                0x10002c90                __wrap___aeabi_dcmple
 .text.__wrap___aeabi_dcmpge
                0x10002ca0       0x10 CMakeFiles/Pico_W.dir/C_/Users/quila/.pico-sdk/sdk/2.1.0/src/rp2_common/pico_double/double_aeabi_rp2040.S.obj
                0x10002ca0                __wrap___aeabi_dcmpge
 .text.__wrap___aeabi_dcmpgt
                0x10002cb0        0xa CMakeFiles/Pico_W.dir/C_/Users/quila/.pico-sdk/sdk/2.1.0/src/rp2_common/pico_double/double_aeabi_rp2040.S.obj
                0x10002cb0                __wrap___aeabi_dcmpgt
 .text.__wrap___aeabi_dcmpun
                0x10002cba       0x18 CMakeFiles/Pico_W.dir/C_/Users/quila/.pico-sdk/sdk/2.1.0/src/rp2_common/pico_double/double_aeabi_rp2040.S.obj
                0x10002cba                __wrap___aeabi_dcmpun
 *fill*         0x10002cd2        0x2 
 .text.__wrap___aeabi_i2d
                0x10002cd4       0x38 CMakeFiles/Pico_W.dir/C_/Users/quila/.pico-sdk/sdk/2.1.0/src/rp2_common/pico_double/double_aeabi_rp2040.S.obj
                0x10002cd4                __wrap___aeabi_ui2d
                0x10002cdc                __wrap___aeabi_i2d
 .text.__wrap___aeabi_d2iz
                0x10002d0c       0x48 CMakeFiles/Pico_W.dir/C_/Users/quila/.pico-sdk/sdk/2.1.0/src/rp2_common/pico_double/double_aeabi_rp2040.S.obj
                0x10002d0c                double2int_z
                0x10002d0c                __wrap___aeabi_d2iz
 .text.__wrap___aeabi_d2uiz
                0x10002d54       0x10 CMakeFiles/Pico_W.dir/C_/Users/quila/.pico-sdk/sdk/2.1.0/src/rp2_common/pico_double/double_aeabi_rp2040.S.obj
                0x10002d54                __wrap___aeabi_d2uiz
                0x10002d54                double2uint
 .text.__wrap___aeabi_d2f
                0x10002d64       0x10 CMakeFiles/Pico_W.dir/C_/Users/quila/.pico-sdk/sdk/2.1.0/src/rp2_common/pico_double/double_aeabi_rp2040.S.obj
                0x10002d64                __wrap___aeabi_d2f
 .text.missing_double_func_shim
                0x10002d74        0xc CMakeFiles/Pico_W.dir/C_/Users/quila/.pico-sdk/sdk/2.1.0/src/rp2_common/pico_double/double_init_rom_rp2040.c.obj
 .text.__aeabi_double_init
                0x10002d80       0xa0 CMakeFiles/Pico_W.dir/C_/Users/quila/.pico-sdk/sdk/2.1.0/src/rp2_common/pico_double/double_init_rom_rp2040.c.obj
                0x10002d80                __aeabi_double_init
 .text.double_table_shim_on_use_helper
                0x10002e20       0x2c CMakeFiles/Pico_W.dir/C_/Users/quila/.pico-sdk/sdk/2.1.0/src/rp2_common/pico_double/double_v1_rom_shim_rp2040.S.obj
                0x10002e20                double_table_shim_on_use_helper
 .text.__aeabi_lmul
                0x10002e4c       0x32 CMakeFiles/Pico_W.dir/C_/Users/quila/.pico-sdk/sdk/2.1.0/src/rp2_common/pico_int64_ops/pico_int64_ops_aeabi.S.obj
                0x10002e4c                __wrap___aeabi_lmul
 *fill*         0x10002e7e        0x2 
 .text.__wrap___aeabi_farithmetic
                0x10002e80       0x48 CMakeFiles/Pico_W.dir/C_/Users/quila/.pico-sdk/sdk/2.1.0/src/rp2_common/pico_float/float_aeabi_rp2040.S.obj
                0x10002e80                __wrap___aeabi_frsub
                0x10002e86                __wrap___aeabi_fsub
                0x10002e8c                __wrap___aeabi_fadd
                0x10002e92                __wrap___aeabi_fdiv
                0x10002eba                __wrap___aeabi_fmul
 .text.__wrap___aeabi_f2uiz
                0x10002ec8        0xc CMakeFiles/Pico_W.dir/C_/Users/quila/.pico-sdk/sdk/2.1.0/src/rp2_common/pico_float/float_aeabi_rp2040.S.obj
                0x10002ec8                __wrap___aeabi_f2uiz
                0x10002ec8                float2uint_z
 .text.__wrap___aeabi_f2d
                0x10002ed4        0xc CMakeFiles/Pico_W.dir/C_/Users/quila/.pico-sdk/sdk/2.1.0/src/rp2_common/pico_float/float_aeabi_rp2040.S.obj
                0x10002ed4                __wrap___aeabi_f2d
 .text.missing_float_func_shim
                0x10002ee0        0xc CMakeFiles/Pico_W.dir/C_/Users/quila/.pico-sdk/sdk/2.1.0/src/rp2_common/pico_float/float_init_rom_rp2040.c.obj
 .text.__aeabi_float_init
                0x10002eec       0x5c CMakeFiles/Pico_W.dir/C_/Users/quila/.pico-sdk/sdk/2.1.0/src/rp2_common/pico_float/float_init_rom_rp2040.c.obj
                0x10002eec                __aeabi_float_init
 .text.__wrap_malloc
                0x10002f48       0x3c CMakeFiles/Pico_W.dir/C_/Users/quila/.pico-sdk/sdk/2.1.0/src/rp2_common/pico_malloc/malloc.c.obj
                0x10002f48                __wrap_malloc
 .text.__wrap_calloc
                0x10002f84       0x44 CMakeFiles/Pico_W.dir/C_/Users/quila/.pico-sdk/sdk/2.1.0/src/rp2_common/pico_malloc/malloc.c.obj
                0x10002f84                __wrap_calloc
 .text.__wrap_free
                0x10002fc8       0x20 CMakeFiles/Pico_W.dir/C_/Users/quila/.pico-sdk/sdk/2.1.0/src/rp2_common/pico_malloc/malloc.c.obj
                0x10002fc8                __wrap_free
 .text          0x10002fe8       0x10 CMakeFiles/Pico_W.dir/C_/Users/quila/.pico-sdk/sdk/2.1.0/src/rp2_common/pico_mem_ops/mem_ops_aeabi.S.obj
                0x10002fe8                __aeabi_mem_init
 .text.memset   0x10002ff8        0xc CMakeFiles/Pico_W.dir/C_/Users/quila/.pico-sdk/sdk/2.1.0/src/rp2_common/pico_mem_ops/mem_ops_aeabi.S.obj
                0x10002ff8                __wrap_memset
 .text.memcpy   0x10003004        0xc CMakeFiles/Pico_W.dir/C_/Users/quila/.pico-sdk/sdk/2.1.0/src/rp2_common/pico_mem_ops/mem_ops_aeabi.S.obj
                0x10003004                __wrap_memcpy
                0x10003004                __wrap___aeabi_memcpy
 .text._out_null
                0x10003010        0x4 CMakeFiles/Pico_W.dir/C_/Users/quila/.pico-sdk/sdk/2.1.0/src/rp2_common/pico_printf/printf.c.obj
 .text._out_rev
                0x10003014       0xac CMakeFiles/Pico_W.dir/C_/Users/quila/.pico-sdk/sdk/2.1.0/src/rp2_common/pico_printf/printf.c.obj
 .text._ntoa_format
                0x100030c0      0x1cc CMakeFiles/Pico_W.dir/C_/Users/quila/.pico-sdk/sdk/2.1.0/src/rp2_common/pico_printf/printf.c.obj
 .text._out_char
                0x1000328c       0x10 CMakeFiles/Pico_W.dir/C_/Users/quila/.pico-sdk/sdk/2.1.0/src/rp2_common/pico_printf/printf.c.obj
 .text._out_fct
                0x1000329c       0x10 CMakeFiles/Pico_W.dir/C_/Users/quila/.pico-sdk/sdk/2.1.0/src/rp2_common/pico_printf/printf.c.obj
 .text._ftoa    0x100032ac      0x4a8 CMakeFiles/Pico_W.dir/C_/Users/quila/.pico-sdk/sdk/2.1.0/src/rp2_common/pico_printf/printf.c.obj
 .text._etoa    0x10003754      0x57c CMakeFiles/Pico_W.dir/C_/Users/quila/.pico-sdk/sdk/2.1.0/src/rp2_common/pico_printf/printf.c.obj
 .text._vsnprintf
                0x10003cd0      0xbe0 CMakeFiles/Pico_W.dir/C_/Users/quila/.pico-sdk/sdk/2.1.0/src/rp2_common/pico_printf/printf.c.obj
 .text.vfctprintf
                0x100048b0       0x24 CMakeFiles/Pico_W.dir/C_/Users/quila/.pico-sdk/sdk/2.1.0/src/rp2_common/pico_printf/printf.c.obj
                0x100048b0                vfctprintf
 .text.weak_raw_vprintf
                0x100048d4       0x30 CMakeFiles/Pico_W.dir/C_/Users/quila/.pico-sdk/sdk/2.1.0/src/rp2_common/pico_printf/printf.c.obj
                0x100048d4                weak_raw_vprintf
 .text._exit    0x10004904        0x4 CMakeFiles/Pico_W.dir/C_/Users/quila/.pico-sdk/sdk/2.1.0/src/rp2_common/pico_clib_interface/newlib_interface.c.obj
                0x10004904                _exit
 .text._sbrk    0x10004908       0x34 CMakeFiles/Pico_W.dir/C_/Users/quila/.pico-sdk/sdk/2.1.0/src/rp2_common/pico_clib_interface/newlib_interface.c.obj
                0x10004908                _sbrk
 .text._gettimeofday
                0x1000493c       0x30 CMakeFiles/Pico_W.dir/C_/Users/quila/.pico-sdk/sdk/2.1.0/src/rp2_common/pico_clib_interface/newlib_interface.c.obj
                0x1000493c                _gettimeofday
 .text.exit     0x1000496c        0x8 CMakeFiles/Pico_W.dir/C_/Users/quila/.pico-sdk/sdk/2.1.0/src/rp2_common/pico_clib_interface/newlib_interface.c.obj
                0x1000496c                exit
 .text.runtime_init
                0x10004974       0x2c CMakeFiles/Pico_W.dir/C_/Users/quila/.pico-sdk/sdk/2.1.0/src/rp2_common/pico_clib_interface/newlib_interface.c.obj
                0x10004974                runtime_init
 .text.stdio_out_chars_no_crlf
                0x100049a0       0x10 CMakeFiles/Pico_W.dir/C_/Users/quila/.pico-sdk/sdk/2.1.0/src/rp2_common/pico_stdio/stdio.c.obj
 .text.stdio_out_chars_crlf
                0x100049b0       0xb0 CMakeFiles/Pico_W.dir/C_/Users/quila/.pico-sdk/sdk/2.1.0/src/rp2_common/pico_stdio/stdio.c.obj
 .text.stdio_buffered_printer
                0x10004a60       0x64 CMakeFiles/Pico_W.dir/C_/Users/quila/.pico-sdk/sdk/2.1.0/src/rp2_common/pico_stdio/stdio.c.obj
 .text.stdio_put_string
                0x10004ac4       0xfc CMakeFiles/Pico_W.dir/C_/Users/quila/.pico-sdk/sdk/2.1.0/src/rp2_common/pico_stdio/stdio.c.obj
                0x10004ac4                stdio_put_string
 .text.stdio_set_driver_enabled
                0x10004bc0       0x30 CMakeFiles/Pico_W.dir/C_/Users/quila/.pico-sdk/sdk/2.1.0/src/rp2_common/pico_stdio/stdio.c.obj
                0x10004bc0                stdio_set_driver_enabled
 .text.stdio_init_all
                0x10004bf0        0x8 CMakeFiles/Pico_W.dir/C_/Users/quila/.pico-sdk/sdk/2.1.0/src/rp2_common/pico_stdio/stdio.c.obj
                0x10004bf0                stdio_init_all
 .text.stdio_getchar_timeout_us
                0x10004bf8       0x98 CMakeFiles/Pico_W.dir/C_/Users/quila/.pico-sdk/sdk/2.1.0/src/rp2_common/pico_stdio/stdio.c.obj
                0x10004bf8                stdio_getchar_timeout_us
 .text.__wrap_putchar
                0x10004c90       0x94 CMakeFiles/Pico_W.dir/C_/Users/quila/.pico-sdk/sdk/2.1.0/src/rp2_common/pico_stdio/stdio.c.obj
                0x10004c90                __wrap_putchar
                0x10004c90                stdio_putchar
 .text.__wrap_puts
                0x10004d24       0x3c CMakeFiles/Pico_W.dir/C_/Users/quila/.pico-sdk/sdk/2.1.0/src/rp2_common/pico_stdio/stdio.c.obj
                0x10004d24                stdio_puts
                0x10004d24                __wrap_puts
 .text.__wrap_vprintf
                0x10004d60       0xcc CMakeFiles/Pico_W.dir/C_/Users/quila/.pico-sdk/sdk/2.1.0/src/rp2_common/pico_stdio/stdio.c.obj
                0x10004d60                stdio_vprintf
                0x10004d60                __wrap_vprintf
 .text.__wrap_printf
                0x10004e2c       0x18 CMakeFiles/Pico_W.dir/C_/Users/quila/.pico-sdk/sdk/2.1.0/src/rp2_common/pico_stdio/stdio.c.obj
                0x10004e2c                __wrap_printf
                0x10004e2c                stdio_printf
 .text.stdio_usb_set_chars_available_callback
                0x10004e44        0x4 CMakeFiles/Pico_W.dir/C_/Users/quila/.pico-sdk/sdk/2.1.0/src/rp2_common/pico_stdio_usb/stdio_usb.c.obj
                0x10004e44                stdio_usb_set_chars_available_callback
 .text.stdio_usb_in_chars
                0x10004e48       0x8c CMakeFiles/Pico_W.dir/C_/Users/quila/.pico-sdk/sdk/2.1.0/src/rp2_common/pico_stdio_usb/stdio_usb.c.obj
                0x10004e48                stdio_usb_in_chars
 .text.stdio_usb_out_flush
                0x10004ed4       0x4c CMakeFiles/Pico_W.dir/C_/Users/quila/.pico-sdk/sdk/2.1.0/src/rp2_common/pico_stdio_usb/stdio_usb.c.obj
 .text.stdio_usb_out_chars
                0x10004f20      0x100 CMakeFiles/Pico_W.dir/C_/Users/quila/.pico-sdk/sdk/2.1.0/src/rp2_common/pico_stdio_usb/stdio_usb.c.obj
 .text.stdio_usb_init
                0x10005020       0x44 CMakeFiles/Pico_W.dir/C_/Users/quila/.pico-sdk/sdk/2.1.0/src/rp2_common/pico_stdio_usb/stdio_usb.c.obj
                0x10005020                stdio_usb_init
 .text.startup._retrieve_unique_id_on_boot
                0x10005064       0x10 CMakeFiles/Pico_W.dir/C_/Users/quila/.pico-sdk/sdk/2.1.0/src/rp2_common/pico_unique_id/unique_id.c.obj
 .text.pico_get_unique_board_id
                0x10005074       0x10 CMakeFiles/Pico_W.dir/C_/Users/quila/.pico-sdk/sdk/2.1.0/src/rp2_common/pico_unique_id/unique_id.c.obj
                0x10005074                pico_get_unique_board_id
 .text.flash_get_unique_id
                0x10005084       0x3c CMakeFiles/Pico_W.dir/C_/Users/quila/.pico-sdk/sdk/2.1.0/src/rp2_common/hardware_flash/flash.c.obj
                0x10005084                flash_get_unique_id
 .text.dcd_init
                0x100050c0       0x8c CMakeFiles/Pico_W.dir/C_/Users/quila/.pico-sdk/sdk/2.1.0/lib/tinyusb/src/portable/raspberrypi/rp2040/dcd_rp2040.c.obj
                0x100050c0                dcd_init
 .text.dcd_int_enable
                0x1000514c        0xc CMakeFiles/Pico_W.dir/C_/Users/quila/.pico-sdk/sdk/2.1.0/lib/tinyusb/src/portable/raspberrypi/rp2040/dcd_rp2040.c.obj
                0x1000514c                dcd_int_enable
 .text.dcd_set_address
                0x10005158       0x14 CMakeFiles/Pico_W.dir/C_/Users/quila/.pico-sdk/sdk/2.1.0/lib/tinyusb/src/portable/raspberrypi/rp2040/dcd_rp2040.c.obj
                0x10005158                dcd_set_address
 .text.dcd_sof_enable
                0x1000516c       0x1c CMakeFiles/Pico_W.dir/C_/Users/quila/.pico-sdk/sdk/2.1.0/lib/tinyusb/src/portable/raspberrypi/rp2040/dcd_rp2040.c.obj
                0x1000516c                dcd_sof_enable
 .text.dcd_edpt0_status_complete
                0x10005188       0x1c CMakeFiles/Pico_W.dir/C_/Users/quila/.pico-sdk/sdk/2.1.0/lib/tinyusb/src/portable/raspberrypi/rp2040/dcd_rp2040.c.obj
                0x10005188                dcd_edpt0_status_complete
 .text.dcd_edpt_open
                0x100051a4      0x108 CMakeFiles/Pico_W.dir/C_/Users/quila/.pico-sdk/sdk/2.1.0/lib/tinyusb/src/portable/raspberrypi/rp2040/dcd_rp2040.c.obj
                0x100051a4                dcd_edpt_open
 .text.dcd_edpt_close_all
                0x100052ac        0x8 CMakeFiles/Pico_W.dir/C_/Users/quila/.pico-sdk/sdk/2.1.0/lib/tinyusb/src/portable/raspberrypi/rp2040/dcd_rp2040.c.obj
                0x100052ac                dcd_edpt_close_all
 .text.dcd_edpt_xfer
                0x100052b4       0x24 CMakeFiles/Pico_W.dir/C_/Users/quila/.pico-sdk/sdk/2.1.0/lib/tinyusb/src/portable/raspberrypi/rp2040/dcd_rp2040.c.obj
                0x100052b4                dcd_edpt_xfer
 .text.dcd_edpt_stall
                0x100052d8       0x3c CMakeFiles/Pico_W.dir/C_/Users/quila/.pico-sdk/sdk/2.1.0/lib/tinyusb/src/portable/raspberrypi/rp2040/dcd_rp2040.c.obj
                0x100052d8                dcd_edpt_stall
 .text.dcd_edpt_clear_stall
                0x10005314       0x30 CMakeFiles/Pico_W.dir/C_/Users/quila/.pico-sdk/sdk/2.1.0/lib/tinyusb/src/portable/raspberrypi/rp2040/dcd_rp2040.c.obj
                0x10005314                dcd_edpt_clear_stall
 .text.dcd_edpt_close
                0x10005344      0x15c CMakeFiles/Pico_W.dir/C_/Users/quila/.pico-sdk/sdk/2.1.0/lib/tinyusb/src/portable/raspberrypi/rp2040/dcd_rp2040.c.obj
                0x10005344                dcd_edpt_close
 .text.rp2040_usb_init
                0x100054a0       0x40 CMakeFiles/Pico_W.dir/C_/Users/quila/.pico-sdk/sdk/2.1.0/lib/tinyusb/src/portable/raspberrypi/rp2040/rp2040_usb.c.obj
                0x100054a0                rp2040_usb_init
 .text.hw_endpoint_xfer_start
                0x100054e0       0x40 CMakeFiles/Pico_W.dir/C_/Users/quila/.pico-sdk/sdk/2.1.0/lib/tinyusb/src/portable/raspberrypi/rp2040/rp2040_usb.c.obj
                0x100054e0                hw_endpoint_xfer_start
 .text.tud_vendor_control_xfer_cb
                0x10005520        0x4 CMakeFiles/Pico_W.dir/C_/Users/quila/.pico-sdk/sdk/2.1.0/lib/tinyusb/src/device/usbd.c.obj
                0x10005520                tud_vendor_control_xfer_cb
 .text.tud_event_hook_cb
                0x10005524        0x4 CMakeFiles/Pico_W.dir/C_/Users/quila/.pico-sdk/sdk/2.1.0/lib/tinyusb/src/device/usbd.c.obj
                0x10005524                tud_event_hook_cb
 .text.tud_sof_cb
                0x10005528        0x4 CMakeFiles/Pico_W.dir/C_/Users/quila/.pico-sdk/sdk/2.1.0/lib/tinyusb/src/device/usbd.c.obj
                0x10005528                tud_sof_cb
 .text.tud_descriptor_bos_cb
                0x1000552c        0x4 CMakeFiles/Pico_W.dir/C_/Users/quila/.pico-sdk/sdk/2.1.0/lib/tinyusb/src/device/usbd.c.obj
                0x1000552c                tud_descriptor_bos_cb
 .text.tud_descriptor_device_qualifier_cb
                0x10005530        0x4 CMakeFiles/Pico_W.dir/C_/Users/quila/.pico-sdk/sdk/2.1.0/lib/tinyusb/src/device/usbd.c.obj
                0x10005530                tud_descriptor_device_qualifier_cb
 .text.tud_descriptor_other_speed_configuration_cb
                0x10005534        0x4 CMakeFiles/Pico_W.dir/C_/Users/quila/.pico-sdk/sdk/2.1.0/lib/tinyusb/src/device/usbd.c.obj
                0x10005534                tud_descriptor_other_speed_configuration_cb
 .text.tud_mount_cb
                0x10005538        0x4 CMakeFiles/Pico_W.dir/C_/Users/quila/.pico-sdk/sdk/2.1.0/lib/tinyusb/src/device/usbd.c.obj
                0x10005538                tud_mount_cb
 .text.tud_umount_cb
                0x1000553c        0x4 CMakeFiles/Pico_W.dir/C_/Users/quila/.pico-sdk/sdk/2.1.0/lib/tinyusb/src/device/usbd.c.obj
                0x1000553c                tud_umount_cb
 .text.tud_suspend_cb
                0x10005540        0x4 CMakeFiles/Pico_W.dir/C_/Users/quila/.pico-sdk/sdk/2.1.0/lib/tinyusb/src/device/usbd.c.obj
                0x10005540                tud_suspend_cb
 .text.tud_resume_cb
                0x10005544        0x4 CMakeFiles/Pico_W.dir/C_/Users/quila/.pico-sdk/sdk/2.1.0/lib/tinyusb/src/device/usbd.c.obj
                0x10005544                tud_resume_cb
 .text.tud_speed_get
                0x10005548        0xc CMakeFiles/Pico_W.dir/C_/Users/quila/.pico-sdk/sdk/2.1.0/lib/tinyusb/src/device/usbd.c.obj
                0x10005548                tud_speed_get
 .text.tud_mounted
                0x10005554       0x10 CMakeFiles/Pico_W.dir/C_/Users/quila/.pico-sdk/sdk/2.1.0/lib/tinyusb/src/device/usbd.c.obj
                0x10005554                tud_mounted
 .text.tud_suspended
                0x10005564       0x10 CMakeFiles/Pico_W.dir/C_/Users/quila/.pico-sdk/sdk/2.1.0/lib/tinyusb/src/device/usbd.c.obj
                0x10005564                tud_suspended
 .text.tud_init
                0x10005574       0xe0 CMakeFiles/Pico_W.dir/C_/Users/quila/.pico-sdk/sdk/2.1.0/lib/tinyusb/src/device/usbd.c.obj
                0x10005574                tud_init
 .text.tud_task_ext
                0x10005654      0x800 CMakeFiles/Pico_W.dir/C_/Users/quila/.pico-sdk/sdk/2.1.0/lib/tinyusb/src/device/usbd.c.obj
                0x10005654                tud_task_ext
 .text.usbd_open_edpt_pair
                0x10005e54       0x9c CMakeFiles/Pico_W.dir/C_/Users/quila/.pico-sdk/sdk/2.1.0/lib/tinyusb/src/device/usbd.c.obj
                0x10005e54                usbd_open_edpt_pair
 .text.usbd_edpt_open
                0x10005ef0       0x34 CMakeFiles/Pico_W.dir/C_/Users/quila/.pico-sdk/sdk/2.1.0/lib/tinyusb/src/device/usbd.c.obj
                0x10005ef0                usbd_edpt_open
 .text.usbd_edpt_claim
                0x10005f24       0x28 CMakeFiles/Pico_W.dir/C_/Users/quila/.pico-sdk/sdk/2.1.0/lib/tinyusb/src/device/usbd.c.obj
                0x10005f24                usbd_edpt_claim
 .text.usbd_edpt_release
                0x10005f4c       0x28 CMakeFiles/Pico_W.dir/C_/Users/quila/.pico-sdk/sdk/2.1.0/lib/tinyusb/src/device/usbd.c.obj
                0x10005f4c                usbd_edpt_release
 .text.usbd_edpt_xfer
                0x10005f74       0x4c CMakeFiles/Pico_W.dir/C_/Users/quila/.pico-sdk/sdk/2.1.0/lib/tinyusb/src/device/usbd.c.obj
                0x10005f74                usbd_edpt_xfer
 .text.usbd_edpt_clear_stall
                0x10005fc0       0x38 CMakeFiles/Pico_W.dir/C_/Users/quila/.pico-sdk/sdk/2.1.0/lib/tinyusb/src/device/usbd.c.obj
                0x10005fc0                usbd_edpt_clear_stall
 .text.usbd_edpt_close
                0x10005ff8       0x40 CMakeFiles/Pico_W.dir/C_/Users/quila/.pico-sdk/sdk/2.1.0/lib/tinyusb/src/device/usbd.c.obj
                0x10005ff8                usbd_edpt_close
 .text.tud_control_status
                0x10006038       0x2c CMakeFiles/Pico_W.dir/C_/Users/quila/.pico-sdk/sdk/2.1.0/lib/tinyusb/src/device/usbd_control.c.obj
                0x10006038                tud_control_status
 .text.tud_control_xfer
                0x10006064       0xa8 CMakeFiles/Pico_W.dir/C_/Users/quila/.pico-sdk/sdk/2.1.0/lib/tinyusb/src/device/usbd_control.c.obj
                0x10006064                tud_control_xfer
 .text.usbd_control_reset
                0x1000610c       0x14 CMakeFiles/Pico_W.dir/C_/Users/quila/.pico-sdk/sdk/2.1.0/lib/tinyusb/src/device/usbd_control.c.obj
                0x1000610c                usbd_control_reset
 .text.usbd_control_set_complete_callback
                0x10006120        0xc CMakeFiles/Pico_W.dir/C_/Users/quila/.pico-sdk/sdk/2.1.0/lib/tinyusb/src/device/usbd_control.c.obj
                0x10006120                usbd_control_set_complete_callback
 .text.usbd_control_set_request
                0x1000612c       0x1c CMakeFiles/Pico_W.dir/C_/Users/quila/.pico-sdk/sdk/2.1.0/lib/tinyusb/src/device/usbd_control.c.obj
                0x1000612c                usbd_control_set_request
 .text.usbd_control_xfer_cb
                0x10006148       0xec CMakeFiles/Pico_W.dir/C_/Users/quila/.pico-sdk/sdk/2.1.0/lib/tinyusb/src/device/usbd_control.c.obj
                0x10006148                usbd_control_xfer_cb
 .text.audiod_tx_done_cb.constprop.0
                0x10006234      0x164 CMakeFiles/Pico_W.dir/C_/Users/quila/.pico-sdk/sdk/2.1.0/lib/tinyusb/src/class/audio/audio_device.c.obj
 .text.tud_audio_set_itf_cb
                0x10006398        0x4 CMakeFiles/Pico_W.dir/C_/Users/quila/.pico-sdk/sdk/2.1.0/lib/tinyusb/src/class/audio/audio_device.c.obj
                0x10006398                tud_audio_set_itf_cb
 .text.tud_audio_n_write
                0x1000639c       0x20 CMakeFiles/Pico_W.dir/C_/Users/quila/.pico-sdk/sdk/2.1.0/lib/tinyusb/src/class/audio/audio_device.c.obj
                0x1000639c                tud_audio_n_write
 .text.audiod_init
                0x100063bc       0x5c CMakeFiles/Pico_W.dir/C_/Users/quila/.pico-sdk/sdk/2.1.0/lib/tinyusb/src/class/audio/audio_device.c.obj
                0x100063bc                audiod_init
 .text.audiod_deinit
                0x10006418        0x4 CMakeFiles/Pico_W.dir/C_/Users/quila/.pico-sdk/sdk/2.1.0/lib/tinyusb/src/class/audio/audio_device.c.obj
                0x10006418                audiod_deinit
 .text.audiod_reset
                0x1000641c       0x1c CMakeFiles/Pico_W.dir/C_/Users/quila/.pico-sdk/sdk/2.1.0/lib/tinyusb/src/class/audio/audio_device.c.obj
                0x1000641c                audiod_reset
 .text.audiod_open
                0x10006438       0x98 CMakeFiles/Pico_W.dir/C_/Users/quila/.pico-sdk/sdk/2.1.0/lib/tinyusb/src/class/audio/audio_device.c.obj
                0x10006438                audiod_open
 .text.audiod_control_xfer_cb
                0x100064d0      0x558 CMakeFiles/Pico_W.dir/C_/Users/quila/.pico-sdk/sdk/2.1.0/lib/tinyusb/src/class/audio/audio_device.c.obj
                0x100064d0                audiod_control_xfer_cb
 .text.audiod_xfer_cb
                0x10006a28       0x24 CMakeFiles/Pico_W.dir/C_/Users/quila/.pico-sdk/sdk/2.1.0/lib/tinyusb/src/class/audio/audio_device.c.obj
                0x10006a28                audiod_xfer_cb
 .text.tud_audio_buffer_and_schedule_control_xfer
                0x10006a4c      0x160 CMakeFiles/Pico_W.dir/C_/Users/quila/.pico-sdk/sdk/2.1.0/lib/tinyusb/src/class/audio/audio_device.c.obj
                0x10006a4c                tud_audio_buffer_and_schedule_control_xfer
 .text._prep_out_transaction.isra.0
                0x10006bac       0x58 CMakeFiles/Pico_W.dir/C_/Users/quila/.pico-sdk/sdk/2.1.0/lib/tinyusb/src/class/cdc/cdc_device.c.obj
 .text.tud_cdc_n_connected
                0x10006c04       0x34 CMakeFiles/Pico_W.dir/C_/Users/quila/.pico-sdk/sdk/2.1.0/lib/tinyusb/src/class/cdc/cdc_device.c.obj
                0x10006c04                tud_cdc_n_connected
 .text.tud_cdc_n_available
                0x10006c38       0x1c CMakeFiles/Pico_W.dir/C_/Users/quila/.pico-sdk/sdk/2.1.0/lib/tinyusb/src/class/cdc/cdc_device.c.obj
                0x10006c38                tud_cdc_n_available
 .text.tud_cdc_n_read
                0x10006c54       0xa0 CMakeFiles/Pico_W.dir/C_/Users/quila/.pico-sdk/sdk/2.1.0/lib/tinyusb/src/class/cdc/cdc_device.c.obj
                0x10006c54                tud_cdc_n_read
 .text.tud_cdc_n_write_flush
                0x10006cf4       0x78 CMakeFiles/Pico_W.dir/C_/Users/quila/.pico-sdk/sdk/2.1.0/lib/tinyusb/src/class/cdc/cdc_device.c.obj
                0x10006cf4                tud_cdc_n_write_flush
 .text.tud_cdc_n_write
                0x10006d6c       0x44 CMakeFiles/Pico_W.dir/C_/Users/quila/.pico-sdk/sdk/2.1.0/lib/tinyusb/src/class/cdc/cdc_device.c.obj
                0x10006d6c                tud_cdc_n_write
 .text.tud_cdc_n_write_available
                0x10006db0       0x1c CMakeFiles/Pico_W.dir/C_/Users/quila/.pico-sdk/sdk/2.1.0/lib/tinyusb/src/class/cdc/cdc_device.c.obj
                0x10006db0                tud_cdc_n_write_available
 .text.cdcd_init
                0x10006dcc       0x74 CMakeFiles/Pico_W.dir/C_/Users/quila/.pico-sdk/sdk/2.1.0/lib/tinyusb/src/class/cdc/cdc_device.c.obj
                0x10006dcc                cdcd_init
 .text.cdcd_deinit
                0x10006e40       0x30 CMakeFiles/Pico_W.dir/C_/Users/quila/.pico-sdk/sdk/2.1.0/lib/tinyusb/src/class/cdc/cdc_device.c.obj
                0x10006e40                cdcd_deinit
 .text.cdcd_reset
                0x10006e70       0x4c CMakeFiles/Pico_W.dir/C_/Users/quila/.pico-sdk/sdk/2.1.0/lib/tinyusb/src/class/cdc/cdc_device.c.obj
                0x10006e70                cdcd_reset
 .text.cdcd_open
                0x10006ebc       0xb0 CMakeFiles/Pico_W.dir/C_/Users/quila/.pico-sdk/sdk/2.1.0/lib/tinyusb/src/class/cdc/cdc_device.c.obj
                0x10006ebc                cdcd_open
 .text.cdcd_control_xfer_cb
                0x10006f6c       0xe4 CMakeFiles/Pico_W.dir/C_/Users/quila/.pico-sdk/sdk/2.1.0/lib/tinyusb/src/class/cdc/cdc_device.c.obj
                0x10006f6c                cdcd_control_xfer_cb
 .text.cdcd_xfer_cb
                0x10007050      0x100 CMakeFiles/Pico_W.dir/C_/Users/quila/.pico-sdk/sdk/2.1.0/lib/tinyusb/src/class/cdc/cdc_device.c.obj
                0x10007050                cdcd_xfer_cb
 .text.tusb_init
                0x10007150        0xc CMakeFiles/Pico_W.dir/C_/Users/quila/.pico-sdk/sdk/2.1.0/lib/tinyusb/src/tusb.c.obj
                0x10007150                tusb_init
 .text.tu_edpt_claim
                0x1000715c       0x50 CMakeFiles/Pico_W.dir/C_/Users/quila/.pico-sdk/sdk/2.1.0/lib/tinyusb/src/tusb.c.obj
                0x1000715c                tu_edpt_claim
 .text.tu_edpt_release
                0x100071ac       0x38 CMakeFiles/Pico_W.dir/C_/Users/quila/.pico-sdk/sdk/2.1.0/lib/tinyusb/src/tusb.c.obj
                0x100071ac                tu_edpt_release
 .text.tu_edpt_validate
                0x100071e4       0x7c CMakeFiles/Pico_W.dir/C_/Users/quila/.pico-sdk/sdk/2.1.0/lib/tinyusb/src/tusb.c.obj
                0x100071e4                tu_edpt_validate
 .text.tu_edpt_bind_driver
                0x10007260       0x34 CMakeFiles/Pico_W.dir/C_/Users/quila/.pico-sdk/sdk/2.1.0/lib/tinyusb/src/tusb.c.obj
                0x10007260                tu_edpt_bind_driver
 .text.tu_fifo_config
                0x10007294       0x6c CMakeFiles/Pico_W.dir/C_/Users/quila/.pico-sdk/sdk/2.1.0/lib/tinyusb/src/common/tusb_fifo.c.obj
                0x10007294                tu_fifo_config
 .text.tu_fifo_count
                0x10007300       0x2c CMakeFiles/Pico_W.dir/C_/Users/quila/.pico-sdk/sdk/2.1.0/lib/tinyusb/src/common/tusb_fifo.c.obj
                0x10007300                tu_fifo_count
 .text.tu_fifo_empty
                0x1000732c       0x10 CMakeFiles/Pico_W.dir/C_/Users/quila/.pico-sdk/sdk/2.1.0/lib/tinyusb/src/common/tusb_fifo.c.obj
                0x1000732c                tu_fifo_empty
 .text.tu_fifo_remaining
                0x1000733c       0x2c CMakeFiles/Pico_W.dir/C_/Users/quila/.pico-sdk/sdk/2.1.0/lib/tinyusb/src/common/tusb_fifo.c.obj
                0x1000733c                tu_fifo_remaining
 .text.tu_fifo_read
                0x10007368       0x9c CMakeFiles/Pico_W.dir/C_/Users/quila/.pico-sdk/sdk/2.1.0/lib/tinyusb/src/common/tusb_fifo.c.obj
                0x10007368                tu_fifo_read
 .text.tu_fifo_read_n
                0x10007404       0xe8 CMakeFiles/Pico_W.dir/C_/Users/quila/.pico-sdk/sdk/2.1.0/lib/tinyusb/src/common/tusb_fifo.c.obj
                0x10007404                tu_fifo_read_n
 .text.tu_fifo_write
                0x100074ec       0xa4 CMakeFiles/Pico_W.dir/C_/Users/quila/.pico-sdk/sdk/2.1.0/lib/tinyusb/src/common/tusb_fifo.c.obj
                0x100074ec                tu_fifo_write
 .text.tu_fifo_write_n
                0x10007590      0x178 CMakeFiles/Pico_W.dir/C_/Users/quila/.pico-sdk/sdk/2.1.0/lib/tinyusb/src/common/tusb_fifo.c.obj
                0x10007590                tu_fifo_write_n
 .text.tu_fifo_clear
                0x10007708       0x40 CMakeFiles/Pico_W.dir/C_/Users/quila/.pico-sdk/sdk/2.1.0/lib/tinyusb/src/common/tusb_fifo.c.obj
                0x10007708                tu_fifo_clear
 .text.tu_fifo_set_overwritable
                0x10007748       0x48 CMakeFiles/Pico_W.dir/C_/Users/quila/.pico-sdk/sdk/2.1.0/lib/tinyusb/src/common/tusb_fifo.c.obj
                0x10007748                tu_fifo_set_overwritable
 .text.cyw43_arch_set_async_context
                0x10007790        0xc CMakeFiles/Pico_W.dir/C_/Users/quila/.pico-sdk/sdk/2.1.0/src/rp2_common/pico_cyw43_arch/cyw43_arch.c.obj
                0x10007790                cyw43_arch_set_async_context
 .text.cyw43_arch_gpio_put
                0x1000779c       0x14 CMakeFiles/Pico_W.dir/C_/Users/quila/.pico-sdk/sdk/2.1.0/src/rp2_common/pico_cyw43_arch/cyw43_arch.c.obj
                0x1000779c                cyw43_arch_gpio_put
 .text.cyw43_arch_async_context
                0x100077b0        0xc CMakeFiles/Pico_W.dir/C_/Users/quila/.pico-sdk/sdk/2.1.0/src/rp2_common/pico_cyw43_arch/cyw43_arch.c.obj
                0x100077b0                cyw43_arch_async_context
 .text.cyw43_arch_init
                0x100077bc       0x64 CMakeFiles/Pico_W.dir/C_/Users/quila/.pico-sdk/sdk/2.1.0/src/rp2_common/pico_cyw43_arch/cyw43_arch_threadsafe_background.c.obj
                0x100077bc                cyw43_arch_init
 .text.ns_delay.constprop.0
                0x10007820       0x20 CMakeFiles/Pico_W.dir/C_/Users/quila/.pico-sdk/sdk/2.1.0/src/rp2_common/pico_cyw43_driver/cyw43_bus_pio_spi.c.obj
 .text.cyw43_spi_deinit
                0x10007840       0x6c CMakeFiles/Pico_W.dir/C_/Users/quila/.pico-sdk/sdk/2.1.0/src/rp2_common/pico_cyw43_driver/cyw43_bus_pio_spi.c.obj
                0x10007840                cyw43_spi_deinit
 .text.cyw43_spi_init
                0x100078ac      0x128 CMakeFiles/Pico_W.dir/C_/Users/quila/.pico-sdk/sdk/2.1.0/src/rp2_common/pico_cyw43_driver/cyw43_bus_pio_spi.c.obj
                0x100078ac                cyw43_spi_init
 .text.cyw43_spi_transfer
                0x100079d4      0x430 CMakeFiles/Pico_W.dir/C_/Users/quila/.pico-sdk/sdk/2.1.0/src/rp2_common/pico_cyw43_driver/cyw43_bus_pio_spi.c.obj
                0x100079d4                cyw43_spi_transfer
 .text.cyw43_spi_gpio_setup
                0x10007e04       0x3c CMakeFiles/Pico_W.dir/C_/Users/quila/.pico-sdk/sdk/2.1.0/src/rp2_common/pico_cyw43_driver/cyw43_bus_pio_spi.c.obj
                0x10007e04                cyw43_spi_gpio_setup
 .text.cyw43_spi_reset
                0x10007e40       0x28 CMakeFiles/Pico_W.dir/C_/Users/quila/.pico-sdk/sdk/2.1.0/src/rp2_common/pico_cyw43_driver/cyw43_bus_pio_spi.c.obj
                0x10007e40                cyw43_spi_reset
 .text.read_reg_u32_swap
                0x10007e68       0x44 CMakeFiles/Pico_W.dir/C_/Users/quila/.pico-sdk/sdk/2.1.0/src/rp2_common/pico_cyw43_driver/cyw43_bus_pio_spi.c.obj
                0x10007e68                read_reg_u32_swap
 .text.cyw43_read_reg_u32
                0x10007eac       0x58 CMakeFiles/Pico_W.dir/C_/Users/quila/.pico-sdk/sdk/2.1.0/src/rp2_common/pico_cyw43_driver/cyw43_bus_pio_spi.c.obj
                0x10007eac                cyw43_read_reg_u32
 .text.cyw43_read_reg_u16
                0x10007f04       0x58 CMakeFiles/Pico_W.dir/C_/Users/quila/.pico-sdk/sdk/2.1.0/src/rp2_common/pico_cyw43_driver/cyw43_bus_pio_spi.c.obj
                0x10007f04                cyw43_read_reg_u16
 .text.cyw43_read_reg_u8
                0x10007f5c       0x58 CMakeFiles/Pico_W.dir/C_/Users/quila/.pico-sdk/sdk/2.1.0/src/rp2_common/pico_cyw43_driver/cyw43_bus_pio_spi.c.obj
                0x10007f5c                cyw43_read_reg_u8
 .text.write_reg_u32_swap
                0x10007fb4      0x1fc CMakeFiles/Pico_W.dir/C_/Users/quila/.pico-sdk/sdk/2.1.0/src/rp2_common/pico_cyw43_driver/cyw43_bus_pio_spi.c.obj
                0x10007fb4                write_reg_u32_swap
 .text.cyw43_write_reg_u32
                0x100081b0      0x21c CMakeFiles/Pico_W.dir/C_/Users/quila/.pico-sdk/sdk/2.1.0/src/rp2_common/pico_cyw43_driver/cyw43_bus_pio_spi.c.obj
                0x100081b0                cyw43_write_reg_u32
 .text.cyw43_write_reg_u16
                0x100083cc      0x21c CMakeFiles/Pico_W.dir/C_/Users/quila/.pico-sdk/sdk/2.1.0/src/rp2_common/pico_cyw43_driver/cyw43_bus_pio_spi.c.obj
                0x100083cc                cyw43_write_reg_u16
 .text.cyw43_write_reg_u8
                0x100085e8      0x21c CMakeFiles/Pico_W.dir/C_/Users/quila/.pico-sdk/sdk/2.1.0/src/rp2_common/pico_cyw43_driver/cyw43_bus_pio_spi.c.obj
                0x100085e8                cyw43_write_reg_u8
 .text.cyw43_read_bytes
                0x10008804       0x78 CMakeFiles/Pico_W.dir/C_/Users/quila/.pico-sdk/sdk/2.1.0/src/rp2_common/pico_cyw43_driver/cyw43_bus_pio_spi.c.obj
                0x10008804                cyw43_read_bytes
 .text.cyw43_write_bytes
                0x1000887c       0xd4 CMakeFiles/Pico_W.dir/C_/Users/quila/.pico-sdk/sdk/2.1.0/src/rp2_common/pico_cyw43_driver/cyw43_bus_pio_spi.c.obj
                0x1000887c                cyw43_write_bytes
 .text.cyw43_set_backplane_window
                0x10008950       0x68 CMakeFiles/Pico_W.dir/C_/Users/quila/.pico-sdk/sdk/2.1.0/lib/cyw43-driver/src/cyw43_ll.c.obj
 .text.cyw43_ll_parse_async_event
                0x100089b8      0x138 CMakeFiles/Pico_W.dir/C_/Users/quila/.pico-sdk/sdk/2.1.0/lib/cyw43-driver/src/cyw43_ll.c.obj
 .text.cyw43_kso_set
                0x10008af0       0x80 CMakeFiles/Pico_W.dir/C_/Users/quila/.pico-sdk/sdk/2.1.0/lib/cyw43-driver/src/cyw43_ll.c.obj
 .text.cyw43_ll_sdpcm_poll_device
                0x10008b70      0x238 CMakeFiles/Pico_W.dir/C_/Users/quila/.pico-sdk/sdk/2.1.0/lib/cyw43-driver/src/cyw43_ll.c.obj
 .text.cyw43_sdpcm_send_common
                0x10008da8       0xfc CMakeFiles/Pico_W.dir/C_/Users/quila/.pico-sdk/sdk/2.1.0/lib/cyw43-driver/src/cyw43_ll.c.obj
 .text.cyw43_do_ioctl.part.0
                0x10008ea4       0xc4 CMakeFiles/Pico_W.dir/C_/Users/quila/.pico-sdk/sdk/2.1.0/lib/cyw43-driver/src/cyw43_ll.c.obj
 .text.cyw43_write_iovar_u32.constprop.0
                0x10008f68       0x98 CMakeFiles/Pico_W.dir/C_/Users/quila/.pico-sdk/sdk/2.1.0/lib/cyw43-driver/src/cyw43_ll.c.obj
 .text.cyw43_write_iovar_n
                0x10009000       0x8c CMakeFiles/Pico_W.dir/C_/Users/quila/.pico-sdk/sdk/2.1.0/lib/cyw43-driver/src/cyw43_ll.c.obj
 .text.cyw43_read_backplane.constprop.0
                0x1000908c       0xe4 CMakeFiles/Pico_W.dir/C_/Users/quila/.pico-sdk/sdk/2.1.0/lib/cyw43-driver/src/cyw43_ll.c.obj
 .text.cyw43_write_backplane
                0x10009170      0x10c CMakeFiles/Pico_W.dir/C_/Users/quila/.pico-sdk/sdk/2.1.0/lib/cyw43-driver/src/cyw43_ll.c.obj
 .text.reset_device_core.constprop.0
                0x1000927c      0x410 CMakeFiles/Pico_W.dir/C_/Users/quila/.pico-sdk/sdk/2.1.0/lib/cyw43-driver/src/cyw43_ll.c.obj
 .text.cyw43_ll_init
                0x1000968c       0x1c CMakeFiles/Pico_W.dir/C_/Users/quila/.pico-sdk/sdk/2.1.0/lib/cyw43-driver/src/cyw43_ll.c.obj
                0x1000968c                cyw43_ll_init
 .text.cyw43_ll_deinit
                0x100096a8        0x8 CMakeFiles/Pico_W.dir/C_/Users/quila/.pico-sdk/sdk/2.1.0/lib/cyw43-driver/src/cyw43_ll.c.obj
                0x100096a8                cyw43_ll_deinit
 .text.cyw43_ll_process_packets
                0x100096b0       0x54 CMakeFiles/Pico_W.dir/C_/Users/quila/.pico-sdk/sdk/2.1.0/lib/cyw43-driver/src/cyw43_ll.c.obj
                0x100096b0                cyw43_ll_process_packets
 .text.cyw43_ll_ioctl
                0x10009704       0x80 CMakeFiles/Pico_W.dir/C_/Users/quila/.pico-sdk/sdk/2.1.0/lib/cyw43-driver/src/cyw43_ll.c.obj
                0x10009704                cyw43_ll_ioctl
 .text.cyw43_ll_bus_sleep
                0x10009784       0x34 CMakeFiles/Pico_W.dir/C_/Users/quila/.pico-sdk/sdk/2.1.0/lib/cyw43-driver/src/cyw43_ll.c.obj
                0x10009784                cyw43_ll_bus_sleep
 .text.cyw43_ll_wifi_get_mac
                0x100097b8       0x78 CMakeFiles/Pico_W.dir/C_/Users/quila/.pico-sdk/sdk/2.1.0/lib/cyw43-driver/src/cyw43_ll.c.obj
                0x100097b8                cyw43_ll_wifi_get_mac
 .text.cyw43_ll_bus_init
                0x10009830      0x8d8 CMakeFiles/Pico_W.dir/C_/Users/quila/.pico-sdk/sdk/2.1.0/lib/cyw43-driver/src/cyw43_ll.c.obj
                0x10009830                cyw43_ll_bus_init
 .text.cyw43_ll_wifi_set_wpa_auth
                0x1000a108       0x4c CMakeFiles/Pico_W.dir/C_/Users/quila/.pico-sdk/sdk/2.1.0/lib/cyw43-driver/src/cyw43_ll.c.obj
                0x1000a108                cyw43_ll_wifi_set_wpa_auth
 .text.cyw43_ll_wifi_rejoin
                0x1000a154       0x58 CMakeFiles/Pico_W.dir/C_/Users/quila/.pico-sdk/sdk/2.1.0/lib/cyw43-driver/src/cyw43_ll.c.obj
                0x1000a154                cyw43_ll_wifi_rejoin
 .text.cyw43_ll_gpio_set
                0x1000a1ac       0x94 CMakeFiles/Pico_W.dir/C_/Users/quila/.pico-sdk/sdk/2.1.0/lib/cyw43-driver/src/cyw43_ll.c.obj
                0x1000a1ac                cyw43_ll_gpio_set
 .text.cyw43_ll_has_work
                0x1000a240       0x14 CMakeFiles/Pico_W.dir/C_/Users/quila/.pico-sdk/sdk/2.1.0/lib/cyw43-driver/src/cyw43_ll.c.obj
                0x1000a240                cyw43_ll_has_work
 .text.cyw43_poll_func
                0x1000a254       0xc0 CMakeFiles/Pico_W.dir/C_/Users/quila/.pico-sdk/sdk/2.1.0/lib/cyw43-driver/src/cyw43_ctrl.c.obj
 .text.cyw43_init
                0x1000a314       0x6c CMakeFiles/Pico_W.dir/C_/Users/quila/.pico-sdk/sdk/2.1.0/lib/cyw43-driver/src/cyw43_ctrl.c.obj
                0x1000a314                cyw43_init
 .text.cyw43_deinit
                0x1000a380       0x90 CMakeFiles/Pico_W.dir/C_/Users/quila/.pico-sdk/sdk/2.1.0/lib/cyw43-driver/src/cyw43_ctrl.c.obj
                0x1000a380                cyw43_deinit
 .text.cyw43_cb_read_host_interrupt_pin
                0x1000a410        0xc CMakeFiles/Pico_W.dir/C_/Users/quila/.pico-sdk/sdk/2.1.0/lib/cyw43-driver/src/cyw43_ctrl.c.obj
                0x1000a410                cyw43_cb_read_host_interrupt_pin
 .text.cyw43_cb_ensure_awake
                0x1000a41c        0xc CMakeFiles/Pico_W.dir/C_/Users/quila/.pico-sdk/sdk/2.1.0/lib/cyw43-driver/src/cyw43_ctrl.c.obj
                0x1000a41c                cyw43_cb_ensure_awake
 .text.cyw43_cb_process_async_event
                0x1000a428      0x214 CMakeFiles/Pico_W.dir/C_/Users/quila/.pico-sdk/sdk/2.1.0/lib/cyw43-driver/src/cyw43_ctrl.c.obj
                0x1000a428                cyw43_cb_process_async_event
 .text.cyw43_gpio_set
                0x1000a63c       0xa4 CMakeFiles/Pico_W.dir/C_/Users/quila/.pico-sdk/sdk/2.1.0/lib/cyw43-driver/src/cyw43_ctrl.c.obj
                0x1000a63c                cyw43_gpio_set
 .text.pio_sm_set_pindirs_with_mask64
                0x1000a6e0       0xac CMakeFiles/Pico_W.dir/C_/Users/quila/.pico-sdk/sdk/2.1.0/src/rp2_common/hardware_pio/pio.c.obj
                0x1000a6e0                pio_sm_set_pindirs_with_mask64
 .text.pio_sm_set_consecutive_pindirs
                0x1000a78c       0xb4 CMakeFiles/Pico_W.dir/C_/Users/quila/.pico-sdk/sdk/2.1.0/src/rp2_common/hardware_pio/pio.c.obj
                0x1000a78c                pio_sm_set_consecutive_pindirs
 .text.pio_claim_free_sm_and_add_program_for_gpio_range
                0x1000a840      0x184 CMakeFiles/Pico_W.dir/C_/Users/quila/.pico-sdk/sdk/2.1.0/src/rp2_common/hardware_pio/pio.c.obj
                0x1000a840                pio_claim_free_sm_and_add_program_for_gpio_range
 .text.pio_remove_program_and_unclaim_sm
                0x1000a9c4       0x40 CMakeFiles/Pico_W.dir/C_/Users/quila/.pico-sdk/sdk/2.1.0/src/rp2_common/hardware_pio/pio.c.obj
                0x1000a9c4                pio_remove_program_and_unclaim_sm
 .text.dma_channel_unclaim
                0x1000aa04       0x14 CMakeFiles/Pico_W.dir/C_/Users/quila/.pico-sdk/sdk/2.1.0/src/rp2_common/hardware_dma/dma.c.obj
                0x1000aa04                dma_channel_unclaim
 .text.dma_claim_unused_channel
                0x1000aa18       0x24 CMakeFiles/Pico_W.dir/C_/Users/quila/.pico-sdk/sdk/2.1.0/src/rp2_common/hardware_dma/dma.c.obj
                0x1000aa18                dma_claim_unused_channel
 .text.dma_channel_cleanup
                0x1000aa3c       0x64 CMakeFiles/Pico_W.dir/C_/Users/quila/.pico-sdk/sdk/2.1.0/src/rp2_common/hardware_dma/dma.c.obj
                0x1000aa3c                dma_channel_cleanup
 .text.cyw43_sleep_timeout_reached
                0x1000aaa0       0x10 CMakeFiles/Pico_W.dir/C_/Users/quila/.pico-sdk/sdk/2.1.0/src/rp2_common/pico_cyw43_driver/cyw43_driver.c.obj
 .text.cyw43_irq_init
                0x1000aab0       0x28 CMakeFiles/Pico_W.dir/C_/Users/quila/.pico-sdk/sdk/2.1.0/src/rp2_common/pico_cyw43_driver/cyw43_driver.c.obj
                0x1000aab0                cyw43_irq_init
 .text.cyw43_irq_deinit
                0x1000aad8       0x20 CMakeFiles/Pico_W.dir/C_/Users/quila/.pico-sdk/sdk/2.1.0/src/rp2_common/pico_cyw43_driver/cyw43_driver.c.obj
                0x1000aad8                cyw43_irq_deinit
 .text.cyw43_gpio_irq_handler
                0x1000aaf8       0x44 CMakeFiles/Pico_W.dir/C_/Users/quila/.pico-sdk/sdk/2.1.0/src/rp2_common/pico_cyw43_driver/cyw43_driver.c.obj
 .text.cyw43_do_poll
                0x1000ab3c       0x6c CMakeFiles/Pico_W.dir/C_/Users/quila/.pico-sdk/sdk/2.1.0/src/rp2_common/pico_cyw43_driver/cyw43_driver.c.obj
 .text.cyw43_post_poll_hook
                0x1000aba8       0x10 CMakeFiles/Pico_W.dir/C_/Users/quila/.pico-sdk/sdk/2.1.0/src/rp2_common/pico_cyw43_driver/cyw43_driver.c.obj
                0x1000aba8                cyw43_post_poll_hook
 .text.cyw43_schedule_internal_poll_dispatch
                0x1000abb8       0x18 CMakeFiles/Pico_W.dir/C_/Users/quila/.pico-sdk/sdk/2.1.0/src/rp2_common/pico_cyw43_driver/cyw43_driver.c.obj
                0x1000abb8                cyw43_schedule_internal_poll_dispatch
 .text.cyw43_driver_init
                0x1000abd0       0x38 CMakeFiles/Pico_W.dir/C_/Users/quila/.pico-sdk/sdk/2.1.0/src/rp2_common/pico_cyw43_driver/cyw43_driver.c.obj
                0x1000abd0                cyw43_driver_init
 .text.cyw43_driver_deinit
                0x1000ac08       0x44 CMakeFiles/Pico_W.dir/C_/Users/quila/.pico-sdk/sdk/2.1.0/src/rp2_common/pico_cyw43_driver/cyw43_driver.c.obj
                0x1000ac08                cyw43_driver_deinit
 .text.cyw43_hal_generate_laa_mac
                0x1000ac4c       0x28 CMakeFiles/Pico_W.dir/C_/Users/quila/.pico-sdk/sdk/2.1.0/src/rp2_common/pico_cyw43_driver/cyw43_driver.c.obj
                0x1000ac4c                cyw43_hal_generate_laa_mac
 .text.cyw43_thread_enter
                0x1000ac74       0x14 CMakeFiles/Pico_W.dir/C_/Users/quila/.pico-sdk/sdk/2.1.0/src/rp2_common/pico_cyw43_driver/cyw43_driver.c.obj
                0x1000ac74                cyw43_thread_enter
 .text.cyw43_thread_exit
                0x1000ac88       0x14 CMakeFiles/Pico_W.dir/C_/Users/quila/.pico-sdk/sdk/2.1.0/src/rp2_common/pico_cyw43_driver/cyw43_driver.c.obj
                0x1000ac88                cyw43_thread_exit
 .text.cyw43_await_background_or_timeout_us
                0x1000ac9c       0x5c CMakeFiles/Pico_W.dir/C_/Users/quila/.pico-sdk/sdk/2.1.0/src/rp2_common/pico_cyw43_driver/cyw43_driver.c.obj
                0x1000ac9c                cyw43_await_background_or_timeout_us
 .text.cyw43_delay_ms
                0x1000acf8       0x44 CMakeFiles/Pico_W.dir/C_/Users/quila/.pico-sdk/sdk/2.1.0/src/rp2_common/pico_cyw43_driver/cyw43_driver.c.obj
                0x1000acf8                cyw43_delay_ms
 .text.cyw43_cb_tcpip_deinit
                0x1000ad3c        0x4 CMakeFiles/Pico_W.dir/C_/Users/quila/.pico-sdk/sdk/2.1.0/src/rp2_common/pico_cyw43_driver/cyw43_driver.c.obj
                0x1000ad3c                cyw43_cb_tcpip_deinit
 .text.cyw43_cb_tcpip_set_link_up
                0x1000ad40        0xc CMakeFiles/Pico_W.dir/C_/Users/quila/.pico-sdk/sdk/2.1.0/src/rp2_common/pico_cyw43_driver/cyw43_driver.c.obj
                0x1000ad40                cyw43_cb_tcpip_set_link_up
 .text.cyw43_cb_tcpip_set_link_down
                0x1000ad4c        0xc CMakeFiles/Pico_W.dir/C_/Users/quila/.pico-sdk/sdk/2.1.0/src/rp2_common/pico_cyw43_driver/cyw43_driver.c.obj
                0x1000ad4c                cyw43_cb_tcpip_set_link_down
 .text.cyw43_cb_process_ethernet
                0x1000ad58        0xc CMakeFiles/Pico_W.dir/C_/Users/quila/.pico-sdk/sdk/2.1.0/src/rp2_common/pico_cyw43_driver/cyw43_driver.c.obj
                0x1000ad58                cyw43_cb_process_ethernet
 .text.handle_sync_func_call
                0x1000ad64       0x24 CMakeFiles/Pico_W.dir/839ef3f15a25787687c177ebf3a09a6b/rp2_common/pico_async_context/async_context_threadsafe_background.c.obj
 .text.async_context_threadsafe_background_acquire_lock_blocking
                0x1000ad88        0xc CMakeFiles/Pico_W.dir/839ef3f15a25787687c177ebf3a09a6b/rp2_common/pico_async_context/async_context_threadsafe_background.c.obj
 .text.process_under_lock
                0x1000ad94       0xcc CMakeFiles/Pico_W.dir/839ef3f15a25787687c177ebf3a09a6b/rp2_common/pico_async_context/async_context_threadsafe_background.c.obj
 .text.async_context_threadsafe_background_deinit
                0x1000ae60       0x64 CMakeFiles/Pico_W.dir/839ef3f15a25787687c177ebf3a09a6b/rp2_common/pico_async_context/async_context_threadsafe_background.c.obj
 .text.low_priority_irq_handler
                0x1000aec4       0x3c CMakeFiles/Pico_W.dir/839ef3f15a25787687c177ebf3a09a6b/rp2_common/pico_async_context/async_context_threadsafe_background.c.obj
 .text.async_context_threadsafe_background_wait_for_work_until
                0x1000af00        0xc CMakeFiles/Pico_W.dir/839ef3f15a25787687c177ebf3a09a6b/rp2_common/pico_async_context/async_context_threadsafe_background.c.obj
 .text.async_context_threadsafe_background_wait_until
                0x1000af0c       0x1c CMakeFiles/Pico_W.dir/839ef3f15a25787687c177ebf3a09a6b/rp2_common/pico_async_context/async_context_threadsafe_background.c.obj
 .text.async_context_threadsafe_background_execute_sync
                0x1000af28       0xf0 CMakeFiles/Pico_W.dir/839ef3f15a25787687c177ebf3a09a6b/rp2_common/pico_async_context/async_context_threadsafe_background.c.obj
                0x1000af28                async_context_threadsafe_background_execute_sync
 .text.async_context_threadsafe_background_lock_check
                0x1000b018       0x28 CMakeFiles/Pico_W.dir/839ef3f15a25787687c177ebf3a09a6b/rp2_common/pico_async_context/async_context_threadsafe_background.c.obj
 .text.async_context_threadsafe_background_set_work_pending
                0x1000b040       0x50 CMakeFiles/Pico_W.dir/839ef3f15a25787687c177ebf3a09a6b/rp2_common/pico_async_context/async_context_threadsafe_background.c.obj
 .text.alarm_handler
                0x1000b090       0x58 CMakeFiles/Pico_W.dir/839ef3f15a25787687c177ebf3a09a6b/rp2_common/pico_async_context/async_context_threadsafe_background.c.obj
 .text.async_context_threadsafe_background_release_lock
                0x1000b0e8       0x7c CMakeFiles/Pico_W.dir/839ef3f15a25787687c177ebf3a09a6b/rp2_common/pico_async_context/async_context_threadsafe_background.c.obj
 .text.async_context_threadsafe_background_add_at_time_worker
                0x1000b164       0x90 CMakeFiles/Pico_W.dir/839ef3f15a25787687c177ebf3a09a6b/rp2_common/pico_async_context/async_context_threadsafe_background.c.obj
 .text.async_context_threadsafe_background_when_pending_worker
                0x1000b1f4       0x90 CMakeFiles/Pico_W.dir/839ef3f15a25787687c177ebf3a09a6b/rp2_common/pico_async_context/async_context_threadsafe_background.c.obj
 .text.async_context_threadsafe_background_add_when_pending_worker
                0x1000b284       0x90 CMakeFiles/Pico_W.dir/839ef3f15a25787687c177ebf3a09a6b/rp2_common/pico_async_context/async_context_threadsafe_background.c.obj
 .text.async_context_threadsafe_background_remove_at_time_worker
                0x1000b314       0x90 CMakeFiles/Pico_W.dir/839ef3f15a25787687c177ebf3a09a6b/rp2_common/pico_async_context/async_context_threadsafe_background.c.obj
 .text.async_context_threadsafe_background_default_config
                0x1000b3a4        0xc CMakeFiles/Pico_W.dir/839ef3f15a25787687c177ebf3a09a6b/rp2_common/pico_async_context/async_context_threadsafe_background.c.obj
                0x1000b3a4                async_context_threadsafe_background_default_config
 .text.async_context_threadsafe_background_init
                0x1000b3b0       0xa8 CMakeFiles/Pico_W.dir/839ef3f15a25787687c177ebf3a09a6b/rp2_common/pico_async_context/async_context_threadsafe_background.c.obj
                0x1000b3b0                async_context_threadsafe_background_init
 .text.async_context_base_add_at_time_worker
                0x1000b458       0x28 CMakeFiles/Pico_W.dir/C_/Users/quila/.pico-sdk/sdk/2.1.0/src/rp2_common/pico_async_context/async_context_base.c.obj
                0x1000b458                async_context_base_add_at_time_worker
 .text.async_context_base_remove_at_time_worker
                0x1000b480       0x24 CMakeFiles/Pico_W.dir/C_/Users/quila/.pico-sdk/sdk/2.1.0/src/rp2_common/pico_async_context/async_context_base.c.obj
                0x1000b480                async_context_base_remove_at_time_worker
 .text.async_context_base_add_when_pending_worker
                0x1000b4a4       0x24 CMakeFiles/Pico_W.dir/C_/Users/quila/.pico-sdk/sdk/2.1.0/src/rp2_common/pico_async_context/async_context_base.c.obj
                0x1000b4a4                async_context_base_add_when_pending_worker
 .text.async_context_base_remove_when_pending_worker
                0x1000b4c8       0x24 CMakeFiles/Pico_W.dir/C_/Users/quila/.pico-sdk/sdk/2.1.0/src/rp2_common/pico_async_context/async_context_base.c.obj
                0x1000b4c8                async_context_base_remove_when_pending_worker
 .text.async_context_base_execute_once
                0x1000b4ec      0x108 CMakeFiles/Pico_W.dir/C_/Users/quila/.pico-sdk/sdk/2.1.0/src/rp2_common/pico_async_context/async_context_base.c.obj
                0x1000b4ec                async_context_base_execute_once
 .text.async_context_base_needs_servicing
                0x1000b5f4       0x54 CMakeFiles/Pico_W.dir/C_/Users/quila/.pico-sdk/sdk/2.1.0/src/rp2_common/pico_async_context/async_context_base.c.obj
                0x1000b5f4                async_context_base_needs_servicing
 .text.adc_init
                0x1000b648       0x38 CMakeFiles/Pico_W.dir/C_/Users/quila/.pico-sdk/sdk/2.1.0/src/rp2_common/hardware_adc/adc.c.obj
                0x1000b648                adc_init
 .text.core1_trampoline
                0x1000b680        0x4 CMakeFiles/Pico_W.dir/C_/Users/quila/.pico-sdk/sdk/2.1.0/src/rp2_common/pico_multicore/multicore.c.obj
 .text.core1_wrapper
                0x1000b684        0xc CMakeFiles/Pico_W.dir/C_/Users/quila/.pico-sdk/sdk/2.1.0/src/rp2_common/pico_multicore/multicore.c.obj
                0x1000b684                core1_wrapper
 .text.multicore_launch_core1_raw
                0x1000b690       0x8c CMakeFiles/Pico_W.dir/C_/Users/quila/.pico-sdk/sdk/2.1.0/src/rp2_common/pico_multicore/multicore.c.obj
                0x1000b690                multicore_launch_core1_raw
 .text.multicore_launch_core1
                0x1000b71c       0x58 CMakeFiles/Pico_W.dir/C_/Users/quila/.pico-sdk/sdk/2.1.0/src/rp2_common/pico_multicore/multicore.c.obj
                0x1000b71c                multicore_launch_core1
 .text.calloc   0x1000b774       0x18 C:/Users/quila/.pico-sdk/toolchain/14_2_Rel1/bin/../lib/gcc/arm-none-eabi/14.2.1/thumb/v6-m/nofp\libg.a(libc_a-calloc.o)
                0x1000b774                calloc
 .text._calloc_r
                0x1000b78c       0xa8 C:/Users/quila/.pico-sdk/toolchain/14_2_Rel1/bin/../lib/gcc/arm-none-eabi/14.2.1/thumb/v6-m/nofp\libg.a(libc_a-callocr.o)
                0x1000b78c                _calloc_r
 .text.malloc   0x1000b834       0x14 C:/Users/quila/.pico-sdk/toolchain/14_2_Rel1/bin/../lib/gcc/arm-none-eabi/14.2.1/thumb/v6-m/nofp\libg.a(libc_a-malloc.o)
                0x1000b834                malloc
 .text.free     0x1000b848       0x14 C:/Users/quila/.pico-sdk/toolchain/14_2_Rel1/bin/../lib/gcc/arm-none-eabi/14.2.1/thumb/v6-m/nofp\libg.a(libc_a-malloc.o)
                0x1000b848                free
 .text._malloc_r
                0x1000b85c      0x5cc C:/Users/quila/.pico-sdk/toolchain/14_2_Rel1/bin/../lib/gcc/arm-none-eabi/14.2.1/thumb/v6-m/nofp\libg.a(libc_a-mallocr.o)
                0x1000b85c                _malloc_r
 .text.__malloc_lock
                0x1000be28       0x10 C:/Users/quila/.pico-sdk/toolchain/14_2_Rel1/bin/../lib/gcc/arm-none-eabi/14.2.1/thumb/v6-m/nofp\libg.a(libc_a-mlock.o)
                0x1000be28                __malloc_lock
 .text.__malloc_unlock
                0x1000be38       0x10 C:/Users/quila/.pico-sdk/toolchain/14_2_Rel1/bin/../lib/gcc/arm-none-eabi/14.2.1/thumb/v6-m/nofp\libg.a(libc_a-mlock.o)
                0x1000be38                __malloc_unlock
 .text.srand    0x1000be48       0x14 C:/Users/quila/.pico-sdk/toolchain/14_2_Rel1/bin/../lib/gcc/arm-none-eabi/14.2.1/thumb/v6-m/nofp\libg.a(libc_a-rand.o)
                0x1000be48                srand
 .text.memmove  0x1000be5c       0xc4 C:/Users/quila/.pico-sdk/toolchain/14_2_Rel1/bin/../lib/gcc/arm-none-eabi/14.2.1/thumb/v6-m/nofp\libg.a(libc_a-memmove.o)
                0x1000be5c                memmove
 .text.strncmp  0x1000bf20       0x68 C:/Users/quila/.pico-sdk/toolchain/14_2_Rel1/bin/../lib/gcc/arm-none-eabi/14.2.1/thumb/v6-m/nofp\libg.a(libc_a-strncmp.o)
                0x1000bf20                strncmp
 .text.time     0x1000bf88       0x38 C:/Users/quila/.pico-sdk/toolchain/14_2_Rel1/bin/../lib/gcc/arm-none-eabi/14.2.1/thumb/v6-m/nofp\libg.a(libc_a-time.o)
                0x1000bf88                time
 .text._gettimeofday_r
                0x1000bfc0       0x28 C:/Users/quila/.pico-sdk/toolchain/14_2_Rel1/bin/../lib/gcc/arm-none-eabi/14.2.1/thumb/v6-m/nofp\libg.a(libc_a-gettimeofdayr.o)
                0x1000bfc0                _gettimeofday_r
 .text._sbrk_r  0x1000bfe8       0x24 C:/Users/quila/.pico-sdk/toolchain/14_2_Rel1/bin/../lib/gcc/arm-none-eabi/14.2.1/thumb/v6-m/nofp\libg.a(libc_a-sbrkr.o)
                0x1000bfe8                _sbrk_r
 .text.__errno  0x1000c00c        0xc C:/Users/quila/.pico-sdk/toolchain/14_2_Rel1/bin/../lib/gcc/arm-none-eabi/14.2.1/thumb/v6-m/nofp\libg.a(libc_a-errno.o)
                0x1000c00c                __errno
 .text.__retarget_lock_acquire_recursive
                0x1000c018        0x4 C:/Users/quila/.pico-sdk/toolchain/14_2_Rel1/bin/../lib/gcc/arm-none-eabi/14.2.1/thumb/v6-m/nofp\libg.a(libc_a-lock.o)
                0x1000c018                __retarget_lock_acquire_recursive
 .text.__retarget_lock_release_recursive
                0x1000c01c        0x4 C:/Users/quila/.pico-sdk/toolchain/14_2_Rel1/bin/../lib/gcc/arm-none-eabi/14.2.1/thumb/v6-m/nofp\libg.a(libc_a-lock.o)
                0x1000c01c                __retarget_lock_release_recursive
 .text.sysconf  0x1000c020       0x1c C:/Users/quila/.pico-sdk/toolchain/14_2_Rel1/bin/../lib/gcc/arm-none-eabi/14.2.1/thumb/v6-m/nofp\libg.a(libc_a-sysconf.o)
                0x1000c020                sysconf
 .text.strlen   0x1000c03c       0x5c C:/Users/quila/.pico-sdk/toolchain/14_2_Rel1/bin/../lib/gcc/arm-none-eabi/14.2.1/thumb/v6-m/nofp\libg.a(libc_a-strlen-stub.o)
                0x1000c03c                strlen
 .text._malloc_trim_r
                0x1000c098       0xb4 C:/Users/quila/.pico-sdk/toolchain/14_2_Rel1/bin/../lib/gcc/arm-none-eabi/14.2.1/thumb/v6-m/nofp\libg.a(libc_a-freer.o)
                0x1000c098                _malloc_trim_r
 .text._free_r  0x1000c14c      0x1f0 C:/Users/quila/.pico-sdk/toolchain/14_2_Rel1/bin/../lib/gcc/arm-none-eabi/14.2.1/thumb/v6-m/nofp\libg.a(libc_a-freer.o)
                0x1000c14c                _free_r
 *(.fini)
 .fini          0x1000c33c        0x4 C:/Users/quila/.pico-sdk/toolchain/14_2_Rel1/bin/../lib/gcc/arm-none-eabi/14.2.1/thumb/v6-m/nofp/crti.o
                0x1000c33c                _fini
 .fini.__stub   0x1000c340      0x120 linker stubs
 *crtbegin.o(.ctors)
 *crtbegin?.o(.ctors)
 *(EXCLUDE_FILE(*crtend.o *crtend?.o) .ctors)
 *(SORT_BY_NAME(.ctors.*))
 *(.ctors)
 *crtbegin.o(.dtors)
 *crtbegin?.o(.dtors)
 *(EXCLUDE_FILE(*crtend.o *crtend?.o) .dtors)
 *(SORT_BY_NAME(.dtors.*))
 *(.dtors)
                0x1000c460                        . = ALIGN (0x4)
                0x1000c460                        PROVIDE (__preinit_array_start = .)
 *(SORT_BY_NAME(.preinit_array.*))
 .preinit_array.00100
                0x1000c460        0x4 CMakeFiles/Pico_W.dir/C_/Users/quila/.pico-sdk/sdk/2.1.0/src/rp2_common/pico_runtime_init/runtime_init.c.obj
                0x1000c460                __pre_init_runtime_init_early_resets
 .preinit_array.00101
                0x1000c464        0x4 CMakeFiles/Pico_W.dir/C_/Users/quila/.pico-sdk/sdk/2.1.0/src/rp2_common/pico_runtime_init/runtime_init.c.obj
                0x1000c464                __pre_init_runtime_init_usb_power_down
 .preinit_array.00275
                0x1000c468        0x4 CMakeFiles/Pico_W.dir/C_/Users/quila/.pico-sdk/sdk/2.1.0/src/rp2_common/pico_bit_ops/bit_ops_aeabi.S.obj
 .preinit_array.00300
                0x1000c46c        0x4 CMakeFiles/Pico_W.dir/C_/Users/quila/.pico-sdk/sdk/2.1.0/src/rp2_common/pico_mem_ops/mem_ops_aeabi.S.obj
 .preinit_array.00350
                0x1000c470        0x4 CMakeFiles/Pico_W.dir/C_/Users/quila/.pico-sdk/sdk/2.1.0/src/rp2_common/pico_double/double_aeabi_rp2040.S.obj
 .preinit_array.00350
                0x1000c474        0x4 CMakeFiles/Pico_W.dir/C_/Users/quila/.pico-sdk/sdk/2.1.0/src/rp2_common/pico_float/float_aeabi_rp2040.S.obj
 .preinit_array.00500
                0x1000c478        0x4 CMakeFiles/Pico_W.dir/C_/Users/quila/.pico-sdk/sdk/2.1.0/src/rp2_common/pico_runtime_init/runtime_init.c.obj
                0x1000c478                __pre_init_runtime_init_clocks
 .preinit_array.00600
                0x1000c47c        0x4 CMakeFiles/Pico_W.dir/C_/Users/quila/.pico-sdk/sdk/2.1.0/src/rp2_common/pico_runtime_init/runtime_init.c.obj
                0x1000c47c                __pre_init_runtime_init_post_clock_resets
 .preinit_array.00700
                0x1000c480        0x4 CMakeFiles/Pico_W.dir/C_/Users/quila/.pico-sdk/sdk/2.1.0/src/rp2_common/pico_runtime_init/runtime_init.c.obj
                0x1000c480                __pre_init_runtime_init_rp2040_gpio_ie_disable
 .preinit_array.01000
                0x1000c484        0x4 CMakeFiles/Pico_W.dir/C_/Users/quila/.pico-sdk/sdk/2.1.0/src/rp2_common/pico_runtime_init/runtime_init.c.obj
                0x1000c484                __pre_init_runtime_init_spin_locks_reset
 .preinit_array.01100
                0x1000c488        0x4 CMakeFiles/Pico_W.dir/C_/Users/quila/.pico-sdk/sdk/2.1.0/src/common/pico_sync/mutex.c.obj
                0x1000c488                __pre_init_runtime_init_mutex
 .preinit_array.10080
                0x1000c48c        0x4 CMakeFiles/Pico_W.dir/C_/Users/quila/.pico-sdk/sdk/2.1.0/src/rp2_common/pico_runtime_init/runtime_init.c.obj
                0x1000c48c                __pre_init_runtime_init_install_ram_vector_table
 .preinit_array.11000
                0x1000c490        0x4 CMakeFiles/Pico_W.dir/C_/Users/quila/.pico-sdk/sdk/2.1.0/src/common/pico_time/time.c.obj
                0x1000c490                __pre_init_runtime_init_default_alarm_pool
 .preinit_array.YYYYY
                0x1000c494        0x4 CMakeFiles/Pico_W.dir/C_/Users/quila/.pico-sdk/sdk/2.1.0/src/rp2_common/pico_runtime/runtime.c.obj
                0x1000c494                __pre_init_first_per_core_initializer
 .preinit_array.ZZZZZ.01200
                0x1000c498        0x4 CMakeFiles/Pico_W.dir/C_/Users/quila/.pico-sdk/sdk/2.1.0/src/rp2_common/hardware_irq/irq.c.obj
                0x1000c498                __pre_init_runtime_init_per_core_irq_priorities
 *(.preinit_array)
                0x1000c49c                        PROVIDE (__preinit_array_end = .)
                0x1000c49c                        . = ALIGN (0x4)
                0x1000c49c                        PROVIDE (__init_array_start = .)