Archive member included to satisfy reference by file (symbol)

C:/Users/quila/.pico-sdk/toolchain/14_2_Rel1/bin/../lib/gcc/arm-none-eabi/14.2.1/thumb/v6-m/nofp\libgcc.a(_dvmd_tls.o)
                              CMakeFiles/Pico_W.dir/C_/Users/quila/.pico-sdk/sdk/2.1.0/src/rp2_common/pico_divider/divider_hardware.S.obj (__aeabi_idiv0)
C:/Users/quila/.pico-sdk/toolchain/14_2_Rel1/bin/../lib/gcc/arm-none-eabi/14.2.1/thumb/v6-m/nofp\libg.a(libc_a-calloc.o)
                              CMakeFiles/Pico_W.dir/C_/Users/quila/.pico-sdk/sdk/2.1.0/src/rp2_common/pico_malloc/malloc.c.obj (calloc)
C:/Users/quila/.pico-sdk/toolchain/14_2_Rel1/bin/../lib/gcc/arm-none-eabi/14.2.1/thumb/v6-m/nofp\libg.a(libc_a-callocr.o)
                              C:/Users/quila/.pico-sdk/toolchain/14_2_Rel1/bin/../lib/gcc/arm-none-eabi/14.2.1/thumb/v6-m/nofp\libg.a(libc_a-calloc.o) (_calloc_r)
C:/Users/quila/.pico-sdk/toolchain/14_2_Rel1/bin/../lib/gcc/arm-none-eabi/14.2.1/thumb/v6-m/nofp\libg.a(libc_a-malloc.o)
                              CMakeFiles/Pico_W.dir/C_/Users/quila/.pico-sdk/sdk/2.1.0/src/rp2_common/pico_malloc/malloc.c.obj (malloc)
C:/Users/quila/.pico-sdk/toolchain/14_2_Rel1/bin/../lib/gcc/arm-none-eabi/14.2.1/thumb/v6-m/nofp\libg.a(libc_a-mallocr.o)
                              C:/Users/quila/.pico-sdk/toolchain/14_2_Rel1/bin/../lib/gcc/arm-none-eabi/14.2.1/thumb/v6-m/nofp\libg.a(libc_a-callocr.o) (_malloc_r)
C:/Users/quila/.pico-sdk/toolchain/14_2_Rel1/bin/../lib/gcc/arm-none-eabi/14.2.1/thumb/v6-m/nofp\libg.a(libc_a-mlock.o)
                              C:/Users/quila/.pico-sdk/toolchain/14_2_Rel1/bin/../lib/gcc/arm-none-eabi/14.2.1/thumb/v6-m/nofp\libg.a(libc_a-mallocr.o) (__malloc_lock)
C:/Users/quila/.pico-sdk/toolchain/14_2_Rel1/bin/../lib/gcc/arm-none-eabi/14.2.1/thumb/v6-m/nofp\libg.a(libc_a-rand.o)
                              CMakeFiles/Pico_W.dir/src/speaker/speaker.cpp.obj (srand)
C:/Users/quila/.pico-sdk/toolchain/14_2_Rel1/bin/../lib/gcc/arm-none-eabi/14.2.1/thumb/v6-m/nofp\libg.a(libc_a-realloc.o)
                              CMakeFiles/Pico_W.dir/C_/Users/quila/.pico-sdk/sdk/2.1.0/src/rp2_common/pico_malloc/malloc.c.obj (realloc)
C:/Users/quila/.pico-sdk/toolchain/14_2_Rel1/bin/../lib/gcc/arm-none-eabi/14.2.1/thumb/v6-m/nofp\libg.a(libc_a-reallocr.o)
                              C:/Users/quila/.pico-sdk/toolchain/14_2_Rel1/bin/../lib/gcc/arm-none-eabi/14.2.1/thumb/v6-m/nofp\libg.a(libc_a-realloc.o) (_realloc_r)
C:/Users/quila/.pico-sdk/toolchain/14_2_Rel1/bin/../lib/gcc/arm-none-eabi/14.2.1/thumb/v6-m/nofp\libg.a(libc_a-memcmp.o)
                              CMakeFiles/Pico_W.dir/C_/Users/quila/.pico-sdk/sdk/2.1.0/src/rp2_common/pico_atomic/atomic.c.obj (memcmp)
C:/Users/quila/.pico-sdk/toolchain/14_2_Rel1/bin/../lib/gcc/arm-none-eabi/14.2.1/thumb/v6-m/nofp\libg.a(libc_a-memmove.o)
                              CMakeFiles/Pico_W.dir/C_/Users/quila/.pico-sdk/sdk/2.1.0/lib/cyw43-driver/src/cyw43_ll.c.obj (memmove)
C:/Users/quila/.pico-sdk/toolchain/14_2_Rel1/bin/../lib/gcc/arm-none-eabi/14.2.1/thumb/v6-m/nofp\libg.a(libc_a-strncmp.o)
                              CMakeFiles/Pico_W.dir/C_/Users/quila/.pico-sdk/sdk/2.1.0/lib/cyw43-driver/src/cyw43_ll.c.obj (strncmp)
C:/Users/quila/.pico-sdk/toolchain/14_2_Rel1/bin/../lib/gcc/arm-none-eabi/14.2.1/thumb/v6-m/nofp\libg.a(libc_a-lcltime_r.o)
                              CMakeFiles/Pico_W.dir/C_/Users/quila/.pico-sdk/sdk/2.1.0/src/common/pico_util/datetime.c.obj (localtime_r)
C:/Users/quila/.pico-sdk/toolchain/14_2_Rel1/bin/../lib/gcc/arm-none-eabi/14.2.1/thumb/v6-m/nofp\libg.a(libc_a-mktime.o)
                              CMakeFiles/Pico_W.dir/C_/Users/quila/.pico-sdk/sdk/2.1.0/src/common/pico_util/datetime.c.obj (mktime)
C:/Users/quila/.pico-sdk/toolchain/14_2_Rel1/bin/../lib/gcc/arm-none-eabi/14.2.1/thumb/v6-m/nofp\libg.a(libc_a-month_lengths.o)
                              C:/Users/quila/.pico-sdk/toolchain/14_2_Rel1/bin/../lib/gcc/arm-none-eabi/14.2.1/thumb/v6-m/nofp\libg.a(libc_a-lcltime_r.o) (__month_lengths)
C:/Users/quila/.pico-sdk/toolchain/14_2_Rel1/bin/../lib/gcc/arm-none-eabi/14.2.1/thumb/v6-m/nofp\libg.a(libc_a-time.o)
                              CMakeFiles/Pico_W.dir/src/speaker/speaker.cpp.obj (time)
C:/Users/quila/.pico-sdk/toolchain/14_2_Rel1/bin/../lib/gcc/arm-none-eabi/14.2.1/thumb/v6-m/nofp\libg.a(libc_a-tzcalc_limits.o)
                              C:/Users/quila/.pico-sdk/toolchain/14_2_Rel1/bin/../lib/gcc/arm-none-eabi/14.2.1/thumb/v6-m/nofp\libg.a(libc_a-lcltime_r.o) (__tzcalc_limits)
C:/Users/quila/.pico-sdk/toolchain/14_2_Rel1/bin/../lib/gcc/arm-none-eabi/14.2.1/thumb/v6-m/nofp\libg.a(libc_a-tzlock.o)
                              C:/Users/quila/.pico-sdk/toolchain/14_2_Rel1/bin/../lib/gcc/arm-none-eabi/14.2.1/thumb/v6-m/nofp\libg.a(libc_a-lcltime_r.o) (__tz_lock)
C:/Users/quila/.pico-sdk/toolchain/14_2_Rel1/bin/../lib/gcc/arm-none-eabi/14.2.1/thumb/v6-m/nofp\libg.a(libc_a-tzset.o)
[...]
Memory Configuration

Name             Origin             Length             Attributes
FLASH            0x10000000         0x00200000         xr
RAM              0x20000000         0x00040000         xrw
SCRATCH_X        0x20040000         0x00001000         xrw
SCRATCH_Y        0x20041000         0x00001000         xrw
*default*        0x00000000         0xffffffff

Linker script and memory map

LOAD C:/Users/quila/.pico-sdk/toolchain/14_2_Rel1/bin/../lib/gcc/arm-none-eabi/14.2.1/thumb/v6-m/nofp/crti.o
LOAD C:/Users/quila/.pico-sdk/toolchain/14_2_Rel1/bin/../lib/gcc/arm-none-eabi/14.2.1/thumb/v6-m/nofp/crtbegin.o
LOAD C:/Users/quila/.pico-sdk/toolchain/14_2_Rel1/bin/../lib/gcc/arm-none-eabi/14.2.1/thumb/v6-m/nofp/crt0.o

.flash_begin    0x10000000        0x0
                0x10000000                        __flash_binary_start = .

.boot2          0x10000000      0x100
                0x10000000                        __boot2_start__ = .
 *(.boot2)
 .boot2         0x10000000      0x100 pico-sdk/src/rp2040/boot_stage2/CMakeFiles/bs2_default_library.dir/./bs2_default_padded_checksummed.S.obj
                0x10000100                        __boot2_end__ = .
                0x00000001                        ASSERT (((__boot2_end__ - __boot2_start__) == 0x100), ERROR: Pico second stage bootloader must be 256 bytes in size)

.text           0x10000100     0xc384
                0x10000100                        __logical_binary_start = .
 *(.vectors)
 .vectors       0x10000100       0xd4 CMakeFiles/Pico_W.dir/C_/Users/quila/.pico-sdk/sdk/2.1.0/src/rp2_common/pico_crt0/crt0.S.obj
                0x10000100                __VECTOR_TABLE
                0x10000100                __vectors
                0x100001c0                isr_invalid
                0x100001c0                __default_isrs_start
                0x100001c2                isr_nmi
                0x100001c4                isr_hardfault
                0x100001c6                isr_svcall
                0x100001c8                isr_pendsv
                0x100001ca                isr_systick
                0x100001cc                isr_irq23
                0x100001cc                isr_irq18
                0x100001cc                isr_irq11
                0x100001cc                isr_irq28
                0x100001cc                isr_irq19
                0x100001cc                isr_irq0
                0x100001cc                isr_irq6
                0x100001cc                isr_irq5
                0x100001cc                isr_irq12
                0x100001cc                isr_irq22
                0x100001cc                isr_irq31
                0x100001cc                isr_irq17
                0x100001cc                isr_irq27
                0x100001cc                isr_irq30
                0x100001cc                isr_irq2
                0x100001cc                isr_irq10
                0x100001cc                isr_irq8
                0x100001cc                isr_irq24
                0x100001cc                isr_irq1
                0x100001cc                isr_irq7
                0x100001cc                isr_irq21
                0x100001cc                isr_irq20
                0x100001cc                isr_irq15
                0x100001cc                isr_irq25
                0x100001cc                isr_irq13
                0x100001cc                __unhandled_user_irq
                0x100001cc                isr_irq4
                0x100001cc                isr_irq16
                0x100001cc                isr_irq29
                0x100001cc                isr_irq26
                0x100001cc                __default_isrs_end
                0x100001cc                isr_irq3
                0x100001cc                isr_irq14
                0x100001cc                isr_irq9
                0x100001d2                unhandled_user_irq_num_in_r0
 *(.binary_info_header)
 .binary_info_header
                0x100001d4       0x14 CMakeFiles/Pico_W.dir/C_/Users/quila/.pico-sdk/sdk/2.1.0/src/rp2_common/pico_crt0/crt0.S.obj
                0x100001e8                        __binary_info_header_end = .
 *(.embedded_block)
                0x100001e8                        __embedded_block_end = .
 *(.reset)
 .reset         0x100001e8       0x9c CMakeFiles/Pico_W.dir/C_/Users/quila/.pico-sdk/sdk/2.1.0/src/rp2_common/pico_crt0/crt0.S.obj
                0x100001e8                _entry_point
 *(.init)
 .init          0x10000284        0x4 C:/Users/quila/.pico-sdk/toolchain/14_2_Rel1/bin/../lib/gcc/arm-none-eabi/14.2.1/thumb/v6-m/nofp/crti.o
                0x10000284                _init
 *(EXCLUDE_FILE(*libm.a: *libc.a:*lib_a-mem*.o *libgcc.a:) .text*)
 .text.register_tm_clones
                0x10000288       0x28 C:/Users/quila/.pico-sdk/toolchain/14_2_Rel1/bin/../lib/gcc/arm-none-eabi/14.2.1/thumb/v6-m/nofp/crtbegin.o
 .text.frame_dummy
                0x100002b0       0x24 C:/Users/quila/.pico-sdk/toolchain/14_2_Rel1/bin/../lib/gcc/arm-none-eabi/14.2.1/thumb/v6-m/nofp/crtbegin.o
 .text._Z8mic_corev
                0x100002d4        0x8 CMakeFiles/Pico_W.dir/src/main.cpp.obj
                0x100002d4                mic_core()
 .text._ZN9MainEvent13initialiseMCUEv
                0x100002dc       0x18 CMakeFiles/Pico_W.dir/src/main.cpp.obj
                0x100002dc                MainEvent::initialiseMCU()
 .text._ZN9MainEvent20onSongTimerDepletionEv
                0x100002f4        0x8 CMakeFiles/Pico_W.dir/src/main.cpp.obj
                0x100002f4                MainEvent::onSongTimerDepletion()
 .text.startup.main
                0x100002fc       0x74 CMakeFiles/Pico_W.dir/src/main.cpp.obj
                0x100002fc                main
 .text._ZN7Speaker8onUartRXEv
                0x10000370       0x50 CMakeFiles/Pico_W.dir/src/speaker/speaker.cpp.obj
                0x10000370                Speaker::onUartRX()
 .text._ZN7Speaker11sendCommandEhhh
                0x100003c0      0x120 CMakeFiles/Pico_W.dir/src/speaker/speaker.cpp.obj
                0x100003c0                Speaker::sendCommand(unsigned char, unsigned char, unsigned char)
 .text._ZN7Speaker10initialiseEh
                0x100004e0       0x68 CMakeFiles/Pico_W.dir/src/speaker/speaker.cpp.obj
                0x100004e0                Speaker::initialise(unsigned char)
 .text._ZN7Speaker8playSongEhh
                0x10000548       0x28 CMakeFiles/Pico_W.dir/src/speaker/speaker.cpp.obj
                0x10000548                Speaker::playSong(unsigned char, unsigned char)
 .text._ZN7Speaker8stopSongEv
                0x10000570       0x14 CMakeFiles/Pico_W.dir/src/speaker/speaker.cpp.obj
                0x10000570                Speaker::stopSong()
 .text._ZN5Timer16songTimerTriggerElPv
                0x10000584        0xc CMakeFiles/Pico_W.dir/src/timers/timer.cpp.obj
                0x10000584                Timer::songTimerTrigger(long, void*)
 .text._ZN5Timer14startSongTimerEv
                0x10000590       0x58 CMakeFiles/Pico_W.dir/src/timers/timer.cpp.obj
                0x10000590                Timer::startSongTimer()
 .text._ZN5Timer13stopSongTimerEv
                0x100005e8       0x18 CMakeFiles/Pico_W.dir/src/timers/timer.cpp.obj
                0x100005e8                Timer::stopSongTimer()
 .text._ZN7Command18runCommandFromByteEa
                0x10000600       0x48 CMakeFiles/Pico_W.dir/src/command/command.cpp.obj
                0x10000600                Command::runCommandFromByte(signed char)
 .text.on_analog_samples_ready
                0x10000648       0x18 CMakeFiles/Pico_W.dir/src/microphone/microphone.c.obj
                0x10000648                on_analog_samples_ready
 .text.on_usb_microphone_tx_ready
                0x10000660       0x10 CMakeFiles/Pico_W.dir/src/microphone/microphone.c.obj
                0x10000660                on_usb_microphone_tx_ready
 .text.microphone_setup
                0x10000670       0x38 CMakeFiles/Pico_W.dir/src/microphone/microphone.c.obj
                0x10000670                microphone_setup
 .text.tud_descriptor_device_cb
                0x100006a8        0x8 CMakeFiles/Pico_W.dir/src/microphone/usb_descriptors.c.obj
                0x100006a8                tud_descriptor_device_cb
 .text.tud_descriptor_configuration_cb
                0x100006b0        0x8 CMakeFiles/Pico_W.dir/src/microphone/usb_descriptors.c.obj
                0x100006b0                tud_descriptor_configuration_cb
 .text.tud_descriptor_string_cb
                0x100006b8       0x74 CMakeFiles/Pico_W.dir/src/microphone/usb_descriptors.c.obj
                0x100006b8                tud_descriptor_string_cb
 .text.usb_microphone_init
                0x1000072c       0x34 CMakeFiles/Pico_W.dir/src/microphone/usb_microphone.c.obj
                0x1000072c                usb_microphone_init
 .text.usb_microphone_set_tx_ready_handler
                0x10000760        0xc CMakeFiles/Pico_W.dir/src/microphone/usb_microphone.c.obj
                0x10000760                usb_microphone_set_tx_ready_handler
 .text.usb_microphone_write
                0x1000076c       0x10 CMakeFiles/Pico_W.dir/src/microphone/usb_microphone.c.obj
                0x1000076c                usb_microphone_write
 .text.usb_microphone_task
                0x1000077c       0x10 CMakeFiles/Pico_W.dir/src/microphone/usb_microphone.c.obj
                0x1000077c                usb_microphone_task
 .text.tud_audio_set_req_ep_cb
                0x1000078c        0x4 CMakeFiles/Pico_W.dir/src/microphone/usb_microphone.c.obj
                0x1000078c                tud_audio_set_req_ep_cb
 .text.tud_audio_set_req_itf_cb
                0x10000790        0x4 CMakeFiles/Pico_W.dir/src/microphone/usb_microphone.c.obj
                0x10000790                tud_audio_set_req_itf_cb
 .text.tud_audio_set_req_entity_cb
                0x10000794       0x60 CMakeFiles/Pico_W.dir/src/microphone/usb_microphone.c.obj
                0x10000794                tud_audio_set_req_entity_cb
 .text.tud_audio_get_req_ep_cb
                0x100007f4        0x4 CMakeFiles/Pico_W.dir/src/microphone/usb_microphone.c.obj
                0x100007f4                tud_audio_get_req_ep_cb
 .text.tud_audio_get_req_itf_cb
                0x100007f8        0x4 CMakeFiles/Pico_W.dir/src/microphone/usb_microphone.c.obj
                0x100007f8                tud_audio_get_req_itf_cb
 .text.tud_audio_get_req_entity_cb
                0x100007fc       0xd0 CMakeFiles/Pico_W.dir/src/microphone/usb_microphone.c.obj
                0x100007fc                tud_audio_get_req_entity_cb
 .text.tud_audio_tx_done_pre_load_cb
                0x100008cc       0x14 CMakeFiles/Pico_W.dir/src/microphone/usb_microphone.c.obj
                0x100008cc                tud_audio_tx_done_pre_load_cb
 .text.tud_audio_tx_done_post_load_cb
                0x100008e0        0x4 CMakeFiles/Pico_W.dir/src/microphone/usb_microphone.c.obj
                0x100008e0                tud_audio_tx_done_post_load_cb
 .text.tud_audio_set_itf_close_EP_cb
                0x100008e4        0x4 CMakeFiles/Pico_W.dir/src/microphone/usb_microphone.c.obj
                0x100008e4                tud_audio_set_itf_close_EP_cb
 .text.analog_dma_handler
                0x100008e8       0x70 CMakeFiles/Pico_W.dir/src/microphone/analog_microphone.c.obj
 .text.analog_microphone_deinit
                0x10000958       0x38 CMakeFiles/Pico_W.dir/src/microphone/analog_microphone.c.obj
                0x10000958                analog_microphone_deinit
 .text.analog_microphone_init
                0x10000990      0x19c CMakeFiles/Pico_W.dir/src/microphone/analog_microphone.c.obj
                0x10000990                analog_microphone_init
 .text.analog_microphone_start
                0x10000b2c       0x70 CMakeFiles/Pico_W.dir/src/microphone/analog_microphone.c.obj
                0x10000b2c                analog_microphone_start
 .text.analog_microphone_set_samples_ready_handler
                0x10000b9c        0xc CMakeFiles/Pico_W.dir/src/microphone/analog_microphone.c.obj
                0x10000b9c                analog_microphone_set_samples_ready_handler
 .text.analog_microphone_read
                0x10000ba8       0x4c CMakeFiles/Pico_W.dir/src/microphone/analog_microphone.c.obj
                0x10000ba8                analog_microphone_read
 .text.gpio_set_function
                0x10000bf4       0x34 CMakeFiles/Pico_W.dir/C_/Users/quila/.pico-sdk/sdk/2.1.0/src/rp2_common/hardware_gpio/gpio.c.obj
                0x10000bf4                gpio_set_function
 .text.gpio_set_pulls
                0x10000c28       0x28 CMakeFiles/Pico_W.dir/C_/Users/quila/.pico-sdk/sdk/2.1.0/src/rp2_common/hardware_gpio/gpio.c.obj
                0x10000c28                gpio_set_pulls
 .text.gpio_set_input_hysteresis_enabled
                0x10000c50       0x28 CMakeFiles/Pico_W.dir/C_/Users/quila/.pico-sdk/sdk/2.1.0/src/rp2_common/hardware_gpio/gpio.c.obj
                0x10000c50                gpio_set_input_hysteresis_enabled
 .text.gpio_set_irq_enabled
                0x10000c78       0x58 CMakeFiles/Pico_W.dir/C_/Users/quila/.pico-sdk/sdk/2.1.0/src/rp2_common/hardware_gpio/gpio.c.obj
                0x10000c78                gpio_set_irq_enabled
 .text.gpio_add_raw_irq_handler_with_order_priority_masked
                0x10000cd0       0x44 CMakeFiles/Pico_W.dir/C_/Users/quila/.pico-sdk/sdk/2.1.0/src/rp2_common/hardware_gpio/gpio.c.obj
                0x10000cd0                gpio_add_raw_irq_handler_with_order_priority_masked
 .text.gpio_remove_raw_irq_handler_masked
                0x10000d14       0x20 CMakeFiles/Pico_W.dir/C_/Users/quila/.pico-sdk/sdk/2.1.0/src/rp2_common/hardware_gpio/gpio.c.obj
                0x10000d14                gpio_remove_raw_irq_handler_masked
 .text.gpio_set_input_enabled
                0x10000d34       0x28 CMakeFiles/Pico_W.dir/C_/Users/quila/.pico-sdk/sdk/2.1.0/src/rp2_common/hardware_gpio/gpio.c.obj
                0x10000d34                gpio_set_input_enabled
 .text.gpio_init
                0x10000d5c       0x40 CMakeFiles/Pico_W.dir/C_/Users/quila/.pico-sdk/sdk/2.1.0/src/rp2_common/hardware_gpio/gpio.c.obj
                0x10000d5c                gpio_init
 .text.rp2040_chip_version
                0x10000d9c        0xc CMakeFiles/Pico_W.dir/C_/Users/quila/.pico-sdk/sdk/2.1.0/src/rp2040/pico_platform/platform.c.obj
                0x10000d9c                rp2040_chip_version
 .text.panic    0x10000da8       0x30 CMakeFiles/Pico_W.dir/C_/Users/quila/.pico-sdk/sdk/2.1.0/src/rp2_common/pico_platform_panic/panic.c.obj
                0x10000da8                panic
 .text.hw_claim_lock
                0x10000dd8       0x18 CMakeFiles/Pico_W.dir/C_/Users/quila/.pico-sdk/sdk/2.1.0/src/common/hardware_claim/claim.c.obj
                0x10000dd8                hw_claim_lock
 .text.hw_claim_unlock
                0x10000df0       0x14 CMakeFiles/Pico_W.dir/C_/Users/quila/.pico-sdk/sdk/2.1.0/src/common/hardware_claim/claim.c.obj
                0x10000df0                hw_claim_unlock
 .text.hw_claim_or_assert
                0x10000e04       0x44 CMakeFiles/Pico_W.dir/C_/Users/quila/.pico-sdk/sdk/2.1.0/src/common/hardware_claim/claim.c.obj
                0x10000e04                hw_claim_or_assert
 .text.hw_claim_unused_from_range
                0x10000e48       0x88 CMakeFiles/Pico_W.dir/C_/Users/quila/.pico-sdk/sdk/2.1.0/src/common/hardware_claim/claim.c.obj
                0x10000e48                hw_claim_unused_from_range
 .text.hw_claim_clear
                0x10000ed0       0x38 CMakeFiles/Pico_W.dir/C_/Users/quila/.pico-sdk/sdk/2.1.0/src/common/hardware_claim/claim.c.obj
                0x10000ed0                hw_claim_clear
 .text.next_striped_spin_lock_num
                0x10000f08       0x18 CMakeFiles/Pico_W.dir/C_/Users/quila/.pico-sdk/sdk/2.1.0/src/rp2_common/hardware_sync/sync.c.obj
                0x10000f08                next_striped_spin_lock_num
 .text.spin_lock_claim_unused
                0x10000f20       0x24 CMakeFiles/Pico_W.dir/C_/Users/quila/.pico-sdk/sdk/2.1.0/src/rp2_common/hardware_sync/sync.c.obj
                0x10000f20                spin_lock_claim_unused
 .text.spin_locks_reset
                0x10000f44       0x1c CMakeFiles/Pico_W.dir/C_/Users/quila/.pico-sdk/sdk/2.1.0/src/rp2_common/hardware_sync_spin_lock/sync_spin_lock.c.obj
                0x10000f44                spin_locks_reset
 .text.runtime_init_per_core_irq_priorities
                0x10000f60       0x24 CMakeFiles/Pico_W.dir/C_/Users/quila/.pico-sdk/sdk/2.1.0/src/rp2_common/hardware_irq/irq.c.obj
                0x10000f60                runtime_init_per_core_irq_priorities
 .text.irq_set_enabled
                0x10000f84       0x24 CMakeFiles/Pico_W.dir/C_/Users/quila/.pico-sdk/sdk/2.1.0/src/rp2_common/hardware_irq/irq.c.obj
                0x10000f84                irq_set_enabled
 .text.irq_is_enabled
                0x10000fa8       0x18 CMakeFiles/Pico_W.dir/C_/Users/quila/.pico-sdk/sdk/2.1.0/src/rp2_common/hardware_irq/irq.c.obj
                0x10000fa8                irq_is_enabled
 .text.irq_set_pending
                0x10000fc0       0x10 CMakeFiles/Pico_W.dir/C_/Users/quila/.pico-sdk/sdk/2.1.0/src/rp2_common/hardware_irq/irq.c.obj
                0x10000fc0                irq_set_pending
 .text.irq_set_exclusive_handler
                0x10000fd0       0x54 CMakeFiles/Pico_W.dir/C_/Users/quila/.pico-sdk/sdk/2.1.0/src/rp2_common/hardware_irq/irq.c.obj
                0x10000fd0                irq_set_exclusive_handler
 .text.irq_add_shared_handler
                0x10001024      0x1f4 CMakeFiles/Pico_W.dir/C_/Users/quila/.pico-sdk/sdk/2.1.0/src/rp2_common/hardware_irq/irq.c.obj
                0x10001024                irq_add_shared_handler
 .text.irq_remove_handler
                0x10001218      0x1d4 CMakeFiles/Pico_W.dir/C_/Users/quila/.pico-sdk/sdk/2.1.0/src/rp2_common/hardware_irq/irq.c.obj
                0x10001218                irq_remove_handler
 .text.irq_set_priority
                0x100013ec       0x28 CMakeFiles/Pico_W.dir/C_/Users/quila/.pico-sdk/sdk/2.1.0/src/rp2_common/hardware_irq/irq.c.obj
                0x100013ec                irq_set_priority
 .text.irq_add_tail_to_free_list
                0x10001414       0xb4 CMakeFiles/Pico_W.dir/C_/Users/quila/.pico-sdk/sdk/2.1.0/src/rp2_common/hardware_irq/irq.c.obj
                0x10001414                irq_add_tail_to_free_list
 .text.user_irq_unclaim
                0x100014c8       0x14 CMakeFiles/Pico_W.dir/C_/Users/quila/.pico-sdk/sdk/2.1.0/src/rp2_common/hardware_irq/irq.c.obj
                0x100014c8                user_irq_unclaim
 .text.user_irq_claim_unused
                0x100014dc       0x2c CMakeFiles/Pico_W.dir/C_/Users/quila/.pico-sdk/sdk/2.1.0/src/rp2_common/hardware_irq/irq.c.obj
                0x100014dc                user_irq_claim_unused
 .text.sem_init
                0x10001508       0x20 CMakeFiles/Pico_W.dir/C_/Users/quila/.pico-sdk/sdk/2.1.0/src/common/pico_sync/sem.c.obj
                0x10001508                sem_init
 .text.lock_init
                0x10001528       0x10 CMakeFiles/Pico_W.dir/C_/Users/quila/.pico-sdk/sdk/2.1.0/src/common/pico_sync/lock_core.c.obj
                0x10001528                lock_init
 .text.runtime_init_mutex
                0x10001538       0x50 CMakeFiles/Pico_W.dir/C_/Users/quila/.pico-sdk/sdk/2.1.0/src/common/pico_sync/mutex.c.obj
                0x10001538                runtime_init_mutex
 .text.mutex_init
                0x10001588       0x1c CMakeFiles/Pico_W.dir/C_/Users/quila/.pico-sdk/sdk/2.1.0/src/common/pico_sync/mutex.c.obj
                0x10001588                mutex_init
 .text.recursive_mutex_init
                0x100015a4       0x1c CMakeFiles/Pico_W.dir/C_/Users/quila/.pico-sdk/sdk/2.1.0/src/common/pico_sync/mutex.c.obj
                0x100015a4                recursive_mutex_init
 .text.critical_section_init
                0x100015c0       0x1c CMakeFiles/Pico_W.dir/C_/Users/quila/.pico-sdk/sdk/2.1.0/src/common/pico_sync/critical_section.c.obj
                0x100015c0                critical_section_init
 .text.sleep_until_callback
                0x100015dc       0x30 CMakeFiles/Pico_W.dir/C_/Users/quila/.pico-sdk/sdk/2.1.0/src/common/pico_time/time.c.obj
 .text.alarm_pool_irq_handler
                0x1000160c      0x2fc CMakeFiles/Pico_W.dir/C_/Users/quila/.pico-sdk/sdk/2.1.0/src/common/pico_time/time.c.obj
 .text.runtime_init_default_alarm_pool
                0x10001908       0xdc CMakeFiles/Pico_W.dir/C_/Users/quila/.pico-sdk/sdk/2.1.0/src/common/pico_time/time.c.obj
                0x10001908                runtime_init_default_alarm_pool
 .text.alarm_pool_get_default
                0x100019e4        0x8 CMakeFiles/Pico_W.dir/C_/Users/quila/.pico-sdk/sdk/2.1.0/src/common/pico_time/time.c.obj
                0x100019e4                alarm_pool_get_default
 .text.alarm_pool_create_on_timer_with_unused_hardware_alarm
                0x100019ec       0xa8 CMakeFiles/Pico_W.dir/C_/Users/quila/.pico-sdk/sdk/2.1.0/src/common/pico_time/time.c.obj
                0x100019ec                alarm_pool_create_on_timer_with_unused_hardware_alarm
 .text.alarm_pool_destroy
                0x10001a94       0x58 CMakeFiles/Pico_W.dir/C_/Users/quila/.pico-sdk/sdk/2.1.0/src/common/pico_time/time.c.obj
                0x10001a94                alarm_pool_destroy
 .text.alarm_pool_add_alarm_at
                0x10001aec       0xd0 CMakeFiles/Pico_W.dir/C_/Users/quila/.pico-sdk/sdk/2.1.0/src/common/pico_time/time.c.obj
                0x10001aec                alarm_pool_add_alarm_at
 .text.alarm_pool_add_alarm_at_force_in_context
                0x10001bbc       0xb0 CMakeFiles/Pico_W.dir/C_/Users/quila/.pico-sdk/sdk/2.1.0/src/common/pico_time/time.c.obj
                0x10001bbc                alarm_pool_add_alarm_at_force_in_context
 .text.alarm_pool_cancel_alarm
                0x10001c6c       0x74 CMakeFiles/Pico_W.dir/C_/Users/quila/.pico-sdk/sdk/2.1.0/src/common/pico_time/time.c.obj
                0x10001c6c                alarm_pool_cancel_alarm
 .text.alarm_pool_core_num
                0x10001ce0        0x4 CMakeFiles/Pico_W.dir/C_/Users/quila/.pico-sdk/sdk/2.1.0/src/common/pico_time/time.c.obj
                0x10001ce0                alarm_pool_core_num
 .text.sleep_until
                0x10001ce4       0xd0 CMakeFiles/Pico_W.dir/C_/Users/quila/.pico-sdk/sdk/2.1.0/src/common/pico_time/time.c.obj
                0x10001ce4                sleep_until
 .text.sleep_ms
                0x10001db4       0xfc CMakeFiles/Pico_W.dir/C_/Users/quila/.pico-sdk/sdk/2.1.0/src/common/pico_time/time.c.obj
                0x10001db4                sleep_ms
 .text.best_effort_wfe_or_timeout
                0x10001eb0       0xec CMakeFiles/Pico_W.dir/C_/Users/quila/.pico-sdk/sdk/2.1.0/src/common/pico_time/time.c.obj
                0x10001eb0                best_effort_wfe_or_timeout
 .text.alarm_pool_get_default_timer
                0x10001f9c        0x8 CMakeFiles/Pico_W.dir/C_/Users/quila/.pico-sdk/sdk/2.1.0/src/common/pico_time/time.c.obj
                0x10001f9c                alarm_pool_get_default_timer
 .text.timer_hardware_alarm_claim
                0x10001fa4       0x14 CMakeFiles/Pico_W.dir/C_/Users/quila/.pico-sdk/sdk/2.1.0/src/rp2_common/hardware_timer/timer.c.obj
                0x10001fa4                timer_hardware_alarm_claim
 .text.hardware_alarm_unclaim
                0x10001fb8       0x14 CMakeFiles/Pico_W.dir/C_/Users/quila/.pico-sdk/sdk/2.1.0/src/rp2_common/hardware_timer/timer.c.obj
                0x10001fb8                hardware_alarm_unclaim
 .text.timer_hardware_alarm_claim_unused
                0x10001fcc       0x20 CMakeFiles/Pico_W.dir/C_/Users/quila/.pico-sdk/sdk/2.1.0/src/rp2_common/hardware_timer/timer.c.obj
                0x10001fcc                timer_hardware_alarm_claim_unused
 .text.timer_time_us_64
                0x10001fec       0x10 CMakeFiles/Pico_W.dir/C_/Users/quila/.pico-sdk/sdk/2.1.0/src/rp2_common/hardware_timer/timer.c.obj
                0x10001fec                timer_time_us_64
 .text.time_us_64
                0x10001ffc       0x14 CMakeFiles/Pico_W.dir/C_/Users/quila/.pico-sdk/sdk/2.1.0/src/rp2_common/hardware_timer/timer.c.obj
                0x10001ffc                time_us_64
 .text.busy_wait_us
                0x10002010       0x68 CMakeFiles/Pico_W.dir/C_/Users/quila/.pico-sdk/sdk/2.1.0/src/rp2_common/hardware_timer/timer.c.obj
                0x10002010                busy_wait_us
 .text.busy_wait_until
                0x10002078       0x20 CMakeFiles/Pico_W.dir/C_/Users/quila/.pico-sdk/sdk/2.1.0/src/rp2_common/hardware_timer/timer.c.obj
                0x10002078                busy_wait_until
 .text.uart_init
                0x10002098      0x120 CMakeFiles/Pico_W.dir/C_/Users/quila/.pico-sdk/sdk/2.1.0/src/rp2_common/hardware_uart/uart.c.obj
                0x10002098                uart_init
 .text.clock_configure_int_divider
                0x100021b8       0xf4 CMakeFiles/Pico_W.dir/C_/Users/quila/.pico-sdk/sdk/2.1.0/src/rp2_common/hardware_clocks/clocks.c.obj
                0x100021b8                clock_configure_int_divider
 .text.clock_configure_undivided
                0x100022ac       0xe8 CMakeFiles/Pico_W.dir/C_/Users/quila/.pico-sdk/sdk/2.1.0/src/rp2_common/hardware_clocks/clocks.c.obj
                0x100022ac                clock_configure_undivided
 .text.clock_get_hz
                0x10002394        0xc CMakeFiles/Pico_W.dir/C_/Users/quila/.pico-sdk/sdk/2.1.0/src/rp2_common/hardware_clocks/clocks.c.obj
                0x10002394                clock_get_hz
 .text.pll_init
                0x100023a0       0xa4 CMakeFiles/Pico_W.dir/C_/Users/quila/.pico-sdk/sdk/2.1.0/src/rp2_common/hardware_pll/pll.c.obj
                0x100023a0                pll_init
 .text.tick_start
                0x10002444       0x10 CMakeFiles/Pico_W.dir/C_/Users/quila/.pico-sdk/sdk/2.1.0/src/rp2_common/hardware_ticks/ticks.c.obj
                0x10002444                tick_start
 .text.rom_func_lookup
                0x10002454       0x10 CMakeFiles/Pico_W.dir/C_/Users/quila/.pico-sdk/sdk/2.1.0/src/rp2_common/pico_bootrom/bootrom.c.obj
                0x10002454                rom_func_lookup
 .text.rom_data_lookup
                0x10002464       0x10 CMakeFiles/Pico_W.dir/C_/Users/quila/.pico-sdk/sdk/2.1.0/src/rp2_common/pico_bootrom/bootrom.c.obj
                0x10002464                rom_data_lookup
 .text.rom_funcs_lookup
                0x10002474       0x44 CMakeFiles/Pico_W.dir/C_/Users/quila/.pico-sdk/sdk/2.1.0/src/rp2_common/pico_bootrom/bootrom.c.obj
                0x10002474                rom_funcs_lookup
 .text.xosc_init
                0x100024b8       0x28 CMakeFiles/Pico_W.dir/C_/Users/quila/.pico-sdk/sdk/2.1.0/src/rp2_common/hardware_xosc/xosc.c.obj
                0x100024b8                xosc_init
 .text.first_per_core_initializer
                0x100024e0        0x4 CMakeFiles/Pico_W.dir/C_/Users/quila/.pico-sdk/sdk/2.1.0/src/rp2_common/pico_runtime/runtime.c.obj
 .text.hard_assertion_failure
                0x100024e4        0xc CMakeFiles/Pico_W.dir/C_/Users/quila/.pico-sdk/sdk/2.1.0/src/rp2_common/pico_runtime/runtime.c.obj
                0x100024e4                hard_assertion_failure
 .text.runtime_run_initializers
                0x100024f0       0x28 CMakeFiles/Pico_W.dir/C_/Users/quila/.pico-sdk/sdk/2.1.0/src/rp2_common/pico_runtime/runtime.c.obj
                0x100024f0                runtime_run_initializers
 .text.runtime_run_per_core_initializers
                0x10002518       0x28 CMakeFiles/Pico_W.dir/C_/Users/quila/.pico-sdk/sdk/2.1.0/src/rp2_common/pico_runtime/runtime.c.obj
                0x10002518                runtime_run_per_core_initializers
 .text.runtime_init_early_resets
                0x10002540       0x2c CMakeFiles/Pico_W.dir/C_/Users/quila/.pico-sdk/sdk/2.1.0/src/rp2_common/pico_runtime_init/runtime_init.c.obj
                0x10002540                runtime_init_early_resets
 .text.runtime_init_usb_power_down
                0x1000256c       0x1c CMakeFiles/Pico_W.dir/C_/Users/quila/.pico-sdk/sdk/2.1.0/src/rp2_common/pico_runtime_init/runtime_init.c.obj
                0x1000256c                runtime_init_usb_power_down
 .text.runtime_init_post_clock_resets
                0x10002588       0x20 CMakeFiles/Pico_W.dir/C_/Users/quila/.pico-sdk/sdk/2.1.0/src/rp2_common/pico_runtime_init/runtime_init.c.obj
                0x10002588                runtime_init_post_clock_resets
 .text.runtime_init_rp2040_gpio_ie_disable
                0x100025a8       0x14 CMakeFiles/Pico_W.dir/C_/Users/quila/.pico-sdk/sdk/2.1.0/src/rp2_common/pico_runtime_init/runtime_init.c.obj
                0x100025a8                runtime_init_rp2040_gpio_ie_disable
 .text.runtime_init_spin_locks_reset
                0x100025bc        0x8 CMakeFiles/Pico_W.dir/C_/Users/quila/.pico-sdk/sdk/2.1.0/src/rp2_common/pico_runtime_init/runtime_init.c.obj
                0x100025bc                runtime_init_spin_locks_reset
 .text.runtime_init_install_ram_vector_table
                0x100025c4       0x1c CMakeFiles/Pico_W.dir/C_/Users/quila/.pico-sdk/sdk/2.1.0/src/rp2_common/pico_runtime_init/runtime_init.c.obj
                0x100025c4                runtime_init_install_ram_vector_table
 .text.runtime_init_clocks
                0x100025e0       0xd8 CMakeFiles/Pico_W.dir/C_/Users/quila/.pico-sdk/sdk/2.1.0/src/rp2_common/pico_runtime_init/runtime_init_clocks.c.obj
                0x100025e0                runtime_init_clocks
 .text          0x100026b8       0x10 CMakeFiles/Pico_W.dir/C_/Users/quila/.pico-sdk/sdk/2.1.0/src/rp2_common/pico_bit_ops/bit_ops_aeabi.S.obj
 .text.ctzsi    0x100026c8        0xc CMakeFiles/Pico_W.dir/C_/Users/quila/.pico-sdk/sdk/2.1.0/src/rp2_common/pico_bit_ops/bit_ops_aeabi.S.obj
                0x100026c8                __wrap___ctzsi2
 .text.__wrap___aeabi_idiv
                0x100026d4       0x50 CMakeFiles/Pico_W.dir/C_/Users/quila/.pico-sdk/sdk/2.1.0/src/rp2_common/pico_divider/divider_hardware.S.obj
                0x100026d4                __wrap___aeabi_idivmod
                0x100026d4                divmod_s32s32
                0x100026d4                div_s32s32
                0x100026d4                __wrap___aeabi_idiv
                0x100026dc                divmod_s32s32_unsafe
                0x10002708                divmod_s32s32_savestate
 .text.__wrap___aeabi_uidiv
                0x10002724       0x4c CMakeFiles/Pico_W.dir/C_/Users/quila/.pico-sdk/sdk/2.1.0/src/rp2_common/pico_divider/divider_hardware.S.obj
                0x10002724                __wrap___aeabi_uidiv
                0x10002724                __wrap___aeabi_uidivmod
                0x10002724                div_u32u32
                0x10002724                divmod_u32u32
                0x1000272c                divmod_u32u32_unsafe
                0x10002754                divmod_u32u32_savestate
 .text.__wrap___aeabi_ldiv
                0x10002770      0x424 CMakeFiles/Pico_W.dir/C_/Users/quila/.pico-sdk/sdk/2.1.0/src/rp2_common/pico_divider/divider_hardware.S.obj
                0x10002770                div_s64s64
                0x10002770                divmod_s64s64
                0x10002770                __wrap___aeabi_ldivmod
                0x100027a0                divmod_u64u64
                0x100027a0                div_u64u64
                0x100027a0                __wrap___aeabi_uldivmod
                0x100027b0                divmod_u64u64_savestate
                0x100027d0                divmod_s64s64_unsafe
                0x10002858                divmod_u64u64_unsafe
 .text.__wrap___aeabi_darithmetic
                0x10002b94       0x60 CMakeFiles/Pico_W.dir/C_/Users/quila/.pico-sdk/sdk/2.1.0/src/rp2_common/pico_double/double_aeabi_rp2040.S.obj
                0x10002b94                __wrap___aeabi_drsub
                0x10002b9a                __wrap___aeabi_dsub
                0x10002ba4                __wrap___aeabi_dadd
                0x10002bae                __wrap___aeabi_ddiv
                0x10002be2                __wrap___aeabi_dmul
 .text.__wrap___aeabi_cdcmple
                0x10002bf4       0x6c CMakeFiles/Pico_W.dir/C_/Users/quila/.pico-sdk/sdk/2.1.0/src/rp2_common/pico_double/double_aeabi_rp2040.S.obj
                0x10002bf4                __wrap___aeabi_cdrcmple
                0x10002c04                __wrap___aeabi_cdcmpeq
                0x10002c04                __wrap___aeabi_cdcmple
 .text.__wrap___aeabi_dcmplt
                0x10002c60        0xc CMakeFiles/Pico_W.dir/C_/Users/quila/.pico-sdk/sdk/2.1.0/src/rp2_common/pico_double/double_aeabi_rp2040.S.obj
                0x10002c60                __wrap___aeabi_dcmplt
 .text.__wrap___aeabi_dcmple
                0x10002c6c       0x10 CMakeFiles/Pico_W.dir/C_/Users/quila/.pico-sdk/sdk/2.1.0/src/rp2_common/pico_double/double_aeabi_rp2040.S.obj
                0x10002c6c                __wrap___aeabi_dcmple
 .text.__wrap___aeabi_dcmpge
                0x10002c7c       0x10 CMakeFiles/Pico_W.dir/C_/Users/quila/.pico-sdk/sdk/2.1.0/src/rp2_common/pico_double/double_aeabi_rp2040.S.obj
                0x10002c7c                __wrap___aeabi_dcmpge
 .text.__wrap___aeabi_dcmpgt
                0x10002c8c        0xa CMakeFiles/Pico_W.dir/C_/Users/quila/.pico-sdk/sdk/2.1.0/src/rp2_common/pico_double/double_aeabi_rp2040.S.obj
                0x10002c8c                __wrap___aeabi_dcmpgt
 .text.__wrap___aeabi_dcmpun
                0x10002c96       0x18 CMakeFiles/Pico_W.dir/C_/Users/quila/.pico-sdk/sdk/2.1.0/src/rp2_common/pico_double/double_aeabi_rp2040.S.obj
                0x10002c96                __wrap___aeabi_dcmpun
 *fill*         0x10002cae        0x2 
 .text.__wrap___aeabi_i2d
                0x10002cb0       0x38 CMakeFiles/Pico_W.dir/C_/Users/quila/.pico-sdk/sdk/2.1.0/src/rp2_common/pico_double/double_aeabi_rp2040.S.obj
                0x10002cb0                __wrap___aeabi_ui2d
                0x10002cb8                __wrap___aeabi_i2d
 .text.__wrap___aeabi_d2iz
                0x10002ce8       0x48 CMakeFiles/Pico_W.dir/C_/Users/quila/.pico-sdk/sdk/2.1.0/src/rp2_common/pico_double/double_aeabi_rp2040.S.obj
                0x10002ce8                double2int_z
                0x10002ce8                __wrap___aeabi_d2iz
 .text.__wrap___aeabi_d2uiz
                0x10002d30       0x10 CMakeFiles/Pico_W.dir/C_/Users/quila/.pico-sdk/sdk/2.1.0/src/rp2_common/pico_double/double_aeabi_rp2040.S.obj
                0x10002d30                __wrap___aeabi_d2uiz
                0x10002d30                double2uint
 .text.__wrap___aeabi_d2f
                0x10002d40       0x10 CMakeFiles/Pico_W.dir/C_/Users/quila/.pico-sdk/sdk/2.1.0/src/rp2_common/pico_double/double_aeabi_rp2040.S.obj
                0x10002d40                __wrap___aeabi_d2f
 .text.missing_double_func_shim
                0x10002d50        0xc CMakeFiles/Pico_W.dir/C_/Users/quila/.pico-sdk/sdk/2.1.0/src/rp2_common/pico_double/double_init_rom_rp2040.c.obj
 .text.__aeabi_double_init
                0x10002d5c       0xa0 CMakeFiles/Pico_W.dir/C_/Users/quila/.pico-sdk/sdk/2.1.0/src/rp2_common/pico_double/double_init_rom_rp2040.c.obj
                0x10002d5c                __aeabi_double_init
 .text.double_table_shim_on_use_helper
                0x10002dfc       0x2c CMakeFiles/Pico_W.dir/C_/Users/quila/.pico-sdk/sdk/2.1.0/src/rp2_common/pico_double/double_v1_rom_shim_rp2040.S.obj
                0x10002dfc                double_table_shim_on_use_helper
 .text.__aeabi_lmul
                0x10002e28       0x32 CMakeFiles/Pico_W.dir/C_/Users/quila/.pico-sdk/sdk/2.1.0/src/rp2_common/pico_int64_ops/pico_int64_ops_aeabi.S.obj
                0x10002e28                __wrap___aeabi_lmul
 *fill*         0x10002e5a        0x2 
 .text.__wrap___aeabi_farithmetic
                0x10002e5c       0x48 CMakeFiles/Pico_W.dir/C_/Users/quila/.pico-sdk/sdk/2.1.0/src/rp2_common/pico_float/float_aeabi_rp2040.S.obj
                0x10002e5c                __wrap___aeabi_frsub
                0x10002e62                __wrap___aeabi_fsub
                0x10002e68                __wrap___aeabi_fadd
                0x10002e6e                __wrap___aeabi_fdiv
                0x10002e96                __wrap___aeabi_fmul
 .text.__wrap___aeabi_f2uiz
                0x10002ea4        0xc CMakeFiles/Pico_W.dir/C_/Users/quila/.pico-sdk/sdk/2.1.0/src/rp2_common/pico_float/float_aeabi_rp2040.S.obj
                0x10002ea4                __wrap___aeabi_f2uiz
                0x10002ea4                float2uint_z
 .text.__wrap___aeabi_f2d
                0x10002eb0        0xc CMakeFiles/Pico_W.dir/C_/Users/quila/.pico-sdk/sdk/2.1.0/src/rp2_common/pico_float/float_aeabi_rp2040.S.obj
                0x10002eb0                __wrap___aeabi_f2d
 .text.missing_float_func_shim
                0x10002ebc        0xc CMakeFiles/Pico_W.dir/C_/Users/quila/.pico-sdk/sdk/2.1.0/src/rp2_common/pico_float/float_init_rom_rp2040.c.obj
 .text.__aeabi_float_init
                0x10002ec8       0x5c CMakeFiles/Pico_W.dir/C_/Users/quila/.pico-sdk/sdk/2.1.0/src/rp2_common/pico_float/float_init_rom_rp2040.c.obj
                0x10002ec8                __aeabi_float_init
 .text.__wrap_malloc
                0x10002f24       0x3c CMakeFiles/Pico_W.dir/C_/Users/quila/.pico-sdk/sdk/2.1.0/src/rp2_common/pico_malloc/malloc.c.obj
                0x10002f24                __wrap_malloc
 .text.__wrap_calloc
                0x10002f60       0x44 CMakeFiles/Pico_W.dir/C_/Users/quila/.pico-sdk/sdk/2.1.0/src/rp2_common/pico_malloc/malloc.c.obj
                0x10002f60                __wrap_calloc
 .text.__wrap_free
                0x10002fa4       0x20 CMakeFiles/Pico_W.dir/C_/Users/quila/.pico-sdk/sdk/2.1.0/src/rp2_common/pico_malloc/malloc.c.obj
                0x10002fa4                __wrap_free
 .text          0x10002fc4       0x10 CMakeFiles/Pico_W.dir/C_/Users/quila/.pico-sdk/sdk/2.1.0/src/rp2_common/pico_mem_ops/mem_ops_aeabi.S.obj
                0x10002fc4                __aeabi_mem_init
 .text.memset   0x10002fd4        0xc CMakeFiles/Pico_W.dir/C_/Users/quila/.pico-sdk/sdk/2.1.0/src/rp2_common/pico_mem_ops/mem_ops_aeabi.S.obj
                0x10002fd4                __wrap_memset
 .text.memcpy   0x10002fe0        0xc CMakeFiles/Pico_W.dir/C_/Users/quila/.pico-sdk/sdk/2.1.0/src/rp2_common/pico_mem_ops/mem_ops_aeabi.S.obj
                0x10002fe0                __wrap_memcpy
                0x10002fe0                __wrap___aeabi_memcpy
 .text._out_null
                0x10002fec        0x4 CMakeFiles/Pico_W.dir/C_/Users/quila/.pico-sdk/sdk/2.1.0/src/rp2_common/pico_printf/printf.c.obj
 .text._out_rev
                0x10002ff0       0xac CMakeFiles/Pico_W.dir/C_/Users/quila/.pico-sdk/sdk/2.1.0/src/rp2_common/pico_printf/printf.c.obj
 .text._ntoa_format
                0x1000309c      0x1cc CMakeFiles/Pico_W.dir/C_/Users/quila/.pico-sdk/sdk/2.1.0/src/rp2_common/pico_printf/printf.c.obj
 .text._out_char
                0x10003268       0x10 CMakeFiles/Pico_W.dir/C_/Users/quila/.pico-sdk/sdk/2.1.0/src/rp2_common/pico_printf/printf.c.obj
 .text._out_fct
                0x10003278       0x10 CMakeFiles/Pico_W.dir/C_/Users/quila/.pico-sdk/sdk/2.1.0/src/rp2_common/pico_printf/printf.c.obj
 .text._ftoa    0x10003288      0x4a8 CMakeFiles/Pico_W.dir/C_/Users/quila/.pico-sdk/sdk/2.1.0/src/rp2_common/pico_printf/printf.c.obj
 .text._etoa    0x10003730      0x57c CMakeFiles/Pico_W.dir/C_/Users/quila/.pico-sdk/sdk/2.1.0/src/rp2_common/pico_printf/printf.c.obj
 .text._vsnprintf
                0x10003cac      0xbe0 CMakeFiles/Pico_W.dir/C_/Users/quila/.pico-sdk/sdk/2.1.0/src/rp2_common/pico_printf/printf.c.obj
 .text.vfctprintf
                0x1000488c       0x24 CMakeFiles/Pico_W.dir/C_/Users/quila/.pico-sdk/sdk/2.1.0/src/rp2_common/pico_printf/printf.c.obj
                0x1000488c                vfctprintf
 .text.weak_raw_vprintf
                0x100048b0       0x30 CMakeFiles/Pico_W.dir/C_/Users/quila/.pico-sdk/sdk/2.1.0/src/rp2_common/pico_printf/printf.c.obj
                0x100048b0                weak_raw_vprintf
 .text._exit    0x100048e0        0x4 CMakeFiles/Pico_W.dir/C_/Users/quila/.pico-sdk/sdk/2.1.0/src/rp2_common/pico_clib_interface/newlib_interface.c.obj
                0x100048e0                _exit
 .text._sbrk    0x100048e4       0x34 CMakeFiles/Pico_W.dir/C_/Users/quila/.pico-sdk/sdk/2.1.0/src/rp2_common/pico_clib_interface/newlib_interface.c.obj
                0x100048e4                _sbrk
 .text._gettimeofday
                0x10004918       0x30 CMakeFiles/Pico_W.dir/C_/Users/quila/.pico-sdk/sdk/2.1.0/src/rp2_common/pico_clib_interface/newlib_interface.c.obj
                0x10004918                _gettimeofday
 .text.exit     0x10004948        0x8 CMakeFiles/Pico_W.dir/C_/Users/quila/.pico-sdk/sdk/2.1.0/src/rp2_common/pico_clib_interface/newlib_interface.c.obj
                0x10004948                exit
 .text.runtime_init
                0x10004950       0x2c CMakeFiles/Pico_W.dir/C_/Users/quila/.pico-sdk/sdk/2.1.0/src/rp2_common/pico_clib_interface/newlib_interface.c.obj
                0x10004950                runtime_init
 .text.stdio_out_chars_no_crlf
                0x1000497c       0x10 CMakeFiles/Pico_W.dir/C_/Users/quila/.pico-sdk/sdk/2.1.0/src/rp2_common/pico_stdio/stdio.c.obj
 .text.stdio_out_chars_crlf
                0x1000498c       0xb0 CMakeFiles/Pico_W.dir/C_/Users/quila/.pico-sdk/sdk/2.1.0/src/rp2_common/pico_stdio/stdio.c.obj
 .text.stdio_buffered_printer
                0x10004a3c       0x64 CMakeFiles/Pico_W.dir/C_/Users/quila/.pico-sdk/sdk/2.1.0/src/rp2_common/pico_stdio/stdio.c.obj
 .text.stdio_put_string
                0x10004aa0       0xfc CMakeFiles/Pico_W.dir/C_/Users/quila/.pico-sdk/sdk/2.1.0/src/rp2_common/pico_stdio/stdio.c.obj
                0x10004aa0                stdio_put_string
 .text.stdio_set_driver_enabled
                0x10004b9c       0x30 CMakeFiles/Pico_W.dir/C_/Users/quila/.pico-sdk/sdk/2.1.0/src/rp2_common/pico_stdio/stdio.c.obj
                0x10004b9c                stdio_set_driver_enabled
 .text.stdio_init_all
                0x10004bcc        0x8 CMakeFiles/Pico_W.dir/C_/Users/quila/.pico-sdk/sdk/2.1.0/src/rp2_common/pico_stdio/stdio.c.obj
                0x10004bcc                stdio_init_all
 .text.stdio_getchar_timeout_us
                0x10004bd4       0x98 CMakeFiles/Pico_W.dir/C_/Users/quila/.pico-sdk/sdk/2.1.0/src/rp2_common/pico_stdio/stdio.c.obj
                0x10004bd4                stdio_getchar_timeout_us
 .text.__wrap_putchar
                0x10004c6c       0x94 CMakeFiles/Pico_W.dir/C_/Users/quila/.pico-sdk/sdk/2.1.0/src/rp2_common/pico_stdio/stdio.c.obj
                0x10004c6c                __wrap_putchar
                0x10004c6c                stdio_putchar
 .text.__wrap_puts
                0x10004d00       0x3c CMakeFiles/Pico_W.dir/C_/Users/quila/.pico-sdk/sdk/2.1.0/src/rp2_common/pico_stdio/stdio.c.obj
                0x10004d00                stdio_puts
                0x10004d00                __wrap_puts
 .text.__wrap_vprintf
                0x10004d3c       0xcc CMakeFiles/Pico_W.dir/C_/Users/quila/.pico-sdk/sdk/2.1.0/src/rp2_common/pico_stdio/stdio.c.obj
                0x10004d3c                stdio_vprintf
                0x10004d3c                __wrap_vprintf
 .text.__wrap_printf
                0x10004e08       0x18 CMakeFiles/Pico_W.dir/C_/Users/quila/.pico-sdk/sdk/2.1.0/src/rp2_common/pico_stdio/stdio.c.obj
                0x10004e08                __wrap_printf
                0x10004e08                stdio_printf
 .text.stdio_usb_set_chars_available_callback
                0x10004e20        0x4 CMakeFiles/Pico_W.dir/C_/Users/quila/.pico-sdk/sdk/2.1.0/src/rp2_common/pico_stdio_usb/stdio_usb.c.obj
                0x10004e20                stdio_usb_set_chars_available_callback
 .text.stdio_usb_in_chars
                0x10004e24       0x8c CMakeFiles/Pico_W.dir/C_/Users/quila/.pico-sdk/sdk/2.1.0/src/rp2_common/pico_stdio_usb/stdio_usb.c.obj
                0x10004e24                stdio_usb_in_chars
 .text.stdio_usb_out_flush
                0x10004eb0       0x4c CMakeFiles/Pico_W.dir/C_/Users/quila/.pico-sdk/sdk/2.1.0/src/rp2_common/pico_stdio_usb/stdio_usb.c.obj
 .text.stdio_usb_out_chars
                0x10004efc      0x100 CMakeFiles/Pico_W.dir/C_/Users/quila/.pico-sdk/sdk/2.1.0/src/rp2_common/pico_stdio_usb/stdio_usb.c.obj
 .text.stdio_usb_init
                0x10004ffc       0x44 CMakeFiles/Pico_W.dir/C_/Users/quila/.pico-sdk/sdk/2.1.0/src/rp2_common/pico_stdio_usb/stdio_usb.c.obj
                0x10004ffc                stdio_usb_init
 .text.startup._retrieve_unique_id_on_boot
                0x10005040       0x10 CMakeFiles/Pico_W.dir/C_/Users/quila/.pico-sdk/sdk/2.1.0/src/rp2_common/pico_unique_id/unique_id.c.obj
 .text.pico_get_unique_board_id
                0x10005050       0x10 CMakeFiles/Pico_W.dir/C_/Users/quila/.pico-sdk/sdk/2.1.0/src/rp2_common/pico_unique_id/unique_id.c.obj
                0x10005050                pico_get_unique_board_id
 .text.flash_get_unique_id
                0x10005060       0x3c CMakeFiles/Pico_W.dir/C_/Users/quila/.pico-sdk/sdk/2.1.0/src/rp2_common/hardware_flash/flash.c.obj
                0x10005060                flash_get_unique_id
 .text.dcd_init
                0x1000509c       0x8c CMakeFiles/Pico_W.dir/C_/Users/quila/.pico-sdk/sdk/2.1.0/lib/tinyusb/src/portable/raspberrypi/rp2040/dcd_rp2040.c.obj
                0x1000509c                dcd_init
 .text.dcd_int_enable
                0x10005128        0xc CMakeFiles/Pico_W.dir/C_/Users/quila/.pico-sdk/sdk/2.1.0/lib/tinyusb/src/portable/raspberrypi/rp2040/dcd_rp2040.c.obj
                0x10005128                dcd_int_enable
 .text.dcd_set_address
                0x10005134       0x14 CMakeFiles/Pico_W.dir/C_/Users/quila/.pico-sdk/sdk/2.1.0/lib/tinyusb/src/portable/raspberrypi/rp2040/dcd_rp2040.c.obj
                0x10005134                dcd_set_address
 .text.dcd_sof_enable
                0x10005148       0x1c CMakeFiles/Pico_W.dir/C_/Users/quila/.pico-sdk/sdk/2.1.0/lib/tinyusb/src/portable/raspberrypi/rp2040/dcd_rp2040.c.obj
                0x10005148                dcd_sof_enable
 .text.dcd_edpt0_status_complete
                0x10005164       0x1c CMakeFiles/Pico_W.dir/C_/Users/quila/.pico-sdk/sdk/2.1.0/lib/tinyusb/src/portable/raspberrypi/rp2040/dcd_rp2040.c.obj
                0x10005164                dcd_edpt0_status_complete
 .text.dcd_edpt_open
                0x10005180      0x108 CMakeFiles/Pico_W.dir/C_/Users/quila/.pico-sdk/sdk/2.1.0/lib/tinyusb/src/portable/raspberrypi/rp2040/dcd_rp2040.c.obj
                0x10005180                dcd_edpt_open
 .text.dcd_edpt_close_all
                0x10005288        0x8 CMakeFiles/Pico_W.dir/C_/Users/quila/.pico-sdk/sdk/2.1.0/lib/tinyusb/src/portable/raspberrypi/rp2040/dcd_rp2040.c.obj
                0x10005288                dcd_edpt_close_all
 .text.dcd_edpt_xfer
                0x10005290       0x24 CMakeFiles/Pico_W.dir/C_/Users/quila/.pico-sdk/sdk/2.1.0/lib/tinyusb/src/portable/raspberrypi/rp2040/dcd_rp2040.c.obj
                0x10005290                dcd_edpt_xfer
 .text.dcd_edpt_stall
                0x100052b4       0x3c CMakeFiles/Pico_W.dir/C_/Users/quila/.pico-sdk/sdk/2.1.0/lib/tinyusb/src/portable/raspberrypi/rp2040/dcd_rp2040.c.obj
                0x100052b4                dcd_edpt_stall
 .text.dcd_edpt_clear_stall
                0x100052f0       0x30 CMakeFiles/Pico_W.dir/C_/Users/quila/.pico-sdk/sdk/2.1.0/lib/tinyusb/src/portable/raspberrypi/rp2040/dcd_rp2040.c.obj
                0x100052f0                dcd_edpt_clear_stall
 .text.dcd_edpt_close
                0x10005320      0x15c CMakeFiles/Pico_W.dir/C_/Users/quila/.pico-sdk/sdk/2.1.0/lib/tinyusb/src/portable/raspberrypi/rp2040/dcd_rp2040.c.obj
                0x10005320                dcd_edpt_close
 .text.rp2040_usb_init
                0x1000547c       0x40 CMakeFiles/Pico_W.dir/C_/Users/quila/.pico-sdk/sdk/2.1.0/lib/tinyusb/src/portable/raspberrypi/rp2040/rp2040_usb.c.obj
                0x1000547c                rp2040_usb_init
 .text.hw_endpoint_xfer_start
                0x100054bc       0x40 CMakeFiles/Pico_W.dir/C_/Users/quila/.pico-sdk/sdk/2.1.0/lib/tinyusb/src/portable/raspberrypi/rp2040/rp2040_usb.c.obj
                0x100054bc                hw_endpoint_xfer_start
 .text.tud_vendor_control_xfer_cb
                0x100054fc        0x4 CMakeFiles/Pico_W.dir/C_/Users/quila/.pico-sdk/sdk/2.1.0/lib/tinyusb/src/device/usbd.c.obj
                0x100054fc                tud_vendor_control_xfer_cb
 .text.tud_event_hook_cb
                0x10005500        0x4 CMakeFiles/Pico_W.dir/C_/Users/quila/.pico-sdk/sdk/2.1.0/lib/tinyusb/src/device/usbd.c.obj
                0x10005500                tud_event_hook_cb
 .text.tud_sof_cb
                0x10005504        0x4 CMakeFiles/Pico_W.dir/C_/Users/quila/.pico-sdk/sdk/2.1.0/lib/tinyusb/src/device/usbd.c.obj
                0x10005504                tud_sof_cb
 .text.tud_descriptor_bos_cb
                0x10005508        0x4 CMakeFiles/Pico_W.dir/C_/Users/quila/.pico-sdk/sdk/2.1.0/lib/tinyusb/src/device/usbd.c.obj
                0x10005508                tud_descriptor_bos_cb
 .text.tud_descriptor_device_qualifier_cb
                0x1000550c        0x4 CMakeFiles/Pico_W.dir/C_/Users/quila/.pico-sdk/sdk/2.1.0/lib/tinyusb/src/device/usbd.c.obj
                0x1000550c                tud_descriptor_device_qualifier_cb
 .text.tud_descriptor_other_speed_configuration_cb
                0x10005510        0x4 CMakeFiles/Pico_W.dir/C_/Users/quila/.pico-sdk/sdk/2.1.0/lib/tinyusb/src/device/usbd.c.obj
                0x10005510                tud_descriptor_other_speed_configuration_cb
 .text.tud_mount_cb
                0x10005514        0x4 CMakeFiles/Pico_W.dir/C_/Users/quila/.pico-sdk/sdk/2.1.0/lib/tinyusb/src/device/usbd.c.obj
                0x10005514                tud_mount_cb
 .text.tud_umount_cb
                0x10005518        0x4 CMakeFiles/Pico_W.dir/C_/Users/quila/.pico-sdk/sdk/2.1.0/lib/tinyusb/src/device/usbd.c.obj
                0x10005518                tud_umount_cb
 .text.tud_suspend_cb
                0x1000551c        0x4 CMakeFiles/Pico_W.dir/C_/Users/quila/.pico-sdk/sdk/2.1.0/lib/tinyusb/src/device/usbd.c.obj
                0x1000551c                tud_suspend_cb
 .text.tud_resume_cb
                0x10005520        0x4 CMakeFiles/Pico_W.dir/C_/Users/quila/.pico-sdk/sdk/2.1.0/lib/tinyusb/src/device/usbd.c.obj
                0x10005520                tud_resume_cb
 .text.tud_speed_get
                0x10005524        0xc CMakeFiles/Pico_W.dir/C_/Users/quila/.pico-sdk/sdk/2.1.0/lib/tinyusb/src/device/usbd.c.obj
                0x10005524                tud_speed_get
 .text.tud_mounted
                0x10005530       0x10 CMakeFiles/Pico_W.dir/C_/Users/quila/.pico-sdk/sdk/2.1.0/lib/tinyusb/src/device/usbd.c.obj
                0x10005530                tud_mounted
 .text.tud_suspended
                0x10005540       0x10 CMakeFiles/Pico_W.dir/C_/Users/quila/.pico-sdk/sdk/2.1.0/lib/tinyusb/src/device/usbd.c.obj
                0x10005540                tud_suspended
 .text.tud_init
                0x10005550       0xe0 CMakeFiles/Pico_W.dir/C_/Users/quila/.pico-sdk/sdk/2.1.0/lib/tinyusb/src/device/usbd.c.obj
                0x10005550                tud_init
 .text.tud_task_ext
                0x10005630      0x800 CMakeFiles/Pico_W.dir/C_/Users/quila/.pico-sdk/sdk/2.1.0/lib/tinyusb/src/device/usbd.c.obj
                0x10005630                tud_task_ext
 .text.usbd_open_edpt_pair
                0x10005e30       0x9c CMakeFiles/Pico_W.dir/C_/Users/quila/.pico-sdk/sdk/2.1.0/lib/tinyusb/src/device/usbd.c.obj
                0x10005e30                usbd_open_edpt_pair
 .text.usbd_edpt_open
                0x10005ecc       0x34 CMakeFiles/Pico_W.dir/C_/Users/quila/.pico-sdk/sdk/2.1.0/lib/tinyusb/src/device/usbd.c.obj
                0x10005ecc                usbd_edpt_open
 .text.usbd_edpt_claim
                0x10005f00       0x28 CMakeFiles/Pico_W.dir/C_/Users/quila/.pico-sdk/sdk/2.1.0/lib/tinyusb/src/device/usbd.c.obj
                0x10005f00                usbd_edpt_claim
 .text.usbd_edpt_release
                0x10005f28       0x28 CMakeFiles/Pico_W.dir/C_/Users/quila/.pico-sdk/sdk/2.1.0/lib/tinyusb/src/device/usbd.c.obj
                0x10005f28                usbd_edpt_release
 .text.usbd_edpt_xfer
                0x10005f50       0x4c CMakeFiles/Pico_W.dir/C_/Users/quila/.pico-sdk/sdk/2.1.0/lib/tinyusb/src/device/usbd.c.obj
                0x10005f50                usbd_edpt_xfer
 .text.usbd_edpt_clear_stall
                0x10005f9c       0x38 CMakeFiles/Pico_W.dir/C_/Users/quila/.pico-sdk/sdk/2.1.0/lib/tinyusb/src/device/usbd.c.obj
                0x10005f9c                usbd_edpt_clear_stall
 .text.usbd_edpt_close
                0x10005fd4       0x40 CMakeFiles/Pico_W.dir/C_/Users/quila/.pico-sdk/sdk/2.1.0/lib/tinyusb/src/device/usbd.c.obj
                0x10005fd4                usbd_edpt_close
 .text.tud_control_status
                0x10006014       0x2c CMakeFiles/Pico_W.dir/C_/Users/quila/.pico-sdk/sdk/2.1.0/lib/tinyusb/src/device/usbd_control.c.obj
                0x10006014                tud_control_status
 .text.tud_control_xfer
                0x10006040       0xa8 CMakeFiles/Pico_W.dir/C_/Users/quila/.pico-sdk/sdk/2.1.0/lib/tinyusb/src/device/usbd_control.c.obj
                0x10006040                tud_control_xfer
 .text.usbd_control_reset
                0x100060e8       0x14 CMakeFiles/Pico_W.dir/C_/Users/quila/.pico-sdk/sdk/2.1.0/lib/tinyusb/src/device/usbd_control.c.obj
                0x100060e8                usbd_control_reset
 .text.usbd_control_set_complete_callback
                0x100060fc        0xc CMakeFiles/Pico_W.dir/C_/Users/quila/.pico-sdk/sdk/2.1.0/lib/tinyusb/src/device/usbd_control.c.obj
                0x100060fc                usbd_control_set_complete_callback
 .text.usbd_control_set_request
                0x10006108       0x1c CMakeFiles/Pico_W.dir/C_/Users/quila/.pico-sdk/sdk/2.1.0/lib/tinyusb/src/device/usbd_control.c.obj
                0x10006108                usbd_control_set_request
 .text.usbd_control_xfer_cb
                0x10006124       0xec CMakeFiles/Pico_W.dir/C_/Users/quila/.pico-sdk/sdk/2.1.0/lib/tinyusb/src/device/usbd_control.c.obj
                0x10006124                usbd_control_xfer_cb
 .text.audiod_tx_done_cb.constprop.0
                0x10006210      0x164 CMakeFiles/Pico_W.dir/C_/Users/quila/.pico-sdk/sdk/2.1.0/lib/tinyusb/src/class/audio/audio_device.c.obj
 .text.tud_audio_set_itf_cb
                0x10006374        0x4 CMakeFiles/Pico_W.dir/C_/Users/quila/.pico-sdk/sdk/2.1.0/lib/tinyusb/src/class/audio/audio_device.c.obj
                0x10006374                tud_audio_set_itf_cb
 .text.tud_audio_n_write
                0x10006378       0x20 CMakeFiles/Pico_W.dir/C_/Users/quila/.pico-sdk/sdk/2.1.0/lib/tinyusb/src/class/audio/audio_device.c.obj
                0x10006378                tud_audio_n_write
 .text.audiod_init
                0x10006398       0x5c CMakeFiles/Pico_W.dir/C_/Users/quila/.pico-sdk/sdk/2.1.0/lib/tinyusb/src/class/audio/audio_device.c.obj
                0x10006398                audiod_init
 .text.audiod_deinit
                0x100063f4        0x4 CMakeFiles/Pico_W.dir/C_/Users/quila/.pico-sdk/sdk/2.1.0/lib/tinyusb/src/class/audio/audio_device.c.obj
                0x100063f4                audiod_deinit
 .text.audiod_reset
                0x100063f8       0x1c CMakeFiles/Pico_W.dir/C_/Users/quila/.pico-sdk/sdk/2.1.0/lib/tinyusb/src/class/audio/audio_device.c.obj
                0x100063f8                audiod_reset
 .text.audiod_open
                0x10006414       0x98 CMakeFiles/Pico_W.dir/C_/Users/quila/.pico-sdk/sdk/2.1.0/lib/tinyusb/src/class/audio/audio_device.c.obj
                0x10006414                audiod_open
 .text.audiod_control_xfer_cb
                0x100064ac      0x558 CMakeFiles/Pico_W.dir/C_/Users/quila/.pico-sdk/sdk/2.1.0/lib/tinyusb/src/class/audio/audio_device.c.obj
                0x100064ac                audiod_control_xfer_cb
 .text.audiod_xfer_cb
                0x10006a04       0x24 CMakeFiles/Pico_W.dir/C_/Users/quila/.pico-sdk/sdk/2.1.0/lib/tinyusb/src/class/audio/audio_device.c.obj
                0x10006a04                audiod_xfer_cb
 .text.tud_audio_buffer_and_schedule_control_xfer
                0x10006a28      0x160 CMakeFiles/Pico_W.dir/C_/Users/quila/.pico-sdk/sdk/2.1.0/lib/tinyusb/src/class/audio/audio_device.c.obj
                0x10006a28                tud_audio_buffer_and_schedule_control_xfer
 .text._prep_out_transaction.isra.0
                0x10006b88       0x58 CMakeFiles/Pico_W.dir/C_/Users/quila/.pico-sdk/sdk/2.1.0/lib/tinyusb/src/class/cdc/cdc_device.c.obj
 .text.tud_cdc_n_connected
                0x10006be0       0x34 CMakeFiles/Pico_W.dir/C_/Users/quila/.pico-sdk/sdk/2.1.0/lib/tinyusb/src/class/cdc/cdc_device.c.obj
                0x10006be0                tud_cdc_n_connected
 .text.tud_cdc_n_available
                0x10006c14       0x1c CMakeFiles/Pico_W.dir/C_/Users/quila/.pico-sdk/sdk/2.1.0/lib/tinyusb/src/class/cdc/cdc_device.c.obj
                0x10006c14                tud_cdc_n_available
 .text.tud_cdc_n_read
                0x10006c30       0xa0 CMakeFiles/Pico_W.dir/C_/Users/quila/.pico-sdk/sdk/2.1.0/lib/tinyusb/src/class/cdc/cdc_device.c.obj
                0x10006c30                tud_cdc_n_read
 .text.tud_cdc_n_write_flush
                0x10006cd0       0x78 CMakeFiles/Pico_W.dir/C_/Users/quila/.pico-sdk/sdk/2.1.0/lib/tinyusb/src/class/cdc/cdc_device.c.obj
                0x10006cd0                tud_cdc_n_write_flush
 .text.tud_cdc_n_write
                0x10006d48       0x44 CMakeFiles/Pico_W.dir/C_/Users/quila/.pico-sdk/sdk/2.1.0/lib/tinyusb/src/class/cdc/cdc_device.c.obj
                0x10006d48                tud_cdc_n_write
 .text.tud_cdc_n_write_available
                0x10006d8c       0x1c CMakeFiles/Pico_W.dir/C_/Users/quila/.pico-sdk/sdk/2.1.0/lib/tinyusb/src/class/cdc/cdc_device.c.obj
                0x10006d8c                tud_cdc_n_write_available
 .text.cdcd_init
                0x10006da8       0x74 CMakeFiles/Pico_W.dir/C_/Users/quila/.pico-sdk/sdk/2.1.0/lib/tinyusb/src/class/cdc/cdc_device.c.obj
                0x10006da8                cdcd_init
 .text.cdcd_deinit
                0x10006e1c       0x30 CMakeFiles/Pico_W.dir/C_/Users/quila/.pico-sdk/sdk/2.1.0/lib/tinyusb/src/class/cdc/cdc_device.c.obj
                0x10006e1c                cdcd_deinit
 .text.cdcd_reset
                0x10006e4c       0x4c CMakeFiles/Pico_W.dir/C_/Users/quila/.pico-sdk/sdk/2.1.0/lib/tinyusb/src/class/cdc/cdc_device.c.obj
                0x10006e4c                cdcd_reset
 .text.cdcd_open
                0x10006e98       0xb0 CMakeFiles/Pico_W.dir/C_/Users/quila/.pico-sdk/sdk/2.1.0/lib/tinyusb/src/class/cdc/cdc_device.c.obj
                0x10006e98                cdcd_open
 .text.cdcd_control_xfer_cb
                0x10006f48       0xe4 CMakeFiles/Pico_W.dir/C_/Users/quila/.pico-sdk/sdk/2.1.0/lib/tinyusb/src/class/cdc/cdc_device.c.obj
                0x10006f48                cdcd_control_xfer_cb
 .text.cdcd_xfer_cb
                0x1000702c      0x100 CMakeFiles/Pico_W.dir/C_/Users/quila/.pico-sdk/sdk/2.1.0/lib/tinyusb/src/class/cdc/cdc_device.c.obj
                0x1000702c                cdcd_xfer_cb
 .text.tusb_init
                0x1000712c        0xc CMakeFiles/Pico_W.dir/C_/Users/quila/.pico-sdk/sdk/2.1.0/lib/tinyusb/src/tusb.c.obj
                0x1000712c                tusb_init
 .text.tu_edpt_claim
                0x10007138       0x50 CMakeFiles/Pico_W.dir/C_/Users/quila/.pico-sdk/sdk/2.1.0/lib/tinyusb/src/tusb.c.obj
                0x10007138                tu_edpt_claim
 .text.tu_edpt_release
                0x10007188       0x38 CMakeFiles/Pico_W.dir/C_/Users/quila/.pico-sdk/sdk/2.1.0/lib/tinyusb/src/tusb.c.obj
                0x10007188                tu_edpt_release
 .text.tu_edpt_validate
                0x100071c0       0x7c CMakeFiles/Pico_W.dir/C_/Users/quila/.pico-sdk/sdk/2.1.0/lib/tinyusb/src/tusb.c.obj
                0x100071c0                tu_edpt_validate
 .text.tu_edpt_bind_driver
                0x1000723c       0x34 CMakeFiles/Pico_W.dir/C_/Users/quila/.pico-sdk/sdk/2.1.0/lib/tinyusb/src/tusb.c.obj
                0x1000723c                tu_edpt_bind_driver
 .text.tu_fifo_config
                0x10007270       0x6c CMakeFiles/Pico_W.dir/C_/Users/quila/.pico-sdk/sdk/2.1.0/lib/tinyusb/src/common/tusb_fifo.c.obj
                0x10007270                tu_fifo_config
 .text.tu_fifo_count
                0x100072dc       0x2c CMakeFiles/Pico_W.dir/C_/Users/quila/.pico-sdk/sdk/2.1.0/lib/tinyusb/src/common/tusb_fifo.c.obj
                0x100072dc                tu_fifo_count
 .text.tu_fifo_empty
                0x10007308       0x10 CMakeFiles/Pico_W.dir/C_/Users/quila/.pico-sdk/sdk/2.1.0/lib/tinyusb/src/common/tusb_fifo.c.obj
                0x10007308                tu_fifo_empty
 .text.tu_fifo_remaining
                0x10007318       0x2c CMakeFiles/Pico_W.dir/C_/Users/quila/.pico-sdk/sdk/2.1.0/lib/tinyusb/src/common/tusb_fifo.c.obj
                0x10007318                tu_fifo_remaining
 .text.tu_fifo_read
                0x10007344       0x9c CMakeFiles/Pico_W.dir/C_/Users/quila/.pico-sdk/sdk/2.1.0/lib/tinyusb/src/common/tusb_fifo.c.obj
                0x10007344                tu_fifo_read
 .text.tu_fifo_read_n
                0x100073e0       0xe8 CMakeFiles/Pico_W.dir/C_/Users/quila/.pico-sdk/sdk/2.1.0/lib/tinyusb/src/common/tusb_fifo.c.obj
                0x100073e0                tu_fifo_read_n
 .text.tu_fifo_write
                0x100074c8       0xa4 CMakeFiles/Pico_W.dir/C_/Users/quila/.pico-sdk/sdk/2.1.0/lib/tinyusb/src/common/tusb_fifo.c.obj
                0x100074c8                tu_fifo_write
 .text.tu_fifo_write_n
                0x1000756c      0x178 CMakeFiles/Pico_W.dir/C_/Users/quila/.pico-sdk/sdk/2.1.0/lib/tinyusb/src/common/tusb_fifo.c.obj
                0x1000756c                tu_fifo_write_n
 .text.tu_fifo_clear
                0x100076e4       0x40 CMakeFiles/Pico_W.dir/C_/Users/quila/.pico-sdk/sdk/2.1.0/lib/tinyusb/src/common/tusb_fifo.c.obj
                0x100076e4                tu_fifo_clear
 .text.tu_fifo_set_overwritable
                0x10007724       0x48 CMakeFiles/Pico_W.dir/C_/Users/quila/.pico-sdk/sdk/2.1.0/lib/tinyusb/src/common/tusb_fifo.c.obj
                0x10007724                tu_fifo_set_overwritable
 .text.cyw43_arch_set_async_context
                0x1000776c        0xc CMakeFiles/Pico_W.dir/C_/Users/quila/.pico-sdk/sdk/2.1.0/src/rp2_common/pico_cyw43_arch/cyw43_arch.c.obj
                0x1000776c                cyw43_arch_set_async_context
 .text.cyw43_arch_gpio_put
                0x10007778       0x14 CMakeFiles/Pico_W.dir/C_/Users/quila/.pico-sdk/sdk/2.1.0/src/rp2_common/pico_cyw43_arch/cyw43_arch.c.obj
                0x10007778                cyw43_arch_gpio_put
 .text.cyw43_arch_async_context
                0x1000778c        0xc CMakeFiles/Pico_W.dir/C_/Users/quila/.pico-sdk/sdk/2.1.0/src/rp2_common/pico_cyw43_arch/cyw43_arch.c.obj
                0x1000778c                cyw43_arch_async_context
 .text.cyw43_arch_init
                0x10007798       0x64 CMakeFiles/Pico_W.dir/C_/Users/quila/.pico-sdk/sdk/2.1.0/src/rp2_common/pico_cyw43_arch/cyw43_arch_threadsafe_background.c.obj
                0x10007798                cyw43_arch_init
 .text.ns_delay.constprop.0
                0x100077fc       0x20 CMakeFiles/Pico_W.dir/C_/Users/quila/.pico-sdk/sdk/2.1.0/src/rp2_common/pico_cyw43_driver/cyw43_bus_pio_spi.c.obj
 .text.cyw43_spi_deinit
                0x1000781c       0x6c CMakeFiles/Pico_W.dir/C_/Users/quila/.pico-sdk/sdk/2.1.0/src/rp2_common/pico_cyw43_driver/cyw43_bus_pio_spi.c.obj
                0x1000781c                cyw43_spi_deinit
 .text.cyw43_spi_init
                0x10007888      0x128 CMakeFiles/Pico_W.dir/C_/Users/quila/.pico-sdk/sdk/2.1.0/src/rp2_common/pico_cyw43_driver/cyw43_bus_pio_spi.c.obj
                0x10007888                cyw43_spi_init
 .text.cyw43_spi_transfer
                0x100079b0      0x430 CMakeFiles/Pico_W.dir/C_/Users/quila/.pico-sdk/sdk/2.1.0/src/rp2_common/pico_cyw43_driver/cyw43_bus_pio_spi.c.obj
                0x100079b0                cyw43_spi_transfer
 .text.cyw43_spi_gpio_setup
                0x10007de0       0x3c CMakeFiles/Pico_W.dir/C_/Users/quila/.pico-sdk/sdk/2.1.0/src/rp2_common/pico_cyw43_driver/cyw43_bus_pio_spi.c.obj
                0x10007de0                cyw43_spi_gpio_setup
 .text.cyw43_spi_reset
                0x10007e1c       0x28 CMakeFiles/Pico_W.dir/C_/Users/quila/.pico-sdk/sdk/2.1.0/src/rp2_common/pico_cyw43_driver/cyw43_bus_pio_spi.c.obj
                0x10007e1c                cyw43_spi_reset
 .text.read_reg_u32_swap
                0x10007e44       0x44 CMakeFiles/Pico_W.dir/C_/Users/quila/.pico-sdk/sdk/2.1.0/src/rp2_common/pico_cyw43_driver/cyw43_bus_pio_spi.c.obj
                0x10007e44                read_reg_u32_swap
 .text.cyw43_read_reg_u32
                0x10007e88       0x58 CMakeFiles/Pico_W.dir/C_/Users/quila/.pico-sdk/sdk/2.1.0/src/rp2_common/pico_cyw43_driver/cyw43_bus_pio_spi.c.obj
                0x10007e88                cyw43_read_reg_u32
 .text.cyw43_read_reg_u16
                0x10007ee0       0x58 CMakeFiles/Pico_W.dir/C_/Users/quila/.pico-sdk/sdk/2.1.0/src/rp2_common/pico_cyw43_driver/cyw43_bus_pio_spi.c.obj
                0x10007ee0                cyw43_read_reg_u16
 .text.cyw43_read_reg_u8
                0x10007f38       0x58 CMakeFiles/Pico_W.dir/C_/Users/quila/.pico-sdk/sdk/2.1.0/src/rp2_common/pico_cyw43_driver/cyw43_bus_pio_spi.c.obj
                0x10007f38                cyw43_read_reg_u8
 .text.write_reg_u32_swap
                0x10007f90      0x1fc CMakeFiles/Pico_W.dir/C_/Users/quila/.pico-sdk/sdk/2.1.0/src/rp2_common/pico_cyw43_driver/cyw43_bus_pio_spi.c.obj
                0x10007f90                write_reg_u32_swap
 .text.cyw43_write_reg_u32
                0x1000818c      0x21c CMakeFiles/Pico_W.dir/C_/Users/quila/.pico-sdk/sdk/2.1.0/src/rp2_common/pico_cyw43_driver/cyw43_bus_pio_spi.c.obj
                0x1000818c                cyw43_write_reg_u32
 .text.cyw43_write_reg_u16
                0x100083a8      0x21c CMakeFiles/Pico_W.dir/C_/Users/quila/.pico-sdk/sdk/2.1.0/src/rp2_common/pico_cyw43_driver/cyw43_bus_pio_spi.c.obj
                0x100083a8                cyw43_write_reg_u16
 .text.cyw43_write_reg_u8
                0x100085c4      0x21c CMakeFiles/Pico_W.dir/C_/Users/quila/.pico-sdk/sdk/2.1.0/src/rp2_common/pico_cyw43_driver/cyw43_bus_pio_spi.c.obj
                0x100085c4                cyw43_write_reg_u8
 .text.cyw43_read_bytes
                0x100087e0       0x78 CMakeFiles/Pico_W.dir/C_/Users/quila/.pico-sdk/sdk/2.1.0/src/rp2_common/pico_cyw43_driver/cyw43_bus_pio_spi.c.obj
                0x100087e0                cyw43_read_bytes
 .text.cyw43_write_bytes
                0x10008858       0xd4 CMakeFiles/Pico_W.dir/C_/Users/quila/.pico-sdk/sdk/2.1.0/src/rp2_common/pico_cyw43_driver/cyw43_bus_pio_spi.c.obj
                0x10008858                cyw43_write_bytes
 .text.cyw43_set_backplane_window
                0x1000892c       0x68 CMakeFiles/Pico_W.dir/C_/Users/quila/.pico-sdk/sdk/2.1.0/lib/cyw43-driver/src/cyw43_ll.c.obj
 .text.cyw43_ll_parse_async_event
                0x10008994      0x138 CMakeFiles/Pico_W.dir/C_/Users/quila/.pico-sdk/sdk/2.1.0/lib/cyw43-driver/src/cyw43_ll.c.obj
 .text.cyw43_kso_set
                0x10008acc       0x80 CMakeFiles/Pico_W.dir/C_/Users/quila/.pico-sdk/sdk/2.1.0/lib/cyw43-driver/src/cyw43_ll.c.obj
 .text.cyw43_ll_sdpcm_poll_device
                0x10008b4c      0x238 CMakeFiles/Pico_W.dir/C_/Users/quila/.pico-sdk/sdk/2.1.0/lib/cyw43-driver/src/cyw43_ll.c.obj
 .text.cyw43_sdpcm_send_common
                0x10008d84       0xfc CMakeFiles/Pico_W.dir/C_/Users/quila/.pico-sdk/sdk/2.1.0/lib/cyw43-driver/src/cyw43_ll.c.obj
 .text.cyw43_do_ioctl.part.0
                0x10008e80       0xc4 CMakeFiles/Pico_W.dir/C_/Users/quila/.pico-sdk/sdk/2.1.0/lib/cyw43-driver/src/cyw43_ll.c.obj
 .text.cyw43_write_iovar_u32.constprop.0
                0x10008f44       0x98 CMakeFiles/Pico_W.dir/C_/Users/quila/.pico-sdk/sdk/2.1.0/lib/cyw43-driver/src/cyw43_ll.c.obj
 .text.cyw43_write_iovar_n
                0x10008fdc       0x8c CMakeFiles/Pico_W.dir/C_/Users/quila/.pico-sdk/sdk/2.1.0/lib/cyw43-driver/src/cyw43_ll.c.obj
 .text.cyw43_read_backplane.constprop.0
                0x10009068       0xe4 CMakeFiles/Pico_W.dir/C_/Users/quila/.pico-sdk/sdk/2.1.0/lib/cyw43-driver/src/cyw43_ll.c.obj
 .text.cyw43_write_backplane
                0x1000914c      0x10c CMakeFiles/Pico_W.dir/C_/Users/quila/.pico-sdk/sdk/2.1.0/lib/cyw43-driver/src/cyw43_ll.c.obj
 .text.reset_device_core.constprop.0
                0x10009258      0x410 CMakeFiles/Pico_W.dir/C_/Users/quila/.pico-sdk/sdk/2.1.0/lib/cyw43-driver/src/cyw43_ll.c.obj
 .text.cyw43_ll_init
                0x10009668       0x1c CMakeFiles/Pico_W.dir/C_/Users/quila/.pico-sdk/sdk/2.1.0/lib/cyw43-driver/src/cyw43_ll.c.obj
                0x10009668                cyw43_ll_init
 .text.cyw43_ll_deinit
                0x10009684        0x8 CMakeFiles/Pico_W.dir/C_/Users/quila/.pico-sdk/sdk/2.1.0/lib/cyw43-driver/src/cyw43_ll.c.obj
                0x10009684                cyw43_ll_deinit
 .text.cyw43_ll_process_packets
                0x1000968c       0x54 CMakeFiles/Pico_W.dir/C_/Users/quila/.pico-sdk/sdk/2.1.0/lib/cyw43-driver/src/cyw43_ll.c.obj
                0x1000968c                cyw43_ll_process_packets
 .text.cyw43_ll_ioctl
                0x100096e0       0x80 CMakeFiles/Pico_W.dir/C_/Users/quila/.pico-sdk/sdk/2.1.0/lib/cyw43-driver/src/cyw43_ll.c.obj
                0x100096e0                cyw43_ll_ioctl
 .text.cyw43_ll_bus_sleep
                0x10009760       0x34 CMakeFiles/Pico_W.dir/C_/Users/quila/.pico-sdk/sdk/2.1.0/lib/cyw43-driver/src/cyw43_ll.c.obj
                0x10009760                cyw43_ll_bus_sleep
 .text.cyw43_ll_wifi_get_mac
                0x10009794       0x78 CMakeFiles/Pico_W.dir/C_/Users/quila/.pico-sdk/sdk/2.1.0/lib/cyw43-driver/src/cyw43_ll.c.obj
                0x10009794                cyw43_ll_wifi_get_mac
 .text.cyw43_ll_bus_init
                0x1000980c      0x8d8 CMakeFiles/Pico_W.dir/C_/Users/quila/.pico-sdk/sdk/2.1.0/lib/cyw43-driver/src/cyw43_ll.c.obj
                0x1000980c                cyw43_ll_bus_init
 .text.cyw43_ll_wifi_set_wpa_auth
                0x1000a0e4       0x4c CMakeFiles/Pico_W.dir/C_/Users/quila/.pico-sdk/sdk/2.1.0/lib/cyw43-driver/src/cyw43_ll.c.obj
                0x1000a0e4                cyw43_ll_wifi_set_wpa_auth
 .text.cyw43_ll_wifi_rejoin
                0x1000a130       0x58 CMakeFiles/Pico_W.dir/C_/Users/quila/.pico-sdk/sdk/2.1.0/lib/cyw43-driver/src/cyw43_ll.c.obj
                0x1000a130                cyw43_ll_wifi_rejoin
 .text.cyw43_ll_gpio_set
                0x1000a188       0x94 CMakeFiles/Pico_W.dir/C_/Users/quila/.pico-sdk/sdk/2.1.0/lib/cyw43-driver/src/cyw43_ll.c.obj
                0x1000a188                cyw43_ll_gpio_set
 .text.cyw43_ll_has_work
                0x1000a21c       0x14 CMakeFiles/Pico_W.dir/C_/Users/quila/.pico-sdk/sdk/2.1.0/lib/cyw43-driver/src/cyw43_ll.c.obj
                0x1000a21c                cyw43_ll_has_work
 .text.cyw43_poll_func
                0x1000a230       0xc0 CMakeFiles/Pico_W.dir/C_/Users/quila/.pico-sdk/sdk/2.1.0/lib/cyw43-driver/src/cyw43_ctrl.c.obj
 .text.cyw43_init
                0x1000a2f0       0x6c CMakeFiles/Pico_W.dir/C_/Users/quila/.pico-sdk/sdk/2.1.0/lib/cyw43-driver/src/cyw43_ctrl.c.obj
                0x1000a2f0                cyw43_init
 .text.cyw43_deinit
                0x1000a35c       0x90 CMakeFiles/Pico_W.dir/C_/Users/quila/.pico-sdk/sdk/2.1.0/lib/cyw43-driver/src/cyw43_ctrl.c.obj
                0x1000a35c                cyw43_deinit
 .text.cyw43_cb_read_host_interrupt_pin
                0x1000a3ec        0xc CMakeFiles/Pico_W.dir/C_/Users/quila/.pico-sdk/sdk/2.1.0/lib/cyw43-driver/src/cyw43_ctrl.c.obj
                0x1000a3ec                cyw43_cb_read_host_interrupt_pin
 .text.cyw43_cb_ensure_awake
                0x1000a3f8        0xc CMakeFiles/Pico_W.dir/C_/Users/quila/.pico-sdk/sdk/2.1.0/lib/cyw43-driver/src/cyw43_ctrl.c.obj
                0x1000a3f8                cyw43_cb_ensure_awake
 .text.cyw43_cb_process_async_event
                0x1000a404      0x214 CMakeFiles/Pico_W.dir/C_/Users/quila/.pico-sdk/sdk/2.1.0/lib/cyw43-driver/src/cyw43_ctrl.c.obj
                0x1000a404                cyw43_cb_process_async_event
 .text.cyw43_gpio_set
                0x1000a618       0xa4 CMakeFiles/Pico_W.dir/C_/Users/quila/.pico-sdk/sdk/2.1.0/lib/cyw43-driver/src/cyw43_ctrl.c.obj
                0x1000a618                cyw43_gpio_set
 .text.pio_sm_set_pindirs_with_mask64
                0x1000a6bc       0xac CMakeFiles/Pico_W.dir/C_/Users/quila/.pico-sdk/sdk/2.1.0/src/rp2_common/hardware_pio/pio.c.obj
                0x1000a6bc                pio_sm_set_pindirs_with_mask64
 .text.pio_sm_set_consecutive_pindirs
                0x1000a768       0xb4 CMakeFiles/Pico_W.dir/C_/Users/quila/.pico-sdk/sdk/2.1.0/src/rp2_common/hardware_pio/pio.c.obj
                0x1000a768                pio_sm_set_consecutive_pindirs
 .text.pio_claim_free_sm_and_add_program_for_gpio_range
                0x1000a81c      0x184 CMakeFiles/Pico_W.dir/C_/Users/quila/.pico-sdk/sdk/2.1.0/src/rp2_common/hardware_pio/pio.c.obj
                0x1000a81c                pio_claim_free_sm_and_add_program_for_gpio_range
 .text.pio_remove_program_and_unclaim_sm
                0x1000a9a0       0x40 CMakeFiles/Pico_W.dir/C_/Users/quila/.pico-sdk/sdk/2.1.0/src/rp2_common/hardware_pio/pio.c.obj
                0x1000a9a0                pio_remove_program_and_unclaim_sm
 .text.dma_channel_unclaim
                0x1000a9e0       0x14 CMakeFiles/Pico_W.dir/C_/Users/quila/.pico-sdk/sdk/2.1.0/src/rp2_common/hardware_dma/dma.c.obj
                0x1000a9e0                dma_channel_unclaim
 .text.dma_claim_unused_channel
                0x1000a9f4       0x24 CMakeFiles/Pico_W.dir/C_/Users/quila/.pico-sdk/sdk/2.1.0/src/rp2_common/hardware_dma/dma.c.obj
                0x1000a9f4                dma_claim_unused_channel
 .text.dma_channel_cleanup
                0x1000aa18       0x64 CMakeFiles/Pico_W.dir/C_/Users/quila/.pico-sdk/sdk/2.1.0/src/rp2_common/hardware_dma/dma.c.obj
                0x1000aa18                dma_channel_cleanup
 .text.cyw43_sleep_timeout_reached
                0x1000aa7c       0x10 CMakeFiles/Pico_W.dir/C_/Users/quila/.pico-sdk/sdk/2.1.0/src/rp2_common/pico_cyw43_driver/cyw43_driver.c.obj
 .text.cyw43_irq_init
                0x1000aa8c       0x28 CMakeFiles/Pico_W.dir/C_/Users/quila/.pico-sdk/sdk/2.1.0/src/rp2_common/pico_cyw43_driver/cyw43_driver.c.obj
                0x1000aa8c                cyw43_irq_init
 .text.cyw43_irq_deinit
                0x1000aab4       0x20 CMakeFiles/Pico_W.dir/C_/Users/quila/.pico-sdk/sdk/2.1.0/src/rp2_common/pico_cyw43_driver/cyw43_driver.c.obj
                0x1000aab4                cyw43_irq_deinit
 .text.cyw43_gpio_irq_handler
                0x1000aad4       0x44 CMakeFiles/Pico_W.dir/C_/Users/quila/.pico-sdk/sdk/2.1.0/src/rp2_common/pico_cyw43_driver/cyw43_driver.c.obj
 .text.cyw43_do_poll
                0x1000ab18       0x6c CMakeFiles/Pico_W.dir/C_/Users/quila/.pico-sdk/sdk/2.1.0/src/rp2_common/pico_cyw43_driver/cyw43_driver.c.obj
 .text.cyw43_post_poll_hook
                0x1000ab84       0x10 CMakeFiles/Pico_W.dir/C_/Users/quila/.pico-sdk/sdk/2.1.0/src/rp2_common/pico_cyw43_driver/cyw43_driver.c.obj
                0x1000ab84                cyw43_post_poll_hook
 .text.cyw43_schedule_internal_poll_dispatch
                0x1000ab94       0x18 CMakeFiles/Pico_W.dir/C_/Users/quila/.pico-sdk/sdk/2.1.0/src/rp2_common/pico_cyw43_driver/cyw43_driver.c.obj
                0x1000ab94                cyw43_schedule_internal_poll_dispatch
 .text.cyw43_driver_init
                0x1000abac       0x38 CMakeFiles/Pico_W.dir/C_/Users/quila/.pico-sdk/sdk/2.1.0/src/rp2_common/pico_cyw43_driver/cyw43_driver.c.obj
                0x1000abac                cyw43_driver_init
 .text.cyw43_driver_deinit
                0x1000abe4       0x44 CMakeFiles/Pico_W.dir/C_/Users/quila/.pico-sdk/sdk/2.1.0/src/rp2_common/pico_cyw43_driver/cyw43_driver.c.obj
                0x1000abe4                cyw43_driver_deinit
 .text.cyw43_hal_generate_laa_mac
                0x1000ac28       0x28 CMakeFiles/Pico_W.dir/C_/Users/quila/.pico-sdk/sdk/2.1.0/src/rp2_common/pico_cyw43_driver/cyw43_driver.c.obj
                0x1000ac28                cyw43_hal_generate_laa_mac
 .text.cyw43_thread_enter
                0x1000ac50       0x14 CMakeFiles/Pico_W.dir/C_/Users/quila/.pico-sdk/sdk/2.1.0/src/rp2_common/pico_cyw43_driver/cyw43_driver.c.obj
                0x1000ac50                cyw43_thread_enter
 .text.cyw43_thread_exit
                0x1000ac64       0x14 CMakeFiles/Pico_W.dir/C_/Users/quila/.pico-sdk/sdk/2.1.0/src/rp2_common/pico_cyw43_driver/cyw43_driver.c.obj
                0x1000ac64                cyw43_thread_exit
 .text.cyw43_await_background_or_timeout_us
                0x1000ac78       0x5c CMakeFiles/Pico_W.dir/C_/Users/quila/.pico-sdk/sdk/2.1.0/src/rp2_common/pico_cyw43_driver/cyw43_driver.c.obj
                0x1000ac78                cyw43_await_background_or_timeout_us
 .text.cyw43_delay_ms
                0x1000acd4       0x44 CMakeFiles/Pico_W.dir/C_/Users/quila/.pico-sdk/sdk/2.1.0/src/rp2_common/pico_cyw43_driver/cyw43_driver.c.obj
                0x1000acd4                cyw43_delay_ms
 .text.cyw43_cb_tcpip_deinit
                0x1000ad18        0x4 CMakeFiles/Pico_W.dir/C_/Users/quila/.pico-sdk/sdk/2.1.0/src/rp2_common/pico_cyw43_driver/cyw43_driver.c.obj
                0x1000ad18                cyw43_cb_tcpip_deinit
 .text.cyw43_cb_tcpip_set_link_up
                0x1000ad1c        0xc CMakeFiles/Pico_W.dir/C_/Users/quila/.pico-sdk/sdk/2.1.0/src/rp2_common/pico_cyw43_driver/cyw43_driver.c.obj
                0x1000ad1c                cyw43_cb_tcpip_set_link_up
 .text.cyw43_cb_tcpip_set_link_down
                0x1000ad28        0xc CMakeFiles/Pico_W.dir/C_/Users/quila/.pico-sdk/sdk/2.1.0/src/rp2_common/pico_cyw43_driver/cyw43_driver.c.obj
                0x1000ad28                cyw43_cb_tcpip_set_link_down
 .text.cyw43_cb_process_ethernet
                0x1000ad34        0xc CMakeFiles/Pico_W.dir/C_/Users/quila/.pico-sdk/sdk/2.1.0/src/rp2_common/pico_cyw43_driver/cyw43_driver.c.obj
                0x1000ad34                cyw43_cb_process_ethernet
 .text.handle_sync_func_call
                0x1000ad40       0x24 CMakeFiles/Pico_W.dir/839ef3f15a25787687c177ebf3a09a6b/rp2_common/pico_async_context/async_context_threadsafe_background.c.obj
 .text.async_context_threadsafe_background_acquire_lock_blocking
                0x1000ad64        0xc CMakeFiles/Pico_W.dir/839ef3f15a25787687c177ebf3a09a6b/rp2_common/pico_async_context/async_context_threadsafe_background.c.obj
 .text.process_under_lock
                0x1000ad70       0xcc CMakeFiles/Pico_W.dir/839ef3f15a25787687c177ebf3a09a6b/rp2_common/pico_async_context/async_context_threadsafe_background.c.obj
 .text.async_context_threadsafe_background_deinit
                0x1000ae3c       0x64 CMakeFiles/Pico_W.dir/839ef3f15a25787687c177ebf3a09a6b/rp2_common/pico_async_context/async_context_threadsafe_background.c.obj
 .text.low_priority_irq_handler
                0x1000aea0       0x3c CMakeFiles/Pico_W.dir/839ef3f15a25787687c177ebf3a09a6b/rp2_common/pico_async_context/async_context_threadsafe_background.c.obj
 .text.async_context_threadsafe_background_wait_for_work_until
                0x1000aedc        0xc CMakeFiles/Pico_W.dir/839ef3f15a25787687c177ebf3a09a6b/rp2_common/pico_async_context/async_context_threadsafe_background.c.obj
 .text.async_context_threadsafe_background_wait_until
                0x1000aee8       0x1c CMakeFiles/Pico_W.dir/839ef3f15a25787687c177ebf3a09a6b/rp2_common/pico_async_context/async_context_threadsafe_background.c.obj
 .text.async_context_threadsafe_background_execute_sync
                0x1000af04       0xf0 CMakeFiles/Pico_W.dir/839ef3f15a25787687c177ebf3a09a6b/rp2_common/pico_async_context/async_context_threadsafe_background.c.obj
                0x1000af04                async_context_threadsafe_background_execute_sync
 .text.async_context_threadsafe_background_lock_check
                0x1000aff4       0x28 CMakeFiles/Pico_W.dir/839ef3f15a25787687c177ebf3a09a6b/rp2_common/pico_async_context/async_context_threadsafe_background.c.obj
 .text.async_context_threadsafe_background_set_work_pending
                0x1000b01c       0x50 CMakeFiles/Pico_W.dir/839ef3f15a25787687c177ebf3a09a6b/rp2_common/pico_async_context/async_context_threadsafe_background.c.obj
 .text.alarm_handler
                0x1000b06c       0x58 CMakeFiles/Pico_W.dir/839ef3f15a25787687c177ebf3a09a6b/rp2_common/pico_async_context/async_context_threadsafe_background.c.obj
 .text.async_context_threadsafe_background_release_lock
                0x1000b0c4       0x7c CMakeFiles/Pico_W.dir/839ef3f15a25787687c177ebf3a09a6b/rp2_common/pico_async_context/async_context_threadsafe_background.c.obj
 .text.async_context_threadsafe_background_add_at_time_worker
                0x1000b140       0x90 CMakeFiles/Pico_W.dir/839ef3f15a25787687c177ebf3a09a6b/rp2_common/pico_async_context/async_context_threadsafe_background.c.obj
 .text.async_context_threadsafe_background_when_pending_worker
                0x1000b1d0       0x90 CMakeFiles/Pico_W.dir/839ef3f15a25787687c177ebf3a09a6b/rp2_common/pico_async_context/async_context_threadsafe_background.c.obj
 .text.async_context_threadsafe_background_add_when_pending_worker
                0x1000b260       0x90 CMakeFiles/Pico_W.dir/839ef3f15a25787687c177ebf3a09a6b/rp2_common/pico_async_context/async_context_threadsafe_background.c.obj
 .text.async_context_threadsafe_background_remove_at_time_worker
                0x1000b2f0       0x90 CMakeFiles/Pico_W.dir/839ef3f15a25787687c177ebf3a09a6b/rp2_common/pico_async_context/async_context_threadsafe_background.c.obj
 .text.async_context_threadsafe_background_default_config
                0x1000b380        0xc CMakeFiles/Pico_W.dir/839ef3f15a25787687c177ebf3a09a6b/rp2_common/pico_async_context/async_context_threadsafe_background.c.obj
                0x1000b380                async_context_threadsafe_background_default_config
 .text.async_context_threadsafe_background_init
                0x1000b38c       0xa8 CMakeFiles/Pico_W.dir/839ef3f15a25787687c177ebf3a09a6b/rp2_common/pico_async_context/async_context_threadsafe_background.c.obj
                0x1000b38c                async_context_threadsafe_background_init
 .text.async_context_base_add_at_time_worker
                0x1000b434       0x28 CMakeFiles/Pico_W.dir/C_/Users/quila/.pico-sdk/sdk/2.1.0/src/rp2_common/pico_async_context/async_context_base.c.obj
                0x1000b434                async_context_base_add_at_time_worker
 .text.async_context_base_remove_at_time_worker
                0x1000b45c       0x24 CMakeFiles/Pico_W.dir/C_/Users/quila/.pico-sdk/sdk/2.1.0/src/rp2_common/pico_async_context/async_context_base.c.obj
                0x1000b45c                async_context_base_remove_at_time_worker
 .text.async_context_base_add_when_pending_worker
                0x1000b480       0x24 CMakeFiles/Pico_W.dir/C_/Users/quila/.pico-sdk/sdk/2.1.0/src/rp2_common/pico_async_context/async_context_base.c.obj
                0x1000b480                async_context_base_add_when_pending_worker
 .text.async_context_base_remove_when_pending_worker
                0x1000b4a4       0x24 CMakeFiles/Pico_W.dir/C_/Users/quila/.pico-sdk/sdk/2.1.0/src/rp2_common/pico_async_context/async_context_base.c.obj
                0x1000b4a4                async_context_base_remove_when_pending_worker
 .text.async_context_base_execute_once
                0x1000b4c8      0x108 CMakeFiles/Pico_W.dir/C_/Users/quila/.pico-sdk/sdk/2.1.0/src/rp2_common/pico_async_context/async_context_base.c.obj
                0x1000b4c8                async_context_base_execute_once
 .text.async_context_base_needs_servicing
                0x1000b5d0       0x54 CMakeFiles/Pico_W.dir/C_/Users/quila/.pico-sdk/sdk/2.1.0/src/rp2_common/pico_async_context/async_context_base.c.obj
                0x1000b5d0                async_context_base_needs_servicing
 .text.adc_init
                0x1000b624       0x38 CMakeFiles/Pico_W.dir/C_/Users/quila/.pico-sdk/sdk/2.1.0/src/rp2_common/hardware_adc/adc.c.obj
                0x1000b624                adc_init
 .text.core1_trampoline
                0x1000b65c        0x4 CMakeFiles/Pico_W.dir/C_/Users/quila/.pico-sdk/sdk/2.1.0/src/rp2_common/pico_multicore/multicore.c.obj
 .text.core1_wrapper
                0x1000b660        0xc CMakeFiles/Pico_W.dir/C_/Users/quila/.pico-sdk/sdk/2.1.0/src/rp2_common/pico_multicore/multicore.c.obj
                0x1000b660                core1_wrapper
 .text.multicore_launch_core1_raw
                0x1000b66c       0x8c CMakeFiles/Pico_W.dir/C_/Users/quila/.pico-sdk/sdk/2.1.0/src/rp2_common/pico_multicore/multicore.c.obj
                0x1000b66c                multicore_launch_core1_raw
 .text.multicore_launch_core1
                0x1000b6f8       0x58 CMakeFiles/Pico_W.dir/C_/Users/quila/.pico-sdk/sdk/2.1.0/src/rp2_common/pico_multicore/multicore.c.obj
                0x1000b6f8                multicore_launch_core1
 .text.calloc   0x1000b750       0x18 C:/Users/quila/.pico-sdk/toolchain/14_2_Rel1/bin/../lib/gcc/arm-none-eabi/14.2.1/thumb/v6-m/nofp\libg.a(libc_a-calloc.o)
                0x1000b750                calloc
 .text._calloc_r
                0x1000b768       0xa8 C:/Users/quila/.pico-sdk/toolchain/14_2_Rel1/bin/../lib/gcc/arm-none-eabi/14.2.1/thumb/v6-m/nofp\libg.a(libc_a-callocr.o)
                0x1000b768                _calloc_r
 .text.malloc   0x1000b810       0x14 C:/Users/quila/.pico-sdk/toolchain/14_2_Rel1/bin/../lib/gcc/arm-none-eabi/14.2.1/thumb/v6-m/nofp\libg.a(libc_a-malloc.o)
                0x1000b810                malloc
 .text.free     0x1000b824       0x14 C:/Users/quila/.pico-sdk/toolchain/14_2_Rel1/bin/../lib/gcc/arm-none-eabi/14.2.1/thumb/v6-m/nofp\libg.a(libc_a-malloc.o)
                0x1000b824                free
 .text._malloc_r
                0x1000b838      0x5cc C:/Users/quila/.pico-sdk/toolchain/14_2_Rel1/bin/../lib/gcc/arm-none-eabi/14.2.1/thumb/v6-m/nofp\libg.a(libc_a-mallocr.o)
                0x1000b838                _malloc_r
 .text.__malloc_lock
                0x1000be04       0x10 C:/Users/quila/.pico-sdk/toolchain/14_2_Rel1/bin/../lib/gcc/arm-none-eabi/14.2.1/thumb/v6-m/nofp\libg.a(libc_a-mlock.o)
                0x1000be04                __malloc_lock
 .text.__malloc_unlock
                0x1000be14       0x10 C:/Users/quila/.pico-sdk/toolchain/14_2_Rel1/bin/../lib/gcc/arm-none-eabi/14.2.1/thumb/v6-m/nofp\libg.a(libc_a-mlock.o)
                0x1000be14                __malloc_unlock
 .text.srand    0x1000be24       0x14 C:/Users/quila/.pico-sdk/toolchain/14_2_Rel1/bin/../lib/gcc/arm-none-eabi/14.2.1/thumb/v6-m/nofp\libg.a(libc_a-rand.o)
                0x1000be24                srand
 .text.memmove  0x1000be38       0xc4 C:/Users/quila/.pico-sdk/toolchain/14_2_Rel1/bin/../lib/gcc/arm-none-eabi/14.2.1/thumb/v6-m/nofp\libg.a(libc_a-memmove.o)
                0x1000be38                memmove
 .text.strncmp  0x1000befc       0x68 C:/Users/quila/.pico-sdk/toolchain/14_2_Rel1/bin/../lib/gcc/arm-none-eabi/14.2.1/thumb/v6-m/nofp\libg.a(libc_a-strncmp.o)
                0x1000befc                strncmp
 .text.time     0x1000bf64       0x38 C:/Users/quila/.pico-sdk/toolchain/14_2_Rel1/bin/../lib/gcc/arm-none-eabi/14.2.1/thumb/v6-m/nofp\libg.a(libc_a-time.o)
                0x1000bf64                time
 .text._gettimeofday_r
                0x1000bf9c       0x28 C:/Users/quila/.pico-sdk/toolchain/14_2_Rel1/bin/../lib/gcc/arm-none-eabi/14.2.1/thumb/v6-m/nofp\libg.a(libc_a-gettimeofdayr.o)
                0x1000bf9c                _gettimeofday_r
 .text._sbrk_r  0x1000bfc4       0x24 C:/Users/quila/.pico-sdk/toolchain/14_2_Rel1/bin/../lib/gcc/arm-none-eabi/14.2.1/thumb/v6-m/nofp\libg.a(libc_a-sbrkr.o)
                0x1000bfc4                _sbrk_r
 .text.__errno  0x1000bfe8        0xc C:/Users/quila/.pico-sdk/toolchain/14_2_Rel1/bin/../lib/gcc/arm-none-eabi/14.2.1/thumb/v6-m/nofp\libg.a(libc_a-errno.o)
                0x1000bfe8                __errno
 .text.__retarget_lock_acquire_recursive
                0x1000bff4        0x4 C:/Users/quila/.pico-sdk/toolchain/14_2_Rel1/bin/../lib/gcc/arm-none-eabi/14.2.1/thumb/v6-m/nofp\libg.a(libc_a-lock.o)
                0x1000bff4                __retarget_lock_acquire_recursive
 .text.__retarget_lock_release_recursive
                0x1000bff8        0x4 C:/Users/quila/.pico-sdk/toolchain/14_2_Rel1/bin/../lib/gcc/arm-none-eabi/14.2.1/thumb/v6-m/nofp\libg.a(libc_a-lock.o)
                0x1000bff8                __retarget_lock_release_recursive
 .text.sysconf  0x1000bffc       0x1c C:/Users/quila/.pico-sdk/toolchain/14_2_Rel1/bin/../lib/gcc/arm-none-eabi/14.2.1/thumb/v6-m/nofp\libg.a(libc_a-sysconf.o)
                0x1000bffc                sysconf
 .text.strlen   0x1000c018       0x5c C:/Users/quila/.pico-sdk/toolchain/14_2_Rel1/bin/../lib/gcc/arm-none-eabi/14.2.1/thumb/v6-m/nofp\libg.a(libc_a-strlen-stub.o)
                0x1000c018                strlen
 .text._malloc_trim_r
                0x1000c074       0xb4 C:/Users/quila/.pico-sdk/toolchain/14_2_Rel1/bin/../lib/gcc/arm-none-eabi/14.2.1/thumb/v6-m/nofp\libg.a(libc_a-freer.o)
                0x1000c074                _malloc_trim_r
 .text._free_r  0x1000c128      0x1f0 C:/Users/quila/.pico-sdk/toolchain/14_2_Rel1/bin/../lib/gcc/arm-none-eabi/14.2.1/thumb/v6-m/nofp\libg.a(libc_a-freer.o)
                0x1000c128                _free_r
 *(.fini)
 .fini          0x1000c318        0x4 C:/Users/quila/.pico-sdk/toolchain/14_2_Rel1/bin/../lib/gcc/arm-none-eabi/14.2.1/thumb/v6-m/nofp/crti.o
                0x1000c318                _fini
 *fill*         0x1000c31c        0x4 
 .fini.__stub   0x1000c320      0x120 linker stubs
 *crtbegin.o(.ctors)
 *crtbegin?.o(.ctors)
 *(EXCLUDE_FILE(*crtend.o *crtend?.o) .ctors)
 *(SORT_BY_NAME(.ctors.*))
 *(.ctors)
 *crtbegin.o(.dtors)
 *crtbegin?.o(.dtors)
 *(EXCLUDE_FILE(*crtend.o *crtend?.o) .dtors)
 *(SORT_BY_NAME(.dtors.*))
 *(.dtors)
                0x1000c440                        . = ALIGN (0x4)
                0x1000c440                        PROVIDE (__preinit_array_start = .)
 *(SORT_BY_NAME(.preinit_array.*))
 .preinit_array.00100
                0x1000c440        0x4 CMakeFiles/Pico_W.dir/C_/Users/quila/.pico-sdk/sdk/2.1.0/src/rp2_common/pico_runtime_init/runtime_init.c.obj
                0x1000c440                __pre_init_runtime_init_early_resets
 .preinit_array.00101
                0x1000c444        0x4 CMakeFiles/Pico_W.dir/C_/Users/quila/.pico-sdk/sdk/2.1.0/src/rp2_common/pico_runtime_init/runtime_init.c.obj
                0x1000c444                __pre_init_runtime_init_usb_power_down
 .preinit_array.00275
                0x1000c448        0x4 CMakeFiles/Pico_W.dir/C_/Users/quila/.pico-sdk/sdk/2.1.0/src/rp2_common/pico_bit_ops/bit_ops_aeabi.S.obj
 .preinit_array.00300
                0x1000c44c        0x4 CMakeFiles/Pico_W.dir/C_/Users/quila/.pico-sdk/sdk/2.1.0/src/rp2_common/pico_mem_ops/mem_ops_aeabi.S.obj
 .preinit_array.00350
                0x1000c450        0x4 CMakeFiles/Pico_W.dir/C_/Users/quila/.pico-sdk/sdk/2.1.0/src/rp2_common/pico_double/double_aeabi_rp2040.S.obj
 .preinit_array.00350
                0x1000c454        0x4 CMakeFiles/Pico_W.dir/C_/Users/quila/.pico-sdk/sdk/2.1.0/src/rp2_common/pico_float/float_aeabi_rp2040.S.obj
 .preinit_array.00500
                0x1000c458        0x4 CMakeFiles/Pico_W.dir/C_/Users/quila/.pico-sdk/sdk/2.1.0/src/rp2_common/pico_runtime_init/runtime_init.c.obj
                0x1000c458                __pre_init_runtime_init_clocks
 .preinit_array.00600
                0x1000c45c        0x4 CMakeFiles/Pico_W.dir/C_/Users/quila/.pico-sdk/sdk/2.1.0/src/rp2_common/pico_runtime_init/runtime_init.c.obj
                0x1000c45c                __pre_init_runtime_init_post_clock_resets
 .preinit_array.00700
                0x1000c460        0x4 CMakeFiles/Pico_W.dir/C_/Users/quila/.pico-sdk/sdk/2.1.0/src/rp2_common/pico_runtime_init/runtime_init.c.obj
                0x1000c460                __pre_init_runtime_init_rp2040_gpio_ie_disable
 .preinit_array.01000
                0x1000c464        0x4 CMakeFiles/Pico_W.dir/C_/Users/quila/.pico-sdk/sdk/2.1.0/src/rp2_common/pico_runtime_init/runtime_init.c.obj
                0x1000c464                __pre_init_runtime_init_spin_locks_reset
 .preinit_array.01100
                0x1000c468        0x4 CMakeFiles/Pico_W.dir/C_/Users/quila/.pico-sdk/sdk/2.1.0/src/common/pico_sync/mutex.c.obj
                0x1000c468                __pre_init_runtime_init_mutex
 .preinit_array.10080
                0x1000c46c        0x4 CMakeFiles/Pico_W.dir/C_/Users/quila/.pico-sdk/sdk/2.1.0/src/rp2_common/pico_runtime_init/runtime_init.c.obj
                0x1000c46c                __pre_init_runtime_init_install_ram_vector_table
 .preinit_array.11000
                0x1000c470        0x4 CMakeFiles/Pico_W.dir/C_/Users/quila/.pico-sdk/sdk/2.1.0/src/common/pico_time/time.c.obj
                0x1000c470                __pre_init_runtime_init_default_alarm_pool
 .preinit_array.YYYYY
                0x1000c474        0x4 CMakeFiles/Pico_W.dir/C_/Users/quila/.pico-sdk/sdk/2.1.0/src/rp2_common/pico_runtime/runtime.c.obj
                0x1000c474                __pre_init_first_per_core_initializer
 .preinit_array.ZZZZZ.01200
                0x1000c478        0x4 CMakeFiles/Pico_W.dir/C_/Users/quila/.pico-sdk/sdk/2.1.0/src/rp2_common/hardware_irq/irq.c.obj
                0x1000c478                __pre_init_runtime_init_per_core_irq_priorities
 *(.preinit_array)
                0x1000c47c                        PROVIDE (__preinit_array_end = .)
                0x1000c47c                        . = ALIGN (0x4)